Running corridor scenario with controller: gatekeeper
Initializing Gatekeeper controller.
Starting corridor ball-passing scenario simulation with GATEKEEPER...
Nominal horizon: 6s
Backup horizon: 6s
Event offset: 0.5s
Unsafe region shape: (1, 7)
unsafe_region: [[-4.95  1.5   1.    1.    0.    0.    0.  ]]
candidate_x_traj shape: (241, 4)
candidate_x_traj: [[5.00000000e+00 1.50000000e+00 0.00000000e+00 5.00000000e-01]
 [5.02500000e+00 1.50000000e+00 0.00000000e+00 5.00000000e-01]
 [5.05000000e+00 1.50000000e+00 0.00000000e+00 5.00000000e-01]
 [5.07500000e+00 1.50000000e+00 0.00000000e+00 5.00000000e-01]
 [5.10000000e+00 1.50000000e+00 0.00000000e+00 5.00000000e-01]
 [5.12500000e+00 1.50000000e+00 0.00000000e+00 5.00000000e-01]
 [5.15000000e+00 1.50000000e+00 0.00000000e+00 5.00000000e-01]
 [5.17500000e+00 1.50000000e+00 0.00000000e+00 5.00000000e-01]
 [5.20000000e+00 1.50000000e+00 0.00000000e+00 5.00000000e-01]
 [5.22500000e+00 1.50000000e+00 0.00000000e+00 5.00000000e-01]
 [5.25000000e+00 1.50000000e+00 0.00000000e+00 5.00000000e-01]
 [5.27500000e+00 1.50000000e+00 0.00000000e+00 5.00000000e-01]
 [5.30000000e+00 1.50000000e+00 0.00000000e+00 5.00000000e-01]
 [5.32500000e+00 1.50000000e+00 0.00000000e+00 5.00000000e-01]
 [5.35000000e+00 1.50000000e+00 0.00000000e+00 5.00000000e-01]
 [5.37500000e+00 1.50000000e+00 0.00000000e+00 5.00000000e-01]
 [5.40000000e+00 1.50000000e+00 0.00000000e+00 5.00000000e-01]
 [5.42500000e+00 1.50000000e+00 0.00000000e+00 5.00000000e-01]
 [5.45000000e+00 1.50000000e+00 0.00000000e+00 5.00000000e-01]
 [5.47500000e+00 1.50000000e+00 0.00000000e+00 5.00000000e-01]
 [5.50000000e+00 1.50000000e+00 0.00000000e+00 5.00000000e-01]
 [5.52500000e+00 1.50000000e+00 0.00000000e+00 5.00000000e-01]
 [5.55000000e+00 1.50000000e+00 0.00000000e+00 5.00000000e-01]
 [5.57500000e+00 1.50000000e+00 0.00000000e+00 5.00000000e-01]
 [5.60000000e+00 1.50000000e+00 0.00000000e+00 5.00000000e-01]
 [5.62500000e+00 1.50000000e+00 0.00000000e+00 5.00000000e-01]
 [5.65000000e+00 1.50000000e+00 0.00000000e+00 5.00000000e-01]
 [5.67500000e+00 1.50000000e+00 0.00000000e+00 5.00000000e-01]
 [5.70000000e+00 1.50000000e+00 0.00000000e+00 5.00000000e-01]
 [5.72500000e+00 1.50000000e+00 0.00000000e+00 5.00000000e-01]
 [5.75000000e+00 1.50000000e+00 0.00000000e+00 5.00000000e-01]
 [5.77500000e+00 1.50000000e+00 0.00000000e+00 5.00000000e-01]
 [5.80000000e+00 1.50000000e+00 0.00000000e+00 5.00000000e-01]
 [5.82500000e+00 1.50000000e+00 0.00000000e+00 5.00000000e-01]
 [5.85000000e+00 1.50000000e+00 0.00000000e+00 5.00000000e-01]
 [5.87500000e+00 1.50000000e+00 0.00000000e+00 5.00000000e-01]
 [5.90000000e+00 1.50000000e+00 0.00000000e+00 5.00000000e-01]
 [5.92500000e+00 1.50000000e+00 0.00000000e+00 5.00000000e-01]
 [5.95000000e+00 1.50000000e+00 0.00000000e+00 5.00000000e-01]
 [5.97500000e+00 1.50000000e+00 0.00000000e+00 5.00000000e-01]
 [6.00000000e+00 1.50000000e+00 0.00000000e+00 5.00000000e-01]
 [6.02500000e+00 1.50000000e+00 0.00000000e+00 5.00000000e-01]
 [6.05000000e+00 1.50000000e+00 0.00000000e+00 5.00000000e-01]
 [6.07500000e+00 1.50000000e+00 0.00000000e+00 5.00000000e-01]
 [6.10000000e+00 1.50000000e+00 0.00000000e+00 5.00000000e-01]
 [6.12500000e+00 1.50000000e+00 0.00000000e+00 5.00000000e-01]
 [6.15000000e+00 1.50000000e+00 0.00000000e+00 5.00000000e-01]
 [6.17500000e+00 1.50000000e+00 0.00000000e+00 5.00000000e-01]
 [6.20000000e+00 1.50000000e+00 0.00000000e+00 5.00000000e-01]
 [6.22500000e+00 1.50000000e+00 0.00000000e+00 5.00000000e-01]
 [6.25000000e+00 1.50000000e+00 0.00000000e+00 5.00000000e-01]
 [6.27500000e+00 1.50000000e+00 0.00000000e+00 5.00000000e-01]
 [6.30000000e+00 1.50000000e+00 0.00000000e+00 5.00000000e-01]
 [6.32500000e+00 1.50000000e+00 0.00000000e+00 5.00000000e-01]
 [6.35000000e+00 1.50000000e+00 0.00000000e+00 5.00000000e-01]
 [6.37500000e+00 1.50000000e+00 0.00000000e+00 5.00000000e-01]
 [6.40000000e+00 1.50000000e+00 0.00000000e+00 5.00000000e-01]
 [6.42500000e+00 1.50000000e+00 0.00000000e+00 5.00000000e-01]
 [6.45000000e+00 1.50000000e+00 0.00000000e+00 5.00000000e-01]
 [6.47500000e+00 1.50000000e+00 0.00000000e+00 5.00000000e-01]
 [6.50000000e+00 1.50000000e+00 0.00000000e+00 5.00000000e-01]
 [6.52500000e+00 1.50000000e+00 0.00000000e+00 5.00000000e-01]
 [6.55000000e+00 1.50000000e+00 0.00000000e+00 5.00000000e-01]
 [6.57500000e+00 1.50000000e+00 0.00000000e+00 5.00000000e-01]
 [6.60000000e+00 1.50000000e+00 0.00000000e+00 5.00000000e-01]
 [6.62500000e+00 1.50000000e+00 0.00000000e+00 5.00000000e-01]
 [6.65000000e+00 1.50000000e+00 0.00000000e+00 5.00000000e-01]
 [6.67500000e+00 1.50000000e+00 0.00000000e+00 5.00000000e-01]
 [6.70000000e+00 1.50000000e+00 0.00000000e+00 5.00000000e-01]
 [6.72500000e+00 1.50000000e+00 0.00000000e+00 5.00000000e-01]
 [6.75000000e+00 1.50000000e+00 0.00000000e+00 5.00000000e-01]
 [6.77500000e+00 1.50000000e+00 0.00000000e+00 5.00000000e-01]
 [6.80000000e+00 1.50000000e+00 0.00000000e+00 5.00000000e-01]
 [6.82500000e+00 1.50000000e+00 0.00000000e+00 5.00000000e-01]
 [6.85000000e+00 1.50000000e+00 0.00000000e+00 5.00000000e-01]
 [6.87500000e+00 1.50000000e+00 0.00000000e+00 5.00000000e-01]
 [6.90000000e+00 1.50000000e+00 0.00000000e+00 5.00000000e-01]
 [6.92500000e+00 1.50000000e+00 0.00000000e+00 5.00000000e-01]
 [6.95000000e+00 1.50000000e+00 0.00000000e+00 5.00000000e-01]
 [6.97500000e+00 1.50000000e+00 0.00000000e+00 5.00000000e-01]
 [7.00000000e+00 1.50000000e+00 0.00000000e+00 5.00000000e-01]
 [7.02500000e+00 1.50000000e+00 0.00000000e+00 5.00000000e-01]
 [7.05000000e+00 1.50000000e+00 0.00000000e+00 5.00000000e-01]
 [7.07500000e+00 1.50000000e+00 0.00000000e+00 5.00000000e-01]
 [7.10000000e+00 1.50000000e+00 0.00000000e+00 5.00000000e-01]
 [7.12500000e+00 1.50000000e+00 0.00000000e+00 5.00000000e-01]
 [7.15000000e+00 1.50000000e+00 0.00000000e+00 5.00000000e-01]
 [7.17500000e+00 1.50000000e+00 0.00000000e+00 5.00000000e-01]
 [7.20000000e+00 1.50000000e+00 0.00000000e+00 5.00000000e-01]
 [7.22500000e+00 1.50000000e+00 0.00000000e+00 5.00000000e-01]
 [7.25000000e+00 1.50000000e+00 0.00000000e+00 5.00000000e-01]
 [7.27500000e+00 1.50000000e+00 0.00000000e+00 5.00000000e-01]
 [7.30000000e+00 1.50000000e+00 0.00000000e+00 5.00000000e-01]
 [7.32500000e+00 1.50000000e+00 0.00000000e+00 5.00000000e-01]
 [7.35000000e+00 1.50000000e+00 0.00000000e+00 5.00000000e-01]
 [7.37500000e+00 1.50000000e+00 0.00000000e+00 5.00000000e-01]
 [7.40000000e+00 1.50000000e+00 0.00000000e+00 5.00000000e-01]
 [7.42500000e+00 1.50000000e+00 0.00000000e+00 5.00000000e-01]
 [7.45000000e+00 1.50000000e+00 0.00000000e+00 5.00000000e-01]
 [7.47500000e+00 1.50000000e+00 0.00000000e+00 5.00000000e-01]
 [7.50000000e+00 1.50000000e+00 0.00000000e+00 5.00000000e-01]
 [7.52500000e+00 1.50000000e+00 0.00000000e+00 5.00000000e-01]
 [7.55000000e+00 1.50000000e+00 0.00000000e+00 5.00000000e-01]
 [7.57500000e+00 1.50000000e+00 0.00000000e+00 5.00000000e-01]
 [7.60000000e+00 1.50000000e+00 0.00000000e+00 5.00000000e-01]
 [7.62500000e+00 1.50000000e+00 0.00000000e+00 5.00000000e-01]
 [7.65000000e+00 1.50000000e+00 0.00000000e+00 5.00000000e-01]
 [7.67500000e+00 1.50000000e+00 0.00000000e+00 5.00000000e-01]
 [7.70000000e+00 1.50000000e+00 0.00000000e+00 5.00000000e-01]
 [7.72500000e+00 1.50000000e+00 0.00000000e+00 5.00000000e-01]
 [7.75000000e+00 1.50000000e+00 0.00000000e+00 5.00000000e-01]
 [7.77500000e+00 1.50000000e+00 0.00000000e+00 5.00000000e-01]
 [7.80000000e+00 1.50000000e+00 0.00000000e+00 5.00000000e-01]
 [7.82500000e+00 1.50000000e+00 0.00000000e+00 5.00000000e-01]
 [7.85000000e+00 1.50000000e+00 0.00000000e+00 5.00000000e-01]
 [7.87500000e+00 1.50000000e+00 0.00000000e+00 5.00000000e-01]
 [7.90000000e+00 1.50000000e+00 0.00000000e+00 5.00000000e-01]
 [7.92500000e+00 1.50000000e+00 0.00000000e+00 5.00000000e-01]
 [7.95000000e+00 1.50000000e+00 0.00000000e+00 5.00000000e-01]
 [7.97500000e+00 1.50000000e+00 0.00000000e+00 5.00000000e-01]
 [8.00000000e+00 1.50000000e+00 0.00000000e+00 5.00000000e-01]
 [8.02562500e+00 1.50000000e+00 0.00000000e+00 5.25000000e-01]
 [8.05250000e+00 1.50000000e+00 0.00000000e+00 5.50000000e-01]
 [8.08062500e+00 1.50000000e+00 0.00000000e+00 5.75000000e-01]
 [8.11000000e+00 1.50000000e+00 0.00000000e+00 6.00000000e-01]
 [8.14062500e+00 1.50000000e+00 0.00000000e+00 6.25000000e-01]
 [8.17250000e+00 1.50000000e+00 0.00000000e+00 6.50000000e-01]
 [8.20562500e+00 1.50000000e+00 0.00000000e+00 6.75000000e-01]
 [8.24000000e+00 1.50000000e+00 0.00000000e+00 7.00000000e-01]
 [8.27562500e+00 1.50000000e+00 0.00000000e+00 7.25000000e-01]
 [8.31250000e+00 1.50000000e+00 0.00000000e+00 7.50000000e-01]
 [8.35062500e+00 1.50000000e+00 0.00000000e+00 7.75000000e-01]
 [8.39000000e+00 1.50000000e+00 0.00000000e+00 8.00000000e-01]
 [8.43062500e+00 1.50000000e+00 0.00000000e+00 8.25000000e-01]
 [8.47250000e+00 1.50000000e+00 0.00000000e+00 8.50000000e-01]
 [8.51562500e+00 1.50000000e+00 0.00000000e+00 8.75000000e-01]
 [8.56000000e+00 1.50000000e+00 0.00000000e+00 9.00000000e-01]
 [8.60562500e+00 1.50000000e+00 0.00000000e+00 9.25000000e-01]
 [8.65250000e+00 1.50000000e+00 0.00000000e+00 9.50000000e-01]
 [8.70062500e+00 1.50000000e+00 0.00000000e+00 9.75000000e-01]
 [8.75000000e+00 1.50000000e+00 0.00000000e+00 1.00000000e+00]
 [8.80061740e+00 1.50000000e+00 0.00000000e+00 1.02481320e+00]
 [8.85248895e+00 1.50000000e+00 0.00000000e+00 1.04988570e+00]
 [8.90562538e+00 1.50000000e+00 0.00000000e+00 1.07520717e+00]
 [8.95996920e+00 1.50000000e+00 0.00000000e+00 1.09819854e+00]
 [9.01522314e+00 1.50022674e+00 3.02661005e-02 1.10389929e+00]
 [9.06981225e+00 1.50483190e+00 1.31488058e-01 1.07837342e+00]
 [9.12217157e+00 1.51433170e+00 2.30686638e-01 1.05081008e+00]
 [9.17198063e+00 1.52835913e+00 3.28612598e-01 1.01833324e+00]
 [9.21890025e+00 1.54678376e+00 4.28158872e-01 9.89911627e-01]
 [9.26271419e+00 1.56951354e+00 5.30739736e-01 9.72177879e-01]
 [9.30332034e+00 1.59646884e+00 6.36037986e-01 9.68669600e-01]
 [9.34073076e+00 1.62758252e+00 7.42004940e-01 9.79829354e-01]
 [9.37507167e+00 1.66279989e+00 8.44860439e-01 1.00300467e+00]
 [9.40658343e+00 1.70207875e+00 9.39092844e-01 1.03244802e+00]
 [9.43561607e+00 1.74535120e+00 1.01779353e+00 1.05962872e+00]
 [9.46238103e+00 1.79170723e+00 1.08239571e+00 1.08296322e+00]
 [9.48686775e+00 1.84059425e+00 1.13639804e+00 1.10366321e+00]
 [9.50915306e+00 1.89172211e+00 1.18123503e+00 1.12142800e+00]
 [9.52941641e+00 1.94472949e+00 1.21831496e+00 1.13619094e+00]
 [9.54793980e+00 1.99918388e+00 1.24901993e+00 1.14811944e+00]
 [9.56510785e+00 2.05458163e+00 1.27470579e+00 1.15761494e+00]
 [9.58135201e+00 2.11041746e+00 1.29661623e+00 1.16529249e+00]
 [9.59663953e+00 2.16680408e+00 1.31511061e+00 1.17159626e+00]
 [9.61103684e+00 2.22372432e+00 1.33061759e+00 1.17674813e+00]
 [9.62467330e+00 2.28107722e+00 1.34362305e+00 1.18095247e+00]
 [9.63766530e+00 2.33877408e+00 1.35455446e+00 1.18439423e+00]
 [9.65011386e+00 2.39674420e+00 1.36376746e+00 1.18722617e+00]
 [9.66209771e+00 2.45494314e+00 1.37152415e+00 1.18954573e+00]
 [9.67368490e+00 2.51333145e+00 1.37805223e+00 1.19143935e+00]
 [9.68493627e+00 2.57187395e+00 1.38355303e+00 1.19298580e+00]
 [9.69590741e+00 2.63053720e+00 1.38820561e+00 1.19426330e+00]
 [9.70666321e+00 2.68927000e+00 1.39219720e+00 1.19540560e+00]
 [9.71722844e+00 2.74807191e+00 1.39561120e+00 1.19640706e+00]
 [9.72761755e+00 2.80695242e+00 1.39850438e+00 1.19723473e+00]
 [9.73784611e+00 2.86591538e+00 1.40093366e+00 1.19787181e+00]
 [9.74793072e+00 2.92495903e+00 1.40295612e+00 1.19831770e+00]
 [9.75788905e+00 2.98407600e+00 1.40462897e+00 1.19858797e+00]
 [9.76773985e+00 3.04325330e+00 1.40600957e+00 1.19871436e+00]
 [9.77750292e+00 3.10247232e+00 1.40715542e+00 1.19874481e+00]
 [9.78719912e+00 3.16170885e+00 1.40812419e+00 1.19874340e+00]
 [9.79685040e+00 3.22093307e+00 1.40897367e+00 1.19879043e+00]
 [9.80650153e+00 3.28027047e+00 1.40977970e+00 1.20929601e+00]
 [9.81606850e+00 3.33928777e+00 1.41035176e+00 1.15359785e+00]
 [9.82431893e+00 3.39024418e+00 1.41035695e+00 8.97597439e-01]
 [9.83066333e+00 3.42944817e+00 1.41035695e+00 6.99027253e-01]
 [9.83560273e+00 3.45997031e+00 1.41035695e+00 5.44431147e-01]
 [9.83945976e+00 3.48380406e+00 1.41035695e+00 4.23711999e-01]
 [9.84246241e+00 3.50235839e+00 1.41035695e+00 3.29733426e-01]
 [9.84478513e+00 3.51671118e+00 1.41035695e+00 2.57035792e-01]
 [9.84658905e+00 3.52785822e+00 1.41035695e+00 2.00575523e-01]
 [9.84800830e+00 3.53662817e+00 1.41035695e+00 1.56155290e-01]
 [9.84911466e+00 3.54346471e+00 1.41035695e+00 1.21527879e-01]
 [9.84997148e+00 3.54875926e+00 1.41035695e+00 9.47106996e-02]
 [9.85063703e+00 3.55287194e+00 1.41035695e+00 7.38797896e-02]
 [9.85115986e+00 3.55610265e+00 1.41035695e+00 5.75160700e-02]
 [9.85156738e+00 3.55862083e+00 1.41035695e+00 4.47613356e-02]
 [9.85188296e+00 3.56057089e+00 1.41035695e+00 3.48842119e-02]
 [9.85212807e+00 3.56208550e+00 1.41035695e+00 2.72126509e-02]
 [9.85232063e+00 3.56327543e+00 1.41035695e+00 2.11855995e-02]
 [9.85247075e+00 3.56420303e+00 1.41035695e+00 1.64872575e-02]
 [9.85258699e+00 3.56492134e+00 1.41035695e+00 1.28489522e-02]
 [9.85267727e+00 3.56547917e+00 1.41035695e+00 1.00235092e-02]
 [9.85274819e+00 3.56591744e+00 1.41035695e+00 7.80366506e-03]
 [9.85280349e+00 3.56625916e+00 1.41035695e+00 6.07283264e-03]
 [9.85284631e+00 3.56652377e+00 1.41035695e+00 4.73258390e-03]
 [9.85287956e+00 3.56672919e+00 1.41035695e+00 3.69213210e-03]
 [9.85290568e+00 3.56689059e+00 1.41035695e+00 2.87460166e-03]
 [9.85292605e+00 3.56701651e+00 1.41035695e+00 2.23682674e-03]
 [9.85294183e+00 3.56711400e+00 1.41035695e+00 1.74304170e-03]
 [9.85295407e+00 3.56718962e+00 1.41035695e+00 1.36003795e-03]
 [9.85296368e+00 3.56724904e+00 1.41035695e+00 1.05905869e-03]
 [9.85297120e+00 3.56729546e+00 1.41035695e+00 8.23906630e-04]
 [9.85297701e+00 3.56733140e+00 1.41035695e+00 6.41881122e-04]
 [9.85298151e+00 3.56735922e+00 1.41035695e+00 5.00987062e-04]
 [9.85298505e+00 3.56738106e+00 1.41035695e+00 3.90358590e-04]
 [9.85298782e+00 3.56739820e+00 1.41035695e+00 3.03535939e-04]
 [9.85298997e+00 3.56741148e+00 1.41035695e+00 2.36286621e-04]
 [9.85299163e+00 3.56742171e+00 1.41035695e+00 1.84454917e-04]
 [9.85299292e+00 3.56742969e+00 1.41035695e+00 1.44060134e-04]
 [9.85299394e+00 3.56743602e+00 1.41035695e+00 1.12000698e-04]
 [9.85299474e+00 3.56744096e+00 1.41035695e+00 8.69805986e-05]
 [9.85299536e+00 3.56744475e+00 1.41035695e+00 6.77563332e-05]
 [9.85299583e+00 3.56744766e+00 1.41035695e+00 5.30517031e-05]
 [9.85299619e+00 3.56744992e+00 1.41035695e+00 4.15583627e-05]
 [9.85299649e+00 3.56745176e+00 1.41035695e+00 3.22589631e-05]
 [9.85299672e+00 3.56745321e+00 1.41035695e+00 2.49363164e-05]
 [9.85299690e+00 3.56745431e+00 1.41035695e+00 1.93393875e-05]
 [9.85299704e+00 3.56745514e+00 1.41035695e+00 1.51580217e-05]
 [9.85299714e+00 3.56745576e+00 1.41035695e+00 1.20240433e-05]
 [9.85299722e+00 3.56745625e+00 1.41035695e+00 9.51125535e-06]
 [9.85299729e+00 3.56745668e+00 1.41035695e+00 7.33977120e-06]
 [9.85299734e+00 3.56745703e+00 1.41035695e+00 5.58208792e-06]
 [9.85299739e+00 3.56745729e+00 1.41035695e+00 4.24095158e-06]
 [9.85299742e+00 3.56745748e+00 1.41035695e+00 3.28398267e-06]
 [9.85299744e+00 3.56745761e+00 1.41035695e+00 2.64389541e-06]
 [9.85299745e+00 3.56745769e+00 1.41035695e+00 2.21849782e-06]
 [9.85299746e+00 3.56745776e+00 1.41035695e+00 1.87069165e-06]
 [9.85299747e+00 3.56745784e+00 1.41035695e+00 1.47714180e-06]
 [9.85299748e+00 3.56745790e+00 1.41035695e+00 1.15037310e-06]
 [9.85299749e+00 3.56745795e+00 1.41035695e+00 8.96013445e-07]]
Unsafe region shape: (1, 7)
unsafe_region: [[-4.4  1.5  1.   1.   0.   0.   0. ]]
candidate_x_traj shape: (241, 4)
candidate_x_traj: [[5.27500000e+00 1.50000000e+00 0.00000000e+00 5.00000000e-01]
 [5.30000000e+00 1.50000000e+00 0.00000000e+00 5.00000000e-01]
 [5.32500000e+00 1.50000000e+00 0.00000000e+00 5.00000000e-01]
 [5.35000000e+00 1.50000000e+00 0.00000000e+00 5.00000000e-01]
 [5.37500000e+00 1.50000000e+00 0.00000000e+00 5.00000000e-01]
 [5.40000000e+00 1.50000000e+00 0.00000000e+00 5.00000000e-01]
 [5.42500000e+00 1.50000000e+00 0.00000000e+00 5.00000000e-01]
 [5.45000000e+00 1.50000000e+00 0.00000000e+00 5.00000000e-01]
 [5.47500000e+00 1.50000000e+00 0.00000000e+00 5.00000000e-01]
 [5.50000000e+00 1.50000000e+00 0.00000000e+00 5.00000000e-01]
 [5.52500000e+00 1.50000000e+00 0.00000000e+00 5.00000000e-01]
 [5.55000000e+00 1.50000000e+00 0.00000000e+00 5.00000000e-01]
 [5.57500000e+00 1.50000000e+00 0.00000000e+00 5.00000000e-01]
 [5.60000000e+00 1.50000000e+00 0.00000000e+00 5.00000000e-01]
 [5.62500000e+00 1.50000000e+00 0.00000000e+00 5.00000000e-01]
 [5.65000000e+00 1.50000000e+00 0.00000000e+00 5.00000000e-01]
 [5.67500000e+00 1.50000000e+00 0.00000000e+00 5.00000000e-01]
 [5.70000000e+00 1.50000000e+00 0.00000000e+00 5.00000000e-01]
 [5.72500000e+00 1.50000000e+00 0.00000000e+00 5.00000000e-01]
 [5.75000000e+00 1.50000000e+00 0.00000000e+00 5.00000000e-01]
 [5.77500000e+00 1.50000000e+00 0.00000000e+00 5.00000000e-01]
 [5.80000000e+00 1.50000000e+00 0.00000000e+00 5.00000000e-01]
 [5.82500000e+00 1.50000000e+00 0.00000000e+00 5.00000000e-01]
 [5.85000000e+00 1.50000000e+00 0.00000000e+00 5.00000000e-01]
 [5.87500000e+00 1.50000000e+00 0.00000000e+00 5.00000000e-01]
 [5.90000000e+00 1.50000000e+00 0.00000000e+00 5.00000000e-01]
 [5.92500000e+00 1.50000000e+00 0.00000000e+00 5.00000000e-01]
 [5.95000000e+00 1.50000000e+00 0.00000000e+00 5.00000000e-01]
 [5.97500000e+00 1.50000000e+00 0.00000000e+00 5.00000000e-01]
 [6.00000000e+00 1.50000000e+00 0.00000000e+00 5.00000000e-01]
 [6.02500000e+00 1.50000000e+00 0.00000000e+00 5.00000000e-01]
 [6.05000000e+00 1.50000000e+00 0.00000000e+00 5.00000000e-01]
 [6.07500000e+00 1.50000000e+00 0.00000000e+00 5.00000000e-01]
 [6.10000000e+00 1.50000000e+00 0.00000000e+00 5.00000000e-01]
 [6.12500000e+00 1.50000000e+00 0.00000000e+00 5.00000000e-01]
 [6.15000000e+00 1.50000000e+00 0.00000000e+00 5.00000000e-01]
 [6.17500000e+00 1.50000000e+00 0.00000000e+00 5.00000000e-01]
 [6.20000000e+00 1.50000000e+00 0.00000000e+00 5.00000000e-01]
 [6.22500000e+00 1.50000000e+00 0.00000000e+00 5.00000000e-01]
 [6.25000000e+00 1.50000000e+00 0.00000000e+00 5.00000000e-01]
 [6.27500000e+00 1.50000000e+00 0.00000000e+00 5.00000000e-01]
 [6.30000000e+00 1.50000000e+00 0.00000000e+00 5.00000000e-01]
 [6.32500000e+00 1.50000000e+00 0.00000000e+00 5.00000000e-01]
 [6.35000000e+00 1.50000000e+00 0.00000000e+00 5.00000000e-01]
 [6.37500000e+00 1.50000000e+00 0.00000000e+00 5.00000000e-01]
 [6.40000000e+00 1.50000000e+00 0.00000000e+00 5.00000000e-01]
 [6.42500000e+00 1.50000000e+00 0.00000000e+00 5.00000000e-01]
 [6.45000000e+00 1.50000000e+00 0.00000000e+00 5.00000000e-01]
 [6.47500000e+00 1.50000000e+00 0.00000000e+00 5.00000000e-01]
 [6.50000000e+00 1.50000000e+00 0.00000000e+00 5.00000000e-01]
 [6.52500000e+00 1.50000000e+00 0.00000000e+00 5.00000000e-01]
 [6.55000000e+00 1.50000000e+00 0.00000000e+00 5.00000000e-01]
 [6.57500000e+00 1.50000000e+00 0.00000000e+00 5.00000000e-01]
 [6.60000000e+00 1.50000000e+00 0.00000000e+00 5.00000000e-01]
 [6.62500000e+00 1.50000000e+00 0.00000000e+00 5.00000000e-01]
 [6.65000000e+00 1.50000000e+00 0.00000000e+00 5.00000000e-01]
 [6.67500000e+00 1.50000000e+00 0.00000000e+00 5.00000000e-01]
 [6.70000000e+00 1.50000000e+00 0.00000000e+00 5.00000000e-01]
 [6.72500000e+00 1.50000000e+00 0.00000000e+00 5.00000000e-01]
 [6.75000000e+00 1.50000000e+00 0.00000000e+00 5.00000000e-01]
 [6.77500000e+00 1.50000000e+00 0.00000000e+00 5.00000000e-01]
 [6.80000000e+00 1.50000000e+00 0.00000000e+00 5.00000000e-01]
 [6.82500000e+00 1.50000000e+00 0.00000000e+00 5.00000000e-01]
 [6.85000000e+00 1.50000000e+00 0.00000000e+00 5.00000000e-01]
 [6.87500000e+00 1.50000000e+00 0.00000000e+00 5.00000000e-01]
 [6.90000000e+00 1.50000000e+00 0.00000000e+00 5.00000000e-01]
 [6.92500000e+00 1.50000000e+00 0.00000000e+00 5.00000000e-01]
 [6.95000000e+00 1.50000000e+00 0.00000000e+00 5.00000000e-01]
 [6.97500000e+00 1.50000000e+00 0.00000000e+00 5.00000000e-01]
 [7.00000000e+00 1.50000000e+00 0.00000000e+00 5.00000000e-01]
 [7.02500000e+00 1.50000000e+00 0.00000000e+00 5.00000000e-01]
 [7.05000000e+00 1.50000000e+00 0.00000000e+00 5.00000000e-01]
 [7.07500000e+00 1.50000000e+00 0.00000000e+00 5.00000000e-01]
 [7.10000000e+00 1.50000000e+00 0.00000000e+00 5.00000000e-01]
 [7.12500000e+00 1.50000000e+00 0.00000000e+00 5.00000000e-01]
 [7.15000000e+00 1.50000000e+00 0.00000000e+00 5.00000000e-01]
 [7.17500000e+00 1.50000000e+00 0.00000000e+00 5.00000000e-01]
 [7.20000000e+00 1.50000000e+00 0.00000000e+00 5.00000000e-01]
 [7.22500000e+00 1.50000000e+00 0.00000000e+00 5.00000000e-01]
 [7.25000000e+00 1.50000000e+00 0.00000000e+00 5.00000000e-01]
 [7.27500000e+00 1.50000000e+00 0.00000000e+00 5.00000000e-01]
 [7.30000000e+00 1.50000000e+00 0.00000000e+00 5.00000000e-01]
 [7.32500000e+00 1.50000000e+00 0.00000000e+00 5.00000000e-01]
 [7.35000000e+00 1.50000000e+00 0.00000000e+00 5.00000000e-01]
 [7.37500000e+00 1.50000000e+00 0.00000000e+00 5.00000000e-01]
 [7.40000000e+00 1.50000000e+00 0.00000000e+00 5.00000000e-01]
 [7.42500000e+00 1.50000000e+00 0.00000000e+00 5.00000000e-01]
 [7.45000000e+00 1.50000000e+00 0.00000000e+00 5.00000000e-01]
 [7.47500000e+00 1.50000000e+00 0.00000000e+00 5.00000000e-01]
 [7.50000000e+00 1.50000000e+00 0.00000000e+00 5.00000000e-01]
 [7.52500000e+00 1.50000000e+00 0.00000000e+00 5.00000000e-01]
 [7.55000000e+00 1.50000000e+00 0.00000000e+00 5.00000000e-01]
 [7.57500000e+00 1.50000000e+00 0.00000000e+00 5.00000000e-01]
 [7.60000000e+00 1.50000000e+00 0.00000000e+00 5.00000000e-01]
 [7.62500000e+00 1.50000000e+00 0.00000000e+00 5.00000000e-01]
 [7.65000000e+00 1.50000000e+00 0.00000000e+00 5.00000000e-01]
 [7.67500000e+00 1.50000000e+00 0.00000000e+00 5.00000000e-01]
 [7.70000000e+00 1.50000000e+00 0.00000000e+00 5.00000000e-01]
 [7.72500000e+00 1.50000000e+00 0.00000000e+00 5.00000000e-01]
 [7.75000000e+00 1.50000000e+00 0.00000000e+00 5.00000000e-01]
 [7.77500000e+00 1.50000000e+00 0.00000000e+00 5.00000000e-01]
 [7.80000000e+00 1.50000000e+00 0.00000000e+00 5.00000000e-01]
 [7.82500000e+00 1.50000000e+00 0.00000000e+00 5.00000000e-01]
 [7.85000000e+00 1.50000000e+00 0.00000000e+00 5.00000000e-01]
 [7.87500000e+00 1.50000000e+00 0.00000000e+00 5.00000000e-01]
 [7.90000000e+00 1.50000000e+00 0.00000000e+00 5.00000000e-01]
 [7.92500000e+00 1.50000000e+00 0.00000000e+00 5.00000000e-01]
 [7.95000000e+00 1.50000000e+00 0.00000000e+00 5.00000000e-01]
 [7.97500000e+00 1.50000000e+00 0.00000000e+00 5.00000000e-01]
 [8.00000000e+00 1.50000000e+00 0.00000000e+00 5.00000000e-01]
 [8.02500000e+00 1.50000000e+00 0.00000000e+00 5.00000000e-01]
 [8.05000000e+00 1.50000000e+00 0.00000000e+00 5.00000000e-01]
 [8.07500000e+00 1.50000000e+00 0.00000000e+00 5.00000000e-01]
 [8.10000000e+00 1.50000000e+00 0.00000000e+00 5.00000000e-01]
 [8.12500000e+00 1.50000000e+00 0.00000000e+00 5.00000000e-01]
 [8.15000000e+00 1.50000000e+00 0.00000000e+00 5.00000000e-01]
 [8.17500000e+00 1.50000000e+00 0.00000000e+00 5.00000000e-01]
 [8.20000000e+00 1.50000000e+00 0.00000000e+00 5.00000000e-01]
 [8.22500000e+00 1.50000000e+00 0.00000000e+00 5.00000000e-01]
 [8.25000000e+00 1.50000000e+00 0.00000000e+00 5.00000000e-01]
 [8.27500000e+00 1.50000000e+00 0.00000000e+00 5.00000000e-01]
 [8.30062500e+00 1.50000000e+00 0.00000000e+00 5.25000000e-01]
 [8.32750000e+00 1.50000000e+00 0.00000000e+00 5.50000000e-01]
 [8.35562500e+00 1.50000000e+00 0.00000000e+00 5.75000000e-01]
 [8.38500000e+00 1.50000000e+00 0.00000000e+00 6.00000000e-01]
 [8.41562500e+00 1.50000000e+00 0.00000000e+00 6.25000000e-01]
 [8.44750000e+00 1.50000000e+00 0.00000000e+00 6.50000000e-01]
 [8.48062500e+00 1.50000000e+00 0.00000000e+00 6.75000000e-01]
 [8.51500000e+00 1.50000000e+00 0.00000000e+00 7.00000000e-01]
 [8.55062500e+00 1.50000000e+00 0.00000000e+00 7.25000000e-01]
 [8.58750000e+00 1.50000000e+00 0.00000000e+00 7.50000000e-01]
 [8.62562500e+00 1.50000000e+00 0.00000000e+00 7.75000000e-01]
 [8.66500000e+00 1.50000000e+00 0.00000000e+00 8.00000000e-01]
 [8.70562500e+00 1.50000000e+00 0.00000000e+00 8.25000000e-01]
 [8.74750000e+00 1.50000000e+00 0.00000000e+00 8.50000000e-01]
 [8.79062500e+00 1.50000000e+00 0.00000000e+00 8.75000000e-01]
 [8.83500000e+00 1.50000000e+00 0.00000000e+00 9.00000000e-01]
 [8.88062500e+00 1.50000000e+00 0.00000000e+00 9.25000000e-01]
 [8.92750000e+00 1.50000000e+00 0.00000000e+00 9.50000000e-01]
 [8.97562500e+00 1.50000000e+00 0.00000000e+00 9.75000000e-01]
 [9.02468808e+00 1.50067949e+00 5.34916414e-02 9.73254179e-01]
 [9.07276354e+00 1.50592562e+00 1.53386628e-01 9.48306686e-01]
 [9.11854987e+00 1.51529232e+00 2.52742665e-01 9.21509013e-01]
 [9.16185772e+00 1.52850280e+00 3.50306761e-01 8.89141179e-01]
 [9.20239035e+00 1.54540306e+00 4.49227403e-01 8.59929587e-01]
 [9.23998630e+00 1.56591166e+00 5.51251522e-01 8.40978670e-01]
 [9.27460514e+00 1.58996875e+00 6.56131842e-01 8.36200831e-01]
 [9.30632751e+00 1.61753606e+00 7.61626882e-01 8.46316434e-01]
 [9.33535509e+00 1.64859691e+00 8.63500956e-01 8.68853812e-01]
 [9.36201059e+00 1.68315620e+00 9.55524169e-01 8.98149263e-01]
 [9.38673016e+00 1.72121189e+00 1.02980289e+00 9.25613477e-01]
 [9.40971883e+00 1.76195230e+00 1.08936226e+00 9.50765880e-01]
 [9.43104767e+00 1.80503139e+00 1.13905834e+00 9.76030290e-01]
 [9.45087024e+00 1.85041563e+00 1.18020582e+00 1.00123587e+00]
 [9.46936145e+00 1.89795974e+00 1.21410963e+00 1.02616296e+00]
 [9.48671756e+00 1.94740668e+00 1.24206485e+00 1.05054306e+00]
 [9.50315614e+00 1.99838761e+00 1.26535680e+00 1.07405884e+00]
 [9.51890637e+00 2.05044744e+00 1.28522593e+00 1.09624630e+00]
 [9.53401795e+00 2.10357170e+00 1.30211048e+00 1.11527707e+00]
 [9.54854252e+00 2.15774864e+00 1.31626574e+00 1.13089583e+00]
 [9.56256137e+00 2.21284440e+00 1.32807074e+00 1.14353466e+00]
 [9.57613964e+00 2.26871462e+00 1.33789008e+00 1.15366001e+00]
 [9.58932633e+00 2.32520445e+00 1.34607396e+00 1.16177276e+00]
 [9.60215431e+00 2.38214856e+00 1.35295816e+00 1.16840822e+00]
 [9.61464826e+00 2.43938546e+00 1.35884767e+00 1.17409151e+00]
 [9.62688200e+00 2.49689568e+00 1.36386116e+00 1.17889711e+00]
 [9.63889719e+00 2.55467062e+00 1.36809072e+00 1.18284914e+00]
 [9.65072267e+00 2.61268348e+00 1.37163955e+00 1.18603039e+00]
 [9.66238467e+00 2.67090221e+00 1.37460717e+00 1.18854355e+00]
 [9.67390691e+00 2.72928958e+00 1.37708943e+00 1.19051125e+00]
 [9.68531048e+00 2.78780314e+00 1.37917854e+00 1.19207601e+00]
 [9.69661396e+00 2.84639520e+00 1.38096302e+00 1.19340029e+00]
 [9.70783294e+00 2.90503328e+00 1.38250839e+00 1.19459431e+00]
 [9.71897887e+00 2.96373685e+00 1.38382443e+00 1.19558484e+00]
 [9.73006148e+00 3.02249907e+00 1.38494278e+00 1.19639216e+00]
 [9.74108956e+00 3.08131106e+00 1.38589359e+00 1.19704433e+00]
 [9.75207096e+00 3.14016397e+00 1.38670360e+00 1.19757007e+00]
 [9.76301260e+00 3.19904894e+00 1.38739616e+00 1.19799880e+00]
 [9.77396142e+00 3.25818944e+00 1.38800628e+00 1.20816930e+00]
 [9.78502067e+00 3.31813265e+00 1.38854152e+00 1.22023161e+00]
 [9.79543669e+00 3.37464117e+00 1.38878025e+00 1.08219023e+00]
 [9.80425310e+00 3.42247890e+00 1.38876844e+00 8.31074106e-01]
 [9.81090994e+00 3.45864055e+00 1.38876402e+00 6.44340602e-01]
 [9.81607639e+00 3.48670838e+00 1.38876402e+00 5.01643763e-01]
 [9.82008525e+00 3.50848739e+00 1.38876402e+00 3.90919288e-01]
 [9.82320960e+00 3.52546112e+00 1.38876402e+00 3.04624899e-01]
 [9.82565631e+00 3.53875338e+00 1.38876402e+00 2.37047052e-01]
 [9.82755700e+00 3.54907932e+00 1.38876402e+00 1.84549972e-01]
 [9.82902817e+00 3.55707176e+00 1.38876402e+00 1.43916433e-01]
 [9.83017602e+00 3.56330770e+00 1.38876402e+00 1.12212903e-01]
 [9.83107716e+00 3.56820333e+00 1.38876402e+00 8.73235299e-02]
 [9.83177737e+00 3.57200739e+00 1.38876402e+00 6.79837352e-02]
 [9.83231944e+00 3.57495232e+00 1.38876402e+00 5.30116795e-02]
 [9.83274231e+00 3.57724963e+00 1.38876402e+00 4.13321954e-02]
 [9.83307423e+00 3.57905289e+00 1.38876402e+00 3.21644095e-02]
 [9.83333216e+00 3.58045412e+00 1.38876402e+00 2.50405551e-02]
 [9.83353182e+00 3.58153883e+00 1.38876402e+00 1.95258576e-02]
 [9.83368756e+00 3.58238491e+00 1.38876402e+00 1.52244338e-02]
 [9.83380982e+00 3.58304913e+00 1.38876402e+00 1.18475019e-02]
 [9.83390484e+00 3.58356531e+00 1.38876402e+00 9.22324653e-03]
 [9.83397838e+00 3.58396486e+00 1.38876402e+00 7.19195709e-03]
 [9.83403573e+00 3.58427642e+00 1.38876402e+00 5.60797581e-03]
 [9.83408077e+00 3.58452110e+00 1.38876402e+00 4.36401745e-03]
 [9.83411577e+00 3.58471128e+00 1.38876402e+00 3.39716156e-03]
 [9.83414286e+00 3.58485845e+00 1.38876402e+00 2.64895313e-03]
 [9.83416397e+00 3.58497314e+00 1.38876402e+00 2.06587674e-03]
 [9.83418057e+00 3.58506328e+00 1.38876402e+00 1.60758288e-03]
 [9.83419347e+00 3.58513338e+00 1.38876402e+00 1.25121349e-03]
 [9.83420345e+00 3.58518759e+00 1.38876402e+00 9.75592510e-04]
 [9.83421121e+00 3.58522977e+00 1.38876402e+00 7.61169744e-04]
 [9.83421732e+00 3.58526298e+00 1.38876402e+00 5.92319779e-04]
 [9.83422209e+00 3.58528885e+00 1.38876402e+00 4.60809949e-04]
 [9.83422576e+00 3.58530883e+00 1.38876402e+00 3.59203766e-04]
 [9.83422861e+00 3.58532431e+00 1.38876402e+00 2.80490708e-04]
 [9.83423086e+00 3.58533652e+00 1.38876402e+00 2.18429404e-04]
 [9.83423262e+00 3.58534609e+00 1.38876402e+00 1.69760707e-04]
 [9.83423399e+00 3.58535349e+00 1.38876402e+00 1.32147885e-04]
 [9.83423503e+00 3.58535918e+00 1.38876402e+00 1.03243302e-04]
 [9.83423585e+00 3.58536360e+00 1.38876402e+00 8.07359353e-05]
 [9.83423650e+00 3.58536714e+00 1.38876402e+00 6.27510006e-05]
 [9.83423701e+00 3.58536992e+00 1.38876402e+00 4.86510368e-05]
 [9.83423740e+00 3.58537204e+00 1.38876402e+00 3.78340697e-05]
 [9.83423770e+00 3.58537365e+00 1.38876402e+00 2.96381049e-05]
 [9.83423793e+00 3.58537489e+00 1.38876402e+00 2.33442805e-05]
 [9.83423811e+00 3.58537590e+00 1.38876402e+00 1.82193063e-05]
 [9.83423826e+00 3.58537672e+00 1.38876402e+00 1.40456653e-05]
 [9.83423838e+00 3.58537736e+00 1.38876402e+00 1.07961463e-05]
 [9.83423847e+00 3.58537784e+00 1.38876402e+00 8.36991730e-06]
 [9.83423853e+00 3.58537818e+00 1.38876402e+00 6.61800479e-06]
 [9.83423858e+00 3.58537843e+00 1.38876402e+00 5.34329359e-06]
 [9.83423861e+00 3.58537864e+00 1.38876402e+00 4.30052689e-06]
 [9.83423865e+00 3.58537883e+00 1.38876402e+00 3.31189390e-06]
 [9.83423868e+00 3.58537900e+00 1.38876402e+00 2.47250376e-06]
 [9.83423870e+00 3.58537913e+00 1.38876402e+00 1.81696440e-06]
 [9.83423872e+00 3.58537922e+00 1.38876402e+00 1.35416466e-06]
 [9.83423873e+00 3.58537927e+00 1.38876402e+00 1.06981575e-06]
 [9.83423874e+00 3.58537930e+00 1.38876402e+00 9.26451287e-07]
 [9.83423874e+00 3.58537931e+00 1.38876402e+00 8.63427299e-07]
 [9.83423874e+00 3.58537933e+00 1.38876402e+00 7.96922209e-07]
 [9.83423875e+00 3.58537936e+00 1.38876402e+00 6.44316013e-07]
 [9.83423875e+00 3.58537939e+00 1.38876402e+00 5.01795774e-07]]
Unsafe region shape: (1, 7)
unsafe_region: [[-3.85  1.5   1.    1.    0.    0.    0.  ]]
candidate_x_traj shape: (241, 4)
candidate_x_traj: [[5.55000000e+00 1.50000000e+00 0.00000000e+00 5.00000000e-01]
 [5.57500000e+00 1.50000000e+00 0.00000000e+00 5.00000000e-01]
 [5.60000000e+00 1.50000000e+00 0.00000000e+00 5.00000000e-01]
 [5.62500000e+00 1.50000000e+00 0.00000000e+00 5.00000000e-01]
 [5.65000000e+00 1.50000000e+00 0.00000000e+00 5.00000000e-01]
 [5.67500000e+00 1.50000000e+00 0.00000000e+00 5.00000000e-01]
 [5.70000000e+00 1.50000000e+00 0.00000000e+00 5.00000000e-01]
 [5.72500000e+00 1.50000000e+00 0.00000000e+00 5.00000000e-01]
 [5.75000000e+00 1.50000000e+00 0.00000000e+00 5.00000000e-01]
 [5.77500000e+00 1.50000000e+00 0.00000000e+00 5.00000000e-01]
 [5.80000000e+00 1.50000000e+00 0.00000000e+00 5.00000000e-01]
 [5.82500000e+00 1.50000000e+00 0.00000000e+00 5.00000000e-01]
 [5.85000000e+00 1.50000000e+00 0.00000000e+00 5.00000000e-01]
 [5.87500000e+00 1.50000000e+00 0.00000000e+00 5.00000000e-01]
 [5.90000000e+00 1.50000000e+00 0.00000000e+00 5.00000000e-01]
 [5.92500000e+00 1.50000000e+00 0.00000000e+00 5.00000000e-01]
 [5.95000000e+00 1.50000000e+00 0.00000000e+00 5.00000000e-01]
 [5.97500000e+00 1.50000000e+00 0.00000000e+00 5.00000000e-01]
 [6.00000000e+00 1.50000000e+00 0.00000000e+00 5.00000000e-01]
 [6.02500000e+00 1.50000000e+00 0.00000000e+00 5.00000000e-01]
 [6.05000000e+00 1.50000000e+00 0.00000000e+00 5.00000000e-01]
 [6.07500000e+00 1.50000000e+00 0.00000000e+00 5.00000000e-01]
 [6.10000000e+00 1.50000000e+00 0.00000000e+00 5.00000000e-01]
 [6.12500000e+00 1.50000000e+00 0.00000000e+00 5.00000000e-01]
 [6.15000000e+00 1.50000000e+00 0.00000000e+00 5.00000000e-01]
 [6.17500000e+00 1.50000000e+00 0.00000000e+00 5.00000000e-01]
 [6.20000000e+00 1.50000000e+00 0.00000000e+00 5.00000000e-01]
 [6.22500000e+00 1.50000000e+00 0.00000000e+00 5.00000000e-01]
 [6.25000000e+00 1.50000000e+00 0.00000000e+00 5.00000000e-01]
 [6.27500000e+00 1.50000000e+00 0.00000000e+00 5.00000000e-01]
 [6.30000000e+00 1.50000000e+00 0.00000000e+00 5.00000000e-01]
 [6.32500000e+00 1.50000000e+00 0.00000000e+00 5.00000000e-01]
 [6.35000000e+00 1.50000000e+00 0.00000000e+00 5.00000000e-01]
 [6.37500000e+00 1.50000000e+00 0.00000000e+00 5.00000000e-01]
 [6.40000000e+00 1.50000000e+00 0.00000000e+00 5.00000000e-01]
 [6.42500000e+00 1.50000000e+00 0.00000000e+00 5.00000000e-01]
 [6.45000000e+00 1.50000000e+00 0.00000000e+00 5.00000000e-01]
 [6.47500000e+00 1.50000000e+00 0.00000000e+00 5.00000000e-01]
 [6.50000000e+00 1.50000000e+00 0.00000000e+00 5.00000000e-01]
 [6.52500000e+00 1.50000000e+00 0.00000000e+00 5.00000000e-01]
 [6.55000000e+00 1.50000000e+00 0.00000000e+00 5.00000000e-01]
 [6.57500000e+00 1.50000000e+00 0.00000000e+00 5.00000000e-01]
 [6.60000000e+00 1.50000000e+00 0.00000000e+00 5.00000000e-01]
 [6.62500000e+00 1.50000000e+00 0.00000000e+00 5.00000000e-01]
 [6.65000000e+00 1.50000000e+00 0.00000000e+00 5.00000000e-01]
 [6.67500000e+00 1.50000000e+00 0.00000000e+00 5.00000000e-01]
 [6.70000000e+00 1.50000000e+00 0.00000000e+00 5.00000000e-01]
 [6.72500000e+00 1.50000000e+00 0.00000000e+00 5.00000000e-01]
 [6.75000000e+00 1.50000000e+00 0.00000000e+00 5.00000000e-01]
 [6.77500000e+00 1.50000000e+00 0.00000000e+00 5.00000000e-01]
 [6.80000000e+00 1.50000000e+00 0.00000000e+00 5.00000000e-01]
 [6.82500000e+00 1.50000000e+00 0.00000000e+00 5.00000000e-01]
 [6.85000000e+00 1.50000000e+00 0.00000000e+00 5.00000000e-01]
 [6.87500000e+00 1.50000000e+00 0.00000000e+00 5.00000000e-01]
 [6.90000000e+00 1.50000000e+00 0.00000000e+00 5.00000000e-01]
 [6.92500000e+00 1.50000000e+00 0.00000000e+00 5.00000000e-01]
 [6.95000000e+00 1.50000000e+00 0.00000000e+00 5.00000000e-01]
 [6.97500000e+00 1.50000000e+00 0.00000000e+00 5.00000000e-01]
 [7.00000000e+00 1.50000000e+00 0.00000000e+00 5.00000000e-01]
 [7.02500000e+00 1.50000000e+00 0.00000000e+00 5.00000000e-01]
 [7.05000000e+00 1.50000000e+00 0.00000000e+00 5.00000000e-01]
 [7.07500000e+00 1.50000000e+00 0.00000000e+00 5.00000000e-01]
 [7.10000000e+00 1.50000000e+00 0.00000000e+00 5.00000000e-01]
 [7.12500000e+00 1.50000000e+00 0.00000000e+00 5.00000000e-01]
 [7.15000000e+00 1.50000000e+00 0.00000000e+00 5.00000000e-01]
 [7.17500000e+00 1.50000000e+00 0.00000000e+00 5.00000000e-01]
 [7.20000000e+00 1.50000000e+00 0.00000000e+00 5.00000000e-01]
 [7.22500000e+00 1.50000000e+00 0.00000000e+00 5.00000000e-01]
 [7.25000000e+00 1.50000000e+00 0.00000000e+00 5.00000000e-01]
 [7.27500000e+00 1.50000000e+00 0.00000000e+00 5.00000000e-01]
 [7.30000000e+00 1.50000000e+00 0.00000000e+00 5.00000000e-01]
 [7.32500000e+00 1.50000000e+00 0.00000000e+00 5.00000000e-01]
 [7.35000000e+00 1.50000000e+00 0.00000000e+00 5.00000000e-01]
 [7.37500000e+00 1.50000000e+00 0.00000000e+00 5.00000000e-01]
 [7.40000000e+00 1.50000000e+00 0.00000000e+00 5.00000000e-01]
 [7.42500000e+00 1.50000000e+00 0.00000000e+00 5.00000000e-01]
 [7.45000000e+00 1.50000000e+00 0.00000000e+00 5.00000000e-01]
 [7.47500000e+00 1.50000000e+00 0.00000000e+00 5.00000000e-01]
 [7.50000000e+00 1.50000000e+00 0.00000000e+00 5.00000000e-01]
 [7.52500000e+00 1.50000000e+00 0.00000000e+00 5.00000000e-01]
 [7.55000000e+00 1.50000000e+00 0.00000000e+00 5.00000000e-01]
 [7.57500000e+00 1.50000000e+00 0.00000000e+00 5.00000000e-01]
 [7.60000000e+00 1.50000000e+00 0.00000000e+00 5.00000000e-01]
 [7.62500000e+00 1.50000000e+00 0.00000000e+00 5.00000000e-01]
 [7.65000000e+00 1.50000000e+00 0.00000000e+00 5.00000000e-01]
 [7.67500000e+00 1.50000000e+00 0.00000000e+00 5.00000000e-01]
 [7.70000000e+00 1.50000000e+00 0.00000000e+00 5.00000000e-01]
 [7.72500000e+00 1.50000000e+00 0.00000000e+00 5.00000000e-01]
 [7.75000000e+00 1.50000000e+00 0.00000000e+00 5.00000000e-01]
 [7.77500000e+00 1.50000000e+00 0.00000000e+00 5.00000000e-01]
 [7.80000000e+00 1.50000000e+00 0.00000000e+00 5.00000000e-01]
 [7.82500000e+00 1.50000000e+00 0.00000000e+00 5.00000000e-01]
 [7.85000000e+00 1.50000000e+00 0.00000000e+00 5.00000000e-01]
 [7.87500000e+00 1.50000000e+00 0.00000000e+00 5.00000000e-01]
 [7.90000000e+00 1.50000000e+00 0.00000000e+00 5.00000000e-01]
 [7.92500000e+00 1.50000000e+00 0.00000000e+00 5.00000000e-01]
 [7.95000000e+00 1.50000000e+00 0.00000000e+00 5.00000000e-01]
 [7.97500000e+00 1.50000000e+00 0.00000000e+00 5.00000000e-01]
 [8.00000000e+00 1.50000000e+00 0.00000000e+00 5.00000000e-01]
 [8.02500000e+00 1.50000000e+00 0.00000000e+00 5.00000000e-01]
 [8.05000000e+00 1.50000000e+00 0.00000000e+00 5.00000000e-01]
 [8.07500000e+00 1.50000000e+00 0.00000000e+00 5.00000000e-01]
 [8.10000000e+00 1.50000000e+00 0.00000000e+00 5.00000000e-01]
 [8.12500000e+00 1.50000000e+00 0.00000000e+00 5.00000000e-01]
 [8.15000000e+00 1.50000000e+00 0.00000000e+00 5.00000000e-01]
 [8.17500000e+00 1.50000000e+00 0.00000000e+00 5.00000000e-01]
 [8.20000000e+00 1.50000000e+00 0.00000000e+00 5.00000000e-01]
 [8.22500000e+00 1.50000000e+00 0.00000000e+00 5.00000000e-01]
 [8.25000000e+00 1.50000000e+00 0.00000000e+00 5.00000000e-01]
 [8.27500000e+00 1.50000000e+00 0.00000000e+00 5.00000000e-01]
 [8.30000000e+00 1.50000000e+00 0.00000000e+00 5.00000000e-01]
 [8.32500000e+00 1.50000000e+00 0.00000000e+00 5.00000000e-01]
 [8.35000000e+00 1.50000000e+00 0.00000000e+00 5.00000000e-01]
 [8.37500000e+00 1.50000000e+00 0.00000000e+00 5.00000000e-01]
 [8.40000000e+00 1.50000000e+00 0.00000000e+00 5.00000000e-01]
 [8.42500000e+00 1.50000000e+00 0.00000000e+00 5.00000000e-01]
 [8.45000000e+00 1.50000000e+00 0.00000000e+00 5.00000000e-01]
 [8.47500000e+00 1.50000000e+00 0.00000000e+00 5.00000000e-01]
 [8.50000000e+00 1.50000000e+00 0.00000000e+00 5.00000000e-01]
 [8.52500000e+00 1.50000000e+00 0.00000000e+00 5.00000000e-01]
 [8.55000000e+00 1.50000000e+00 0.00000000e+00 5.00000000e-01]
 [8.57562500e+00 1.50000000e+00 0.00000000e+00 5.25000000e-01]
 [8.60250000e+00 1.50000000e+00 0.00000000e+00 5.50000000e-01]
 [8.63062500e+00 1.50000000e+00 0.00000000e+00 5.75000000e-01]
 [8.66000000e+00 1.50000000e+00 0.00000000e+00 6.00000000e-01]
 [8.69062500e+00 1.50000000e+00 0.00000000e+00 6.25000000e-01]
 [8.72250000e+00 1.50000000e+00 0.00000000e+00 6.50000000e-01]
 [8.75562500e+00 1.50000000e+00 0.00000000e+00 6.75000000e-01]
 [8.79000000e+00 1.50000000e+00 0.00000000e+00 7.00000000e-01]
 [8.82562500e+00 1.50000000e+00 0.00000000e+00 7.25000000e-01]
 [8.86250000e+00 1.50000000e+00 0.00000000e+00 7.50000000e-01]
 [8.90062500e+00 1.50000000e+00 0.00000000e+00 7.75000000e-01]
 [8.94000000e+00 1.50000000e+00 0.00000000e+00 8.00000000e-01]
 [8.98062500e+00 1.50000000e+00 0.00000000e+00 8.25000000e-01]
 [9.02222164e+00 1.50058169e+00 5.24076948e-02 8.23796153e-01]
 [9.06270513e+00 1.50486084e+00 1.51940077e-01 7.99029962e-01]
 [9.10108185e+00 1.51264863e+00 2.52111238e-01 7.70092755e-01]
 [9.13707677e+00 1.52370053e+00 3.52610644e-01 7.38491413e-01]
 [9.17075104e+00 1.53788894e+00 4.53095814e-01 7.16461521e-01]
 [9.20223512e+00 1.55517745e+00 5.53164374e-01 7.10919232e-01]
 [9.23172004e+00 1.57561598e+00 6.52364300e-01 7.23157156e-01]
 [9.25945736e+00 1.59934075e+00 7.50193920e-01 7.48844364e-01]
 [9.28575921e+00 1.62657433e+00 8.46101911e-01 7.78026383e-01]
 [9.31061257e+00 1.65719963e+00 9.34086192e-01 8.03085850e-01]
 [9.33368730e+00 1.69071243e+00 1.00739324e+00 8.28085850e-01]
 [9.35510694e+00 1.72698029e+00 1.06800572e+00 8.53085850e-01]
 [9.37502987e+00 1.76576942e+00 1.11791450e+00 8.78085850e-01]
 [9.39364551e+00 1.80674045e+00 1.15905303e+00 9.03085850e-01]
 [9.41117428e+00 1.84944837e+00 1.19329728e+00 9.28085850e-01]
 [9.42785068e+00 1.89346206e+00 1.22230472e+00 9.53039828e-01]
 [9.44379865e+00 1.93898139e+00 1.24665601e+00 9.77977607e-01]
 [9.45911430e+00 1.98607477e+00 1.26693436e+00 1.00321250e+00]
 [9.47389823e+00 2.03471946e+00 1.28375273e+00 1.02869524e+00]
 [9.48825146e+00 2.08484695e+00 1.29769624e+00 1.05396363e+00]
 [9.50227549e+00 2.13634298e+00 1.30932220e+00 1.07814256e+00]
 [9.51606861e+00 2.18904500e+00 1.31915575e+00 1.09994815e+00]
 [9.52963418e+00 2.24273154e+00 1.32751406e+00 1.11836282e+00]
 [9.54299082e+00 2.29729659e+00 1.33455034e+00 1.13356067e+00]
 [9.55617802e+00 2.35265863e+00 1.34042832e+00 1.14590239e+00]
 [9.56922290e+00 2.40871908e+00 1.34531064e+00 1.15577891e+00]
 [9.58214021e+00 2.46536234e+00 1.34935878e+00 1.16361142e+00]
 [9.59493234e+00 2.52245576e+00 1.35273312e+00 1.16985138e+00]
 [9.60758933e+00 2.57984967e+00 1.35559289e+00 1.17498047e+00]
 [9.62009719e+00 2.63739639e+00 1.35808248e+00 1.17946240e+00]
 [9.63250451e+00 2.69512222e+00 1.36021526e+00 1.18328450e+00]
 [9.64483483e+00 2.75303651e+00 1.36202059e+00 1.18643432e+00]
 [9.65709909e+00 2.81112244e+00 1.36354208e+00 1.18896882e+00]
 [9.66930660e+00 2.86935873e+00 1.36482102e+00 1.19096342e+00]
 [9.68146500e+00 2.92771956e+00 1.36589642e+00 1.19251205e+00]
 [9.69358032e+00 2.98617463e+00 1.36680498e+00 1.19372710e+00]
 [9.70565694e+00 3.04468916e+00 1.36758110e+00 1.19473948e+00]
 [9.71775970e+00 3.10355550e+00 1.36826659e+00 1.20411327e+00]
 [9.73011522e+00 3.16393447e+00 1.36889713e+00 1.23871575e+00]
 [9.74232010e+00 3.22367246e+00 1.36938912e+00 1.22955575e+00]
 [9.75387227e+00 3.28017936e+00 1.36969245e+00 1.13426087e+00]
 [9.76426764e+00 3.33094674e+00 1.36981045e+00 9.52865749e-01]
 [9.77300016e+00 3.37354787e+00 1.36979995e+00 7.27812033e-01]
 [9.77956739e+00 3.40566386e+00 1.36977065e+00 5.43422553e-01]
 [9.78437851e+00 3.42927351e+00 1.36977065e+00 4.22948237e-01]
 [9.78811836e+00 3.44762603e+00 1.36977065e+00 3.29299782e-01]
 [9.79101625e+00 3.46184688e+00 1.36977065e+00 2.56734190e-01]
 [9.79327788e+00 3.47294533e+00 1.36977065e+00 2.00101484e-01]
 [9.79504981e+00 3.48164076e+00 1.36977065e+00 1.55730812e-01]
 [9.79642608e+00 3.48839454e+00 1.36977065e+00 1.21267943e-01]
 [9.79749277e+00 3.49362909e+00 1.36977065e+00 9.45573100e-02]
 [9.79832652e+00 3.49772057e+00 1.36977065e+00 7.36794652e-02]
 [9.79897937e+00 3.50092428e+00 1.36977065e+00 5.73316918e-02]
 [9.79948593e+00 3.50341012e+00 1.36977065e+00 4.46470515e-02]
 [9.79987822e+00 3.50533518e+00 1.36977065e+00 3.48239455e-02]
 [9.80018508e+00 3.50684104e+00 1.36977065e+00 2.71399253e-02]
 [9.80042555e+00 3.50802110e+00 1.36977065e+00 2.11183552e-02]
 [9.80061216e+00 3.50893684e+00 1.36977065e+00 1.64455482e-02]
 [9.80075666e+00 3.50964599e+00 1.36977065e+00 1.28269487e-02]
 [9.80086968e+00 3.51020060e+00 1.36977065e+00 9.99688882e-03]
 [9.80095826e+00 3.51063529e+00 1.36977065e+00 7.77874095e-03]
 [9.80102701e+00 3.51097264e+00 1.36977065e+00 6.05734503e-03]
 [9.80108023e+00 3.51123383e+00 1.36977065e+00 4.72455937e-03]
 [9.80112185e+00 3.51143805e+00 1.36977065e+00 3.68249137e-03]
 [9.80115448e+00 3.51159820e+00 1.36977065e+00 2.86529269e-03]
 [9.80117981e+00 3.51172250e+00 1.36977065e+00 2.23101978e-03]
 [9.80119941e+00 3.51181869e+00 1.36977065e+00 1.74016356e-03]
 [9.80121473e+00 3.51189384e+00 1.36977065e+00 1.35666521e-03]
 [9.80122675e+00 3.51195286e+00 1.36977065e+00 1.05550644e-03]
 [9.80123609e+00 3.51199869e+00 1.36977065e+00 8.21655205e-04]
 [9.80124331e+00 3.51203412e+00 1.36977065e+00 6.40876597e-04]
 [9.80124894e+00 3.51206173e+00 1.36977065e+00 4.99971964e-04]
 [9.80125337e+00 3.51208349e+00 1.36977065e+00 3.88947107e-04]
 [9.80125682e+00 3.51210042e+00 1.36977065e+00 3.02566894e-04]
 [9.80125949e+00 3.51211348e+00 1.36977065e+00 2.35915525e-04]
 [9.80126155e+00 3.51212359e+00 1.36977065e+00 1.84306794e-04]
 [9.80126317e+00 3.51213159e+00 1.36977065e+00 1.43525811e-04]
 [9.80126445e+00 3.51213787e+00 1.36977065e+00 1.11482093e-04]
 [9.80126544e+00 3.51214272e+00 1.36977065e+00 8.67330018e-05]
 [9.80126620e+00 3.51214643e+00 1.36977065e+00 6.77809725e-05]
 [9.80126679e+00 3.51214931e+00 1.36977065e+00 5.31092287e-05]
 [9.80126726e+00 3.51215161e+00 1.36977065e+00 4.13312455e-05]
 [9.80126763e+00 3.51215344e+00 1.36977065e+00 3.19908149e-05]
 [9.80126792e+00 3.51215485e+00 1.36977065e+00 2.47955887e-05]
 [9.80126813e+00 3.51215592e+00 1.36977065e+00 1.93774335e-05]
 [9.80126830e+00 3.51215671e+00 1.36977065e+00 1.53089623e-05]
 [9.80126842e+00 3.51215734e+00 1.36977065e+00 1.21035340e-05]
 [9.80126853e+00 3.51215788e+00 1.36977065e+00 9.37291403e-06]
 [9.80126862e+00 3.51215831e+00 1.36977065e+00 7.16075096e-06]
 [9.80126869e+00 3.51215864e+00 1.36977065e+00 5.46303224e-06]
 [9.80126874e+00 3.51215888e+00 1.36977065e+00 4.23410262e-06]
 [9.80126877e+00 3.51215905e+00 1.36977065e+00 3.38989220e-06]
 [9.80126879e+00 3.51215916e+00 1.36977065e+00 2.80791640e-06]
 [9.80126881e+00 3.51215926e+00 1.36977065e+00 2.32727598e-06]
 [9.80126883e+00 3.51215936e+00 1.36977065e+00 1.80370587e-06]
 [9.80126885e+00 3.51215946e+00 1.36977065e+00 1.32076191e-06]
 [9.80126887e+00 3.51215953e+00 1.36977065e+00 9.25466979e-07]
 [9.80126888e+00 3.51215959e+00 1.36977065e+00 6.39511536e-07]
 [9.80126889e+00 3.51215962e+00 1.36977065e+00 4.68219413e-07]
 [9.80126889e+00 3.51215964e+00 1.36977065e+00 4.00547812e-07]
 [9.80126889e+00 3.51215963e+00 1.36977065e+00 4.09087312e-07]
 [9.80126889e+00 3.51215963e+00 1.36977065e+00 4.50061862e-07]
 [9.80126889e+00 3.51215962e+00 1.36977065e+00 4.63328786e-07]
 [9.80126889e+00 3.51215964e+00 1.36977065e+00 3.86245872e-07]
 [9.80126889e+00 3.51215965e+00 1.36977065e+00 3.00706190e-07]
 [9.80126890e+00 3.51215967e+00 1.36977065e+00 2.34245160e-07]
 [9.80126890e+00 3.51215968e+00 1.36977065e+00 1.82527573e-07]]
Unsafe region shape: (1, 7)
unsafe_region: [[-3.3  1.5  1.   1.   0.   0.   0. ]]
candidate_x_traj shape: (241, 4)
candidate_x_traj: [[5.82500000e+00 1.50000000e+00 0.00000000e+00 5.00000000e-01]
 [5.85000000e+00 1.50000000e+00 0.00000000e+00 5.00000000e-01]
 [5.87500000e+00 1.50000000e+00 0.00000000e+00 5.00000000e-01]
 [5.90000000e+00 1.50000000e+00 0.00000000e+00 5.00000000e-01]
 [5.92500000e+00 1.50000000e+00 0.00000000e+00 5.00000000e-01]
 [5.95000000e+00 1.50000000e+00 0.00000000e+00 5.00000000e-01]
 [5.97500000e+00 1.50000000e+00 0.00000000e+00 5.00000000e-01]
 [6.00000000e+00 1.50000000e+00 0.00000000e+00 5.00000000e-01]
 [6.02500000e+00 1.50000000e+00 0.00000000e+00 5.00000000e-01]
 [6.05000000e+00 1.50000000e+00 0.00000000e+00 5.00000000e-01]
 [6.07500000e+00 1.50000000e+00 0.00000000e+00 5.00000000e-01]
 [6.10000000e+00 1.50000000e+00 0.00000000e+00 5.00000000e-01]
 [6.12500000e+00 1.50000000e+00 0.00000000e+00 5.00000000e-01]
 [6.15000000e+00 1.50000000e+00 0.00000000e+00 5.00000000e-01]
 [6.17500000e+00 1.50000000e+00 0.00000000e+00 5.00000000e-01]
 [6.20000000e+00 1.50000000e+00 0.00000000e+00 5.00000000e-01]
 [6.22500000e+00 1.50000000e+00 0.00000000e+00 5.00000000e-01]
 [6.25000000e+00 1.50000000e+00 0.00000000e+00 5.00000000e-01]
 [6.27500000e+00 1.50000000e+00 0.00000000e+00 5.00000000e-01]
 [6.30000000e+00 1.50000000e+00 0.00000000e+00 5.00000000e-01]
 [6.32500000e+00 1.50000000e+00 0.00000000e+00 5.00000000e-01]
 [6.35000000e+00 1.50000000e+00 0.00000000e+00 5.00000000e-01]
 [6.37500000e+00 1.50000000e+00 0.00000000e+00 5.00000000e-01]
 [6.40000000e+00 1.50000000e+00 0.00000000e+00 5.00000000e-01]
 [6.42500000e+00 1.50000000e+00 0.00000000e+00 5.00000000e-01]
 [6.45000000e+00 1.50000000e+00 0.00000000e+00 5.00000000e-01]
 [6.47500000e+00 1.50000000e+00 0.00000000e+00 5.00000000e-01]
 [6.50000000e+00 1.50000000e+00 0.00000000e+00 5.00000000e-01]
 [6.52500000e+00 1.50000000e+00 0.00000000e+00 5.00000000e-01]
 [6.55000000e+00 1.50000000e+00 0.00000000e+00 5.00000000e-01]
 [6.57500000e+00 1.50000000e+00 0.00000000e+00 5.00000000e-01]
 [6.60000000e+00 1.50000000e+00 0.00000000e+00 5.00000000e-01]
 [6.62500000e+00 1.50000000e+00 0.00000000e+00 5.00000000e-01]
 [6.65000000e+00 1.50000000e+00 0.00000000e+00 5.00000000e-01]
 [6.67500000e+00 1.50000000e+00 0.00000000e+00 5.00000000e-01]
 [6.70000000e+00 1.50000000e+00 0.00000000e+00 5.00000000e-01]
 [6.72500000e+00 1.50000000e+00 0.00000000e+00 5.00000000e-01]
 [6.75000000e+00 1.50000000e+00 0.00000000e+00 5.00000000e-01]
 [6.77500000e+00 1.50000000e+00 0.00000000e+00 5.00000000e-01]
 [6.80000000e+00 1.50000000e+00 0.00000000e+00 5.00000000e-01]
 [6.82500000e+00 1.50000000e+00 0.00000000e+00 5.00000000e-01]
 [6.85000000e+00 1.50000000e+00 0.00000000e+00 5.00000000e-01]
 [6.87500000e+00 1.50000000e+00 0.00000000e+00 5.00000000e-01]
 [6.90000000e+00 1.50000000e+00 0.00000000e+00 5.00000000e-01]
 [6.92500000e+00 1.50000000e+00 0.00000000e+00 5.00000000e-01]
 [6.95000000e+00 1.50000000e+00 0.00000000e+00 5.00000000e-01]
 [6.97500000e+00 1.50000000e+00 0.00000000e+00 5.00000000e-01]
 [7.00000000e+00 1.50000000e+00 0.00000000e+00 5.00000000e-01]
 [7.02500000e+00 1.50000000e+00 0.00000000e+00 5.00000000e-01]
 [7.05000000e+00 1.50000000e+00 0.00000000e+00 5.00000000e-01]
 [7.07500000e+00 1.50000000e+00 0.00000000e+00 5.00000000e-01]
 [7.10000000e+00 1.50000000e+00 0.00000000e+00 5.00000000e-01]
 [7.12500000e+00 1.50000000e+00 0.00000000e+00 5.00000000e-01]
 [7.15000000e+00 1.50000000e+00 0.00000000e+00 5.00000000e-01]
 [7.17500000e+00 1.50000000e+00 0.00000000e+00 5.00000000e-01]
 [7.20000000e+00 1.50000000e+00 0.00000000e+00 5.00000000e-01]
 [7.22500000e+00 1.50000000e+00 0.00000000e+00 5.00000000e-01]
 [7.25000000e+00 1.50000000e+00 0.00000000e+00 5.00000000e-01]
 [7.27500000e+00 1.50000000e+00 0.00000000e+00 5.00000000e-01]
 [7.30000000e+00 1.50000000e+00 0.00000000e+00 5.00000000e-01]
 [7.32500000e+00 1.50000000e+00 0.00000000e+00 5.00000000e-01]
 [7.35000000e+00 1.50000000e+00 0.00000000e+00 5.00000000e-01]
 [7.37500000e+00 1.50000000e+00 0.00000000e+00 5.00000000e-01]
 [7.40000000e+00 1.50000000e+00 0.00000000e+00 5.00000000e-01]
 [7.42500000e+00 1.50000000e+00 0.00000000e+00 5.00000000e-01]
 [7.45000000e+00 1.50000000e+00 0.00000000e+00 5.00000000e-01]
 [7.47500000e+00 1.50000000e+00 0.00000000e+00 5.00000000e-01]
 [7.50000000e+00 1.50000000e+00 0.00000000e+00 5.00000000e-01]
 [7.52500000e+00 1.50000000e+00 0.00000000e+00 5.00000000e-01]
 [7.55000000e+00 1.50000000e+00 0.00000000e+00 5.00000000e-01]
 [7.57500000e+00 1.50000000e+00 0.00000000e+00 5.00000000e-01]
 [7.60000000e+00 1.50000000e+00 0.00000000e+00 5.00000000e-01]
 [7.62500000e+00 1.50000000e+00 0.00000000e+00 5.00000000e-01]
 [7.65000000e+00 1.50000000e+00 0.00000000e+00 5.00000000e-01]
 [7.67500000e+00 1.50000000e+00 0.00000000e+00 5.00000000e-01]
 [7.70000000e+00 1.50000000e+00 0.00000000e+00 5.00000000e-01]
 [7.72500000e+00 1.50000000e+00 0.00000000e+00 5.00000000e-01]
 [7.75000000e+00 1.50000000e+00 0.00000000e+00 5.00000000e-01]
 [7.77500000e+00 1.50000000e+00 0.00000000e+00 5.00000000e-01]
 [7.80000000e+00 1.50000000e+00 0.00000000e+00 5.00000000e-01]
 [7.82500000e+00 1.50000000e+00 0.00000000e+00 5.00000000e-01]
 [7.85000000e+00 1.50000000e+00 0.00000000e+00 5.00000000e-01]
 [7.87500000e+00 1.50000000e+00 0.00000000e+00 5.00000000e-01]
 [7.90000000e+00 1.50000000e+00 0.00000000e+00 5.00000000e-01]
 [7.92500000e+00 1.50000000e+00 0.00000000e+00 5.00000000e-01]
 [7.95000000e+00 1.50000000e+00 0.00000000e+00 5.00000000e-01]
 [7.97500000e+00 1.50000000e+00 0.00000000e+00 5.00000000e-01]
 [8.00000000e+00 1.50000000e+00 0.00000000e+00 5.00000000e-01]
 [8.02500000e+00 1.50000000e+00 0.00000000e+00 5.00000000e-01]
 [8.05000000e+00 1.50000000e+00 0.00000000e+00 5.00000000e-01]
 [8.07500000e+00 1.50000000e+00 0.00000000e+00 5.00000000e-01]
 [8.10000000e+00 1.50000000e+00 0.00000000e+00 5.00000000e-01]
 [8.12500000e+00 1.50000000e+00 0.00000000e+00 5.00000000e-01]
 [8.15000000e+00 1.50000000e+00 0.00000000e+00 5.00000000e-01]
 [8.17500000e+00 1.50000000e+00 0.00000000e+00 5.00000000e-01]
 [8.20000000e+00 1.50000000e+00 0.00000000e+00 5.00000000e-01]
 [8.22500000e+00 1.50000000e+00 0.00000000e+00 5.00000000e-01]
 [8.25000000e+00 1.50000000e+00 0.00000000e+00 5.00000000e-01]
 [8.27500000e+00 1.50000000e+00 0.00000000e+00 5.00000000e-01]
 [8.30000000e+00 1.50000000e+00 0.00000000e+00 5.00000000e-01]
 [8.32500000e+00 1.50000000e+00 0.00000000e+00 5.00000000e-01]
 [8.35000000e+00 1.50000000e+00 0.00000000e+00 5.00000000e-01]
 [8.37500000e+00 1.50000000e+00 0.00000000e+00 5.00000000e-01]
 [8.40000000e+00 1.50000000e+00 0.00000000e+00 5.00000000e-01]
 [8.42500000e+00 1.50000000e+00 0.00000000e+00 5.00000000e-01]
 [8.45000000e+00 1.50000000e+00 0.00000000e+00 5.00000000e-01]
 [8.47500000e+00 1.50000000e+00 0.00000000e+00 5.00000000e-01]
 [8.50000000e+00 1.50000000e+00 0.00000000e+00 5.00000000e-01]
 [8.52500000e+00 1.50000000e+00 0.00000000e+00 5.00000000e-01]
 [8.55000000e+00 1.50000000e+00 0.00000000e+00 5.00000000e-01]
 [8.57500000e+00 1.50000000e+00 0.00000000e+00 5.00000000e-01]
 [8.60000000e+00 1.50000000e+00 0.00000000e+00 5.00000000e-01]
 [8.62500000e+00 1.50000000e+00 0.00000000e+00 5.00000000e-01]
 [8.65000000e+00 1.50000000e+00 0.00000000e+00 5.00000000e-01]
 [8.67500000e+00 1.50000000e+00 0.00000000e+00 5.00000000e-01]
 [8.70000000e+00 1.50000000e+00 0.00000000e+00 5.00000000e-01]
 [8.72500000e+00 1.50000000e+00 0.00000000e+00 5.00000000e-01]
 [8.75000000e+00 1.50000000e+00 0.00000000e+00 5.00000000e-01]
 [8.77500000e+00 1.50000000e+00 0.00000000e+00 5.00000000e-01]
 [8.80000000e+00 1.50000000e+00 0.00000000e+00 5.00000000e-01]
 [8.82500000e+00 1.50000000e+00 0.00000000e+00 5.00000000e-01]
 [8.85062500e+00 1.50000000e+00 0.00000000e+00 5.25000000e-01]
 [8.87750000e+00 1.50000000e+00 0.00000000e+00 5.50000000e-01]
 [8.90562500e+00 1.50000000e+00 0.00000000e+00 5.75000000e-01]
 [8.93500000e+00 1.50000000e+00 0.00000000e+00 6.00000000e-01]
 [8.96562500e+00 1.50000000e+00 0.00000000e+00 6.25000000e-01]
 [8.99749693e+00 1.49999821e+00 1.00886635e-03 6.49495567e-01]
 [9.02943875e+00 1.50163787e+00 9.86853450e-02 6.25661380e-01]
 [9.05978496e+00 1.50617388e+00 1.98685345e-01 6.02900644e-01]
 [9.08852589e+00 1.51346466e+00 2.98685345e-01 5.84246575e-01]
 [9.11559971e+00 1.52329996e+00 3.98685345e-01 5.68979258e-01]
 [9.14135010e+00 1.53534810e+00 4.99402790e-01 5.63477214e-01]
 [9.16629340e+00 1.54977317e+00 6.00855127e-01 5.78126666e-01]
 [9.18983141e+00 1.56741878e+00 7.00058403e-01 6.03681054e-01]
 [9.21163654e+00 1.58871048e+00 7.94250513e-01 6.32812728e-01]
 [9.23170400e+00 1.61362559e+00 8.80999608e-01 6.60962926e-01]
 [9.25035182e+00 1.64169314e+00 9.58204089e-01 6.86341774e-01]
 [9.26822082e+00 1.67199391e+00 1.02409261e+00 7.09928286e-01]
 [9.28598496e+00 1.70347642e+00 1.07792383e+00 7.34604356e-01]
 [9.30298905e+00 1.73666675e+00 1.12270596e+00 7.59604356e-01]
 [9.31915051e+00 1.77171727e+00 1.15982296e+00 7.84604356e-01]
 [9.33455130e+00 1.80859083e+00 1.19031734e+00 8.09604356e-01]
 [9.34930064e+00 1.84719407e+00 1.21525058e+00 8.34604356e-01]
 [9.36353499e+00 1.88737734e+00 1.23570317e+00 8.59604356e-01]
 [9.37741803e+00 1.92893477e+00 1.25277459e+00 8.84604356e-01]
 [9.39111472e+00 1.97167510e+00 1.26743699e+00 9.09604356e-01]
 [9.40464038e+00 2.01574593e+00 1.27980326e+00 9.34604356e-01]
 [9.41801810e+00 2.06117144e+00 1.29010485e+00 9.59604356e-01]
 [9.43128761e+00 2.10793937e+00 1.29862830e+00 9.84604356e-01]
 [9.44449637e+00 2.15603185e+00 1.30565754e+00 1.00960436e+00]
 [9.45769955e+00 2.20542547e+00 1.31147379e+00 1.03460436e+00]
 [9.47096000e+00 2.25609123e+00 1.31635567e+00 1.05960436e+00]
 [9.48456879e+00 2.30788031e+00 1.31459925e+00 1.08646092e+00]
 [9.49864265e+00 2.36078563e+00 1.31355764e+00 1.10936288e+00]
 [9.51119042e+00 2.41520039e+00 1.36065015e+00 1.10871912e+00]
 [9.52007688e+00 2.47023925e+00 1.45780743e+00 1.08503474e+00]
 [9.52448477e+00 2.52335289e+00 1.53061825e+00 1.06803046e+00]
 [9.52470948e+00 2.58086981e+00 1.45796229e+00 1.11330614e+00]
 [9.53122644e+00 2.63723044e+00 1.42969214e+00 1.13200526e+00]
 [9.53979230e+00 2.69349693e+00 1.41029949e+00 1.14433945e+00]
 [9.54941140e+00 2.75006268e+00 1.39382526e+00 1.15472826e+00]
 [9.55993730e+00 2.80689410e+00 1.37983885e+00 1.16342456e+00]
 [9.57126479e+00 2.86401620e+00 1.36802571e+00 1.17048102e+00]
 [9.58329377e+00 2.92142421e+00 1.35808691e+00 1.17601982e+00]
 [9.59592926e+00 2.97908356e+00 1.34973914e+00 1.18023252e+00]
 [9.60908135e+00 3.03692987e+00 1.34271471e+00 1.18338016e+00]
 [9.62266530e+00 3.09486898e+00 1.33676153e+00 1.18579320e+00]
 [9.63660142e+00 3.15277693e+00 1.33164317e+00 1.18787155e+00]
 [9.65090562e+00 3.21082199e+00 1.32697667e+00 1.20469318e+00]
 [9.66543598e+00 3.26877019e+00 1.32350053e+00 1.17096143e+00]
 [9.67847579e+00 3.32057788e+00 1.32307000e+00 9.37620276e-01]
 [9.68861454e+00 3.36070134e+00 1.32314761e+00 7.24432392e-01]
 [9.69647119e+00 3.39177506e+00 1.32314761e+00 5.64174579e-01]
 [9.70258511e+00 3.41595615e+00 1.32314761e+00 4.39464382e-01]
 [9.70736150e+00 3.43484723e+00 1.32314761e+00 3.42036586e-01]
 [9.71108011e+00 3.44955466e+00 1.32314761e+00 2.66185362e-01]
 [9.71395755e+00 3.46093518e+00 1.32314761e+00 2.07492072e-01]
 [9.71619311e+00 3.46977703e+00 1.32314761e+00 1.61891636e-01]
 [9.71795121e+00 3.47673048e+00 1.32314761e+00 1.26030332e-01]
 [9.71932124e+00 3.48214904e+00 1.32314761e+00 9.80849190e-02]
 [9.72038216e+00 3.48634507e+00 1.32314761e+00 7.64445695e-02]
 [9.72120646e+00 3.48960526e+00 1.32314761e+00 5.96306398e-02]
 [9.72185407e+00 3.49216662e+00 1.32314761e+00 4.64208249e-02]
 [9.72235871e+00 3.49416253e+00 1.32314761e+00 3.61272553e-02]
 [9.72274948e+00 3.49570803e+00 1.32314761e+00 2.81565779e-02]
 [9.72305306e+00 3.49690872e+00 1.32314761e+00 2.19642187e-02]
 [9.72329159e+00 3.49785212e+00 1.32314761e+00 1.70987741e-02]
 [9.72347748e+00 3.49858734e+00 1.32314761e+00 1.33069805e-02]
 [9.72362142e+00 3.49915664e+00 1.32314761e+00 1.03709233e-02]
 [9.72373322e+00 3.49959884e+00 1.32314761e+00 8.09034013e-03]
 [9.72382108e+00 3.49994631e+00 1.32314761e+00 6.29832940e-03]
 [9.72388956e+00 3.50021717e+00 1.32314761e+00 4.90141478e-03]
 [9.72394259e+00 3.50042688e+00 1.32314761e+00 3.81984130e-03]
 [9.72398376e+00 3.50058971e+00 1.32314761e+00 2.98008732e-03]
 [9.72401611e+00 3.50071767e+00 1.32314761e+00 2.32012729e-03]
 [9.72404135e+00 3.50081749e+00 1.32314761e+00 1.80534699e-03]
 [9.72406088e+00 3.50089476e+00 1.32314761e+00 1.40684636e-03]
 [9.72407604e+00 3.50095469e+00 1.32314761e+00 1.09776994e-03]
 [9.72408795e+00 3.50100179e+00 1.32314761e+00 8.54826300e-04]
 [9.72409725e+00 3.50103860e+00 1.32314761e+00 6.64978136e-04]
 [9.72410446e+00 3.50106709e+00 1.32314761e+00 5.18046471e-04]
 [9.72411003e+00 3.50108913e+00 1.32314761e+00 4.04375587e-04]
 [9.72411440e+00 3.50110644e+00 1.32314761e+00 3.15137885e-04]
 [9.72411784e+00 3.50112004e+00 1.32314761e+00 2.45010755e-04]
 [9.72412051e+00 3.50113057e+00 1.32314761e+00 1.90677460e-04]
 [9.72412256e+00 3.50113868e+00 1.32314761e+00 1.48846675e-04]
 [9.72412415e+00 3.50114499e+00 1.32314761e+00 1.16333089e-04]
 [9.72412542e+00 3.50115000e+00 1.32314761e+00 9.04746702e-05]
 [9.72412641e+00 3.50115393e+00 1.32314761e+00 7.02167369e-05]
 [9.72412718e+00 3.50115695e+00 1.32314761e+00 5.46395170e-05]
 [9.72412776e+00 3.50115925e+00 1.32314761e+00 4.27692791e-05]
 [9.72412821e+00 3.50116103e+00 1.32314761e+00 3.35858832e-05]
 [9.72412857e+00 3.50116247e+00 1.32314761e+00 2.61373518e-05]
 [9.72412886e+00 3.50116363e+00 1.32314761e+00 2.01826085e-05]
 [9.72412909e+00 3.50116452e+00 1.32314761e+00 1.55908980e-05]
 [9.72412926e+00 3.50116518e+00 1.32314761e+00 1.21610364e-05]
 [9.72412938e+00 3.50116567e+00 1.32314761e+00 9.63718390e-06]
 [9.72412948e+00 3.50116605e+00 1.32314761e+00 7.70884491e-06]
 [9.72412956e+00 3.50116637e+00 1.32314761e+00 6.03788444e-06]
 [9.72412963e+00 3.50116665e+00 1.32314761e+00 4.60148899e-06]
 [9.72412968e+00 3.50116687e+00 1.32314761e+00 3.45901139e-06]
 [9.72412973e+00 3.50116704e+00 1.32314761e+00 2.61488394e-06]
 [9.72412975e+00 3.50116715e+00 1.32314761e+00 2.04385846e-06]
 [9.72412977e+00 3.50116721e+00 1.32314761e+00 1.69100626e-06]
 [9.72412978e+00 3.50116726e+00 1.32314761e+00 1.47171816e-06]
 [9.72412979e+00 3.50116730e+00 1.32314761e+00 1.27170449e-06]
 [9.72412981e+00 3.50116735e+00 1.32314761e+00 9.87305417e-07]
 [9.72412982e+00 3.50116741e+00 1.32314761e+00 6.97504055e-07]
 [9.72412983e+00 3.50116746e+00 1.32314761e+00 4.47496446e-07]
 [9.72412984e+00 3.50116749e+00 1.32314761e+00 2.61240072e-07]
 [9.72412985e+00 3.50116751e+00 1.32314761e+00 1.50863459e-07]
 [9.72412985e+00 3.50116752e+00 1.32314761e+00 1.16666173e-07]
 [9.72412985e+00 3.50116751e+00 1.32314761e+00 1.47118825e-07]
 [9.72412984e+00 3.50116750e+00 1.32314761e+00 2.18863067e-07]
 [9.72412984e+00 3.50116748e+00 1.32314761e+00 2.96711593e-07]
 [9.72412984e+00 3.50116748e+00 1.32314761e+00 3.33648141e-07]
 [9.72412984e+00 3.50116749e+00 1.32314761e+00 2.82485144e-07]
 [9.72412984e+00 3.50116750e+00 1.32314761e+00 2.19704236e-07]
 [9.72412985e+00 3.50116751e+00 1.32314761e+00 1.71030761e-07]
 [9.72412985e+00 3.50116752e+00 1.32314761e+00 1.33469015e-07]
 [9.72412985e+00 3.50116752e+00 1.32314761e+00 1.04186347e-07]]
Unsafe region shape: (1, 7)
unsafe_region: [[-2.75  1.5   1.    1.    0.    0.    0.  ]]
candidate_x_traj shape: (241, 4)
candidate_x_traj: [[ 6.10000000e+00  1.50000000e+00  0.00000000e+00  5.00000000e-01]
 [ 6.12500000e+00  1.50000000e+00  0.00000000e+00  5.00000000e-01]
 [ 6.15000000e+00  1.50000000e+00  0.00000000e+00  5.00000000e-01]
 [ 6.17500000e+00  1.50000000e+00  0.00000000e+00  5.00000000e-01]
 [ 6.20000000e+00  1.50000000e+00  0.00000000e+00  5.00000000e-01]
 [ 6.22500000e+00  1.50000000e+00  0.00000000e+00  5.00000000e-01]
 [ 6.25000000e+00  1.50000000e+00  0.00000000e+00  5.00000000e-01]
 [ 6.27500000e+00  1.50000000e+00  0.00000000e+00  5.00000000e-01]
 [ 6.30000000e+00  1.50000000e+00  0.00000000e+00  5.00000000e-01]
 [ 6.32500000e+00  1.50000000e+00  0.00000000e+00  5.00000000e-01]
 [ 6.35000000e+00  1.50000000e+00  0.00000000e+00  5.00000000e-01]
 [ 6.37500000e+00  1.50000000e+00  0.00000000e+00  5.00000000e-01]
 [ 6.40000000e+00  1.50000000e+00  0.00000000e+00  5.00000000e-01]
 [ 6.42500000e+00  1.50000000e+00  0.00000000e+00  5.00000000e-01]
 [ 6.45000000e+00  1.50000000e+00  0.00000000e+00  5.00000000e-01]
 [ 6.47500000e+00  1.50000000e+00  0.00000000e+00  5.00000000e-01]
 [ 6.50000000e+00  1.50000000e+00  0.00000000e+00  5.00000000e-01]
 [ 6.52500000e+00  1.50000000e+00  0.00000000e+00  5.00000000e-01]
 [ 6.55000000e+00  1.50000000e+00  0.00000000e+00  5.00000000e-01]
 [ 6.57500000e+00  1.50000000e+00  0.00000000e+00  5.00000000e-01]
 [ 6.60000000e+00  1.50000000e+00  0.00000000e+00  5.00000000e-01]
 [ 6.62500000e+00  1.50000000e+00  0.00000000e+00  5.00000000e-01]
 [ 6.65000000e+00  1.50000000e+00  0.00000000e+00  5.00000000e-01]
 [ 6.67500000e+00  1.50000000e+00  0.00000000e+00  5.00000000e-01]
 [ 6.70000000e+00  1.50000000e+00  0.00000000e+00  5.00000000e-01]
 [ 6.72500000e+00  1.50000000e+00  0.00000000e+00  5.00000000e-01]
 [ 6.75000000e+00  1.50000000e+00  0.00000000e+00  5.00000000e-01]
 [ 6.77500000e+00  1.50000000e+00  0.00000000e+00  5.00000000e-01]
 [ 6.80000000e+00  1.50000000e+00  0.00000000e+00  5.00000000e-01]
 [ 6.82500000e+00  1.50000000e+00  0.00000000e+00  5.00000000e-01]
 [ 6.85000000e+00  1.50000000e+00  0.00000000e+00  5.00000000e-01]
 [ 6.87500000e+00  1.50000000e+00  0.00000000e+00  5.00000000e-01]
 [ 6.90000000e+00  1.50000000e+00  0.00000000e+00  5.00000000e-01]
 [ 6.92500000e+00  1.50000000e+00  0.00000000e+00  5.00000000e-01]
 [ 6.95000000e+00  1.50000000e+00  0.00000000e+00  5.00000000e-01]
 [ 6.97500000e+00  1.50000000e+00  0.00000000e+00  5.00000000e-01]
 [ 7.00000000e+00  1.50000000e+00  0.00000000e+00  5.00000000e-01]
 [ 7.02500000e+00  1.50000000e+00  0.00000000e+00  5.00000000e-01]
 [ 7.05000000e+00  1.50000000e+00  0.00000000e+00  5.00000000e-01]
 [ 7.07500000e+00  1.50000000e+00  0.00000000e+00  5.00000000e-01]
 [ 7.10000000e+00  1.50000000e+00  0.00000000e+00  5.00000000e-01]
 [ 7.12500000e+00  1.50000000e+00  0.00000000e+00  5.00000000e-01]
 [ 7.15000000e+00  1.50000000e+00  0.00000000e+00  5.00000000e-01]
 [ 7.17500000e+00  1.50000000e+00  0.00000000e+00  5.00000000e-01]
 [ 7.20000000e+00  1.50000000e+00  0.00000000e+00  5.00000000e-01]
 [ 7.22500000e+00  1.50000000e+00  0.00000000e+00  5.00000000e-01]
 [ 7.25000000e+00  1.50000000e+00  0.00000000e+00  5.00000000e-01]
 [ 7.27500000e+00  1.50000000e+00  0.00000000e+00  5.00000000e-01]
 [ 7.30000000e+00  1.50000000e+00  0.00000000e+00  5.00000000e-01]
 [ 7.32500000e+00  1.50000000e+00  0.00000000e+00  5.00000000e-01]
 [ 7.35000000e+00  1.50000000e+00  0.00000000e+00  5.00000000e-01]
 [ 7.37500000e+00  1.50000000e+00  0.00000000e+00  5.00000000e-01]
 [ 7.40000000e+00  1.50000000e+00  0.00000000e+00  5.00000000e-01]
 [ 7.42500000e+00  1.50000000e+00  0.00000000e+00  5.00000000e-01]
 [ 7.45000000e+00  1.50000000e+00  0.00000000e+00  5.00000000e-01]
 [ 7.47500000e+00  1.50000000e+00  0.00000000e+00  5.00000000e-01]
 [ 7.50000000e+00  1.50000000e+00  0.00000000e+00  5.00000000e-01]
 [ 7.52500000e+00  1.50000000e+00  0.00000000e+00  5.00000000e-01]
 [ 7.55000000e+00  1.50000000e+00  0.00000000e+00  5.00000000e-01]
 [ 7.57500000e+00  1.50000000e+00  0.00000000e+00  5.00000000e-01]
 [ 7.60000000e+00  1.50000000e+00  0.00000000e+00  5.00000000e-01]
 [ 7.62500000e+00  1.50000000e+00  0.00000000e+00  5.00000000e-01]
 [ 7.65000000e+00  1.50000000e+00  0.00000000e+00  5.00000000e-01]
 [ 7.67500000e+00  1.50000000e+00  0.00000000e+00  5.00000000e-01]
 [ 7.70000000e+00  1.50000000e+00  0.00000000e+00  5.00000000e-01]
 [ 7.72500000e+00  1.50000000e+00  0.00000000e+00  5.00000000e-01]
 [ 7.75000000e+00  1.50000000e+00  0.00000000e+00  5.00000000e-01]
 [ 7.77500000e+00  1.50000000e+00  0.00000000e+00  5.00000000e-01]
 [ 7.80000000e+00  1.50000000e+00  0.00000000e+00  5.00000000e-01]
 [ 7.82500000e+00  1.50000000e+00  0.00000000e+00  5.00000000e-01]
 [ 7.85000000e+00  1.50000000e+00  0.00000000e+00  5.00000000e-01]
 [ 7.87500000e+00  1.50000000e+00  0.00000000e+00  5.00000000e-01]
 [ 7.90000000e+00  1.50000000e+00  0.00000000e+00  5.00000000e-01]
 [ 7.92500000e+00  1.50000000e+00  0.00000000e+00  5.00000000e-01]
 [ 7.95000000e+00  1.50000000e+00  0.00000000e+00  5.00000000e-01]
 [ 7.97500000e+00  1.50000000e+00  0.00000000e+00  5.00000000e-01]
 [ 8.00000000e+00  1.50000000e+00  0.00000000e+00  5.00000000e-01]
 [ 8.02500000e+00  1.50000000e+00  0.00000000e+00  5.00000000e-01]
 [ 8.05000000e+00  1.50000000e+00  0.00000000e+00  5.00000000e-01]
 [ 8.07500000e+00  1.50000000e+00  0.00000000e+00  5.00000000e-01]
 [ 8.10000000e+00  1.50000000e+00  0.00000000e+00  5.00000000e-01]
 [ 8.12500000e+00  1.50000000e+00  0.00000000e+00  5.00000000e-01]
 [ 8.15000000e+00  1.50000000e+00  0.00000000e+00  5.00000000e-01]
 [ 8.17500000e+00  1.50000000e+00  0.00000000e+00  5.00000000e-01]
 [ 8.20000000e+00  1.50000000e+00  0.00000000e+00  5.00000000e-01]
 [ 8.22500000e+00  1.50000000e+00  0.00000000e+00  5.00000000e-01]
 [ 8.25000000e+00  1.50000000e+00  0.00000000e+00  5.00000000e-01]
 [ 8.27500000e+00  1.50000000e+00  0.00000000e+00  5.00000000e-01]
 [ 8.30000000e+00  1.50000000e+00  0.00000000e+00  5.00000000e-01]
 [ 8.32500000e+00  1.50000000e+00  0.00000000e+00  5.00000000e-01]
 [ 8.35000000e+00  1.50000000e+00  0.00000000e+00  5.00000000e-01]
 [ 8.37500000e+00  1.50000000e+00  0.00000000e+00  5.00000000e-01]
 [ 8.40000000e+00  1.50000000e+00  0.00000000e+00  5.00000000e-01]
 [ 8.42500000e+00  1.50000000e+00  0.00000000e+00  5.00000000e-01]
 [ 8.45000000e+00  1.50000000e+00  0.00000000e+00  5.00000000e-01]
 [ 8.47500000e+00  1.50000000e+00  0.00000000e+00  5.00000000e-01]
 [ 8.50000000e+00  1.50000000e+00  0.00000000e+00  5.00000000e-01]
 [ 8.52500000e+00  1.50000000e+00  0.00000000e+00  5.00000000e-01]
 [ 8.55000000e+00  1.50000000e+00  0.00000000e+00  5.00000000e-01]
 [ 8.57500000e+00  1.50000000e+00  0.00000000e+00  5.00000000e-01]
 [ 8.60000000e+00  1.50000000e+00  0.00000000e+00  5.00000000e-01]
 [ 8.62500000e+00  1.50000000e+00  0.00000000e+00  5.00000000e-01]
 [ 8.65000000e+00  1.50000000e+00  0.00000000e+00  5.00000000e-01]
 [ 8.67500000e+00  1.50000000e+00  0.00000000e+00  5.00000000e-01]
 [ 8.70000000e+00  1.50000000e+00  0.00000000e+00  5.00000000e-01]
 [ 8.72500000e+00  1.50000000e+00  0.00000000e+00  5.00000000e-01]
 [ 8.75000000e+00  1.50000000e+00  0.00000000e+00  5.00000000e-01]
 [ 8.77500000e+00  1.50000000e+00  0.00000000e+00  5.00000000e-01]
 [ 8.80000000e+00  1.50000000e+00  0.00000000e+00  5.00000000e-01]
 [ 8.82500000e+00  1.50000000e+00  0.00000000e+00  5.00000000e-01]
 [ 8.85000000e+00  1.50000000e+00  0.00000000e+00  5.00000000e-01]
 [ 8.87500000e+00  1.50000000e+00  0.00000000e+00  5.00000000e-01]
 [ 8.90000000e+00  1.50000000e+00  0.00000000e+00  5.00000000e-01]
 [ 8.92500000e+00  1.50000000e+00  0.00000000e+00  5.00000000e-01]
 [ 8.95000000e+00  1.50000000e+00  0.00000000e+00  5.00000000e-01]
 [ 8.97500000e+00  1.50000000e+00  0.00000000e+00  5.00000000e-01]
 [ 9.00000000e+00  1.50000000e+00  0.00000000e+00  5.00000000e-01]
 [ 9.02500000e+00  1.50000000e+00  0.00000000e+00  5.00000000e-01]
 [ 9.05000000e+00  1.50000000e+00  0.00000000e+00  5.00000000e-01]
 [ 9.07500000e+00  1.50000000e+00  0.00000000e+00  5.00000000e-01]
 [ 9.10000000e+00  1.50000000e+00  0.00000000e+00  5.00000000e-01]
 [ 9.12495836e+00  1.50124896e+00  1.00000000e-01  5.00000000e-01]
 [ 9.14966765e+00  1.50498242e+00  1.99991788e-01  4.99980184e-01]
 [ 9.17391279e+00  1.51102220e+00  2.99006736e-01  4.97383016e-01]
 [ 9.19740490e+00  1.51931483e+00  3.97870751e-01  4.93776031e-01]
 [ 9.21987299e+00  1.52993496e+00  4.97835908e-01  4.93008417e-01]
 [ 9.24113274e+00  1.54293715e+00  5.99002182e-01  4.97670015e-01]
 [ 9.26108660e+00  1.55835587e+00  7.00317446e-01  5.09091318e-01]
 [ 9.27972371e+00  1.57620553e+00  7.99577471e-01  5.27343473e-01]
 [ 9.29711997e+00  1.59648044e+00  8.93425930e-01  5.51238276e-01]
 [ 9.31343796e+00  1.61915483e+00  9.77354392e-01  5.78328181e-01]
 [ 9.32892676e+00  1.64418235e+00  1.04571344e+00  6.04911212e-01]
 [ 9.34370153e+00  1.67123540e+00  1.09966405e+00  6.29911212e-01]
 [ 9.35770945e+00  1.70009554e+00  1.14449884e+00  6.54911212e-01]
 [ 9.37099973e+00  1.73075642e+00  1.18139674e+00  6.79911212e-01]
 [ 9.38365122e+00  1.76315537e+00  1.21155432e+00  7.04911212e-01]
 [ 9.39577246e+00  1.79717342e+00  1.23618578e+00  7.29911212e-01]
 [ 9.40750165e+00  1.83263526e+00  1.25652291e+00  7.54911212e-01]
 [ 9.41900298e+00  1.86932010e+00  1.27379063e+00  7.79911212e-01]
 [ 9.43033749e+00  1.90727943e+00  1.28843154e+00  8.04911212e-01]
 [ 9.44151127e+00  1.94659004e+00  1.30062207e+00  8.29911212e-01]
 [ 9.45255818e+00  1.98724249e+00  1.31069363e+00  8.54911212e-01]
 [ 9.46352087e+00  2.02922140e+00  1.31897568e+00  8.79911212e-01]
 [ 9.47445070e+00  2.07250547e+00  1.32579567e+00  9.04911212e-01]
 [ 9.48540781e+00  2.11706747e+00  1.33147908e+00  9.29911212e-01]
 [ 9.49645638e+00  2.16287262e+00  1.33633754e+00  9.54968189e-01]
 [ 9.50761363e+00  2.20990434e+00  1.34050359e+00  9.80356954e-01]
 [ 9.51888742e+00  2.25819849e+00  1.34401846e+00  1.00570415e+00]
 [ 9.53028665e+00  2.30776668e+00  1.34693725e+00  1.03053075e+00]
 [ 9.54181670e+00  2.35858750e+00  1.34932402e+00  1.05437503e+00]
 [ 9.55347943e+00  2.41060641e+00  1.35125184e+00  1.07679255e+00]
 [ 9.56527314e+00  2.46373582e+00  1.35280276e+00  1.09735615e+00]
 [ 9.57719262e+00  2.51785507e+00  1.35406783e+00  1.11565594e+00]
 [ 9.58922912e+00  2.57281040e+00  1.35514708e+00  1.13129934e+00]
 [ 9.60136897e+00  2.62841381e+00  1.35614512e+00  1.14394573e+00]
 [ 9.61356612e+00  2.68447593e+00  1.35703478e+00  1.15429761e+00]
 [ 9.62580871e+00  2.74096101e+00  1.35779019e+00  1.16289974e+00]
 [ 9.63810004e+00  2.79785614e+00  1.35842757e+00  1.16994194e+00]
 [ 9.65043943e+00  2.85513307e+00  1.35896258e+00  1.17561955e+00]
 [ 9.66282218e+00  2.91274822e+00  1.35941032e+00  1.18013343e+00]
 [ 9.67523962e+00  2.97064265e+00  1.35978535e+00  1.18368994e+00]
 [ 9.68767907e+00  3.02874209e+00  1.36010165e+00  1.18650094e+00]
 [ 9.70012384e+00  3.08695692e+00  1.36037267e+00  1.18878382e+00]
 [ 9.71256534e+00  3.14523993e+00  1.36061181e+00  1.19228494e+00]
 [ 9.72529953e+00  3.20499629e+00  1.36083641e+00  1.22659268e+00]
 [ 9.73804557e+00  3.26485719e+00  1.36102100e+00  1.23510308e+00]
 [ 9.75024507e+00  3.32214883e+00  1.36114207e+00  1.16223414e+00]
 [ 9.76135024e+00  3.37427741e+00  1.36119592e+00  9.97408241e-01]
 [ 9.77082386e+00  3.41872915e+00  1.36119867e+00  7.75052090e-01]
 [ 9.77813930e+00  3.45307029e+00  1.36118628e+00  5.74596761e-01]
 [ 9.78343877e+00  3.47798113e+00  1.36118617e+00  4.47027769e-01]
 [ 9.78756045e+00  3.49735584e+00  1.36118617e+00  3.47986415e-01]
 [ 9.79075398e+00  3.51236764e+00  1.36118617e+00  2.71247775e-01]
 [ 9.79324140e+00  3.52406021e+00  1.36118617e+00  2.11476659e-01]
 [ 9.79519233e+00  3.53323090e+00  1.36118617e+00  1.64597104e-01]
 [ 9.79670927e+00  3.54036156e+00  1.36118617e+00  1.28145931e-01]
 [ 9.79788463e+00  3.54588657e+00  1.36118617e+00  9.99027444e-02]
 [ 9.79880146e+00  3.55019630e+00  1.36118617e+00  7.78718500e-02]
 [ 9.79952034e+00  3.55357553e+00  1.36118617e+00  6.05975969e-02]
 [ 9.80007879e+00  3.55620063e+00  1.36118617e+00  4.71784131e-02]
 [ 9.80051109e+00  3.55823274e+00  1.36118617e+00  3.67904685e-02]
 [ 9.80084845e+00  3.55981854e+00  1.36118617e+00  2.86840349e-02]
 [ 9.80111323e+00  3.56106322e+00  1.36118617e+00  2.23213638e-02]
 [ 9.80131895e+00  3.56203025e+00  1.36118617e+00  1.73780373e-02]
 [ 9.80147821e+00  3.56277884e+00  1.36118617e+00  1.35513088e-02]
 [ 9.80160246e+00  3.56336291e+00  1.36118617e+00  1.05656297e-02]
 [ 9.80169999e+00  3.56382139e+00  1.36118617e+00  8.22190195e-03]
 [ 9.80177578e+00  3.56417763e+00  1.36118617e+00  6.40083997e-03]
 [ 9.80183444e+00  3.56445337e+00  1.36118617e+00  4.99132342e-03]
 [ 9.80188019e+00  3.56466843e+00  1.36118617e+00  3.89196950e-03]
 [ 9.80191612e+00  3.56483733e+00  1.36118617e+00  3.02857046e-03]
 [ 9.80194404e+00  3.56496859e+00  1.36118617e+00  2.35756610e-03]
 [ 9.80196565e+00  3.56507015e+00  1.36118617e+00  1.83838480e-03]
 [ 9.80198248e+00  3.56514930e+00  1.36118617e+00  1.43380937e-03]
 [ 9.80199572e+00  3.56521153e+00  1.36118617e+00  1.11569075e-03]
 [ 9.80200602e+00  3.56525992e+00  1.36118617e+00  8.68294454e-04]
 [ 9.80201398e+00  3.56529734e+00  1.36118617e+00  6.77025761e-04]
 [ 9.80202017e+00  3.56532643e+00  1.36118617e+00  5.28340914e-04]
 [ 9.80202504e+00  3.56534935e+00  1.36118617e+00  4.11153183e-04]
 [ 9.80202885e+00  3.56536723e+00  1.36118617e+00  3.19781593e-04]
 [ 9.80203178e+00  3.56538103e+00  1.36118617e+00  2.49219562e-04]
 [ 9.80203405e+00  3.56539170e+00  1.36118617e+00  1.94679875e-04]
 [ 9.80203584e+00  3.56540010e+00  1.36118617e+00  1.51723503e-04]
 [ 9.80203725e+00  3.56540672e+00  1.36118617e+00  1.17865883e-04]
 [ 9.80203834e+00  3.56541185e+00  1.36118617e+00  9.16534339e-05]
 [ 9.80203918e+00  3.56541578e+00  1.36118617e+00  7.15689253e-05]
 [ 9.80203982e+00  3.56541881e+00  1.36118617e+00  5.60772391e-05]
 [ 9.80204033e+00  3.56542123e+00  1.36118617e+00  4.37035345e-05]
 [ 9.80204075e+00  3.56542316e+00  1.36118617e+00  3.38431639e-05]
 [ 9.80204106e+00  3.56542465e+00  1.36118617e+00  2.62153491e-05]
 [ 9.80204130e+00  3.56542578e+00  1.36118617e+00  2.04540376e-05]
 [ 9.80204148e+00  3.56542663e+00  1.36118617e+00  1.61338565e-05]
 [ 9.80204162e+00  3.56542728e+00  1.36118617e+00  1.27701126e-05]
 [ 9.80204174e+00  3.56542784e+00  1.36118617e+00  9.91999126e-06]
 [ 9.80204184e+00  3.56542830e+00  1.36118617e+00  7.59059731e-06]
 [ 9.80204191e+00  3.56542865e+00  1.36118617e+00  5.78882674e-06]
 [ 9.80204197e+00  3.56542891e+00  1.36118617e+00  4.47283268e-06]
 [ 9.80204201e+00  3.56542909e+00  1.36118617e+00  3.56203517e-06]
 [ 9.80204203e+00  3.56542921e+00  1.36118617e+00  2.93712117e-06]
 [ 9.80204205e+00  3.56542930e+00  1.36118617e+00  2.44004454e-06]
 [ 9.80204207e+00  3.56542941e+00  1.36118617e+00  1.90876763e-06]
 [ 9.80204209e+00  3.56542951e+00  1.36118617e+00  1.40781951e-06]
 [ 9.80204211e+00  3.56542959e+00  1.36118617e+00  9.92880818e-07]
 [ 9.80204212e+00  3.56542965e+00  1.36118617e+00  6.87556950e-07]
 [ 9.80204213e+00  3.56542968e+00  1.36118617e+00  4.98896784e-07]
 [ 9.80204214e+00  3.56542970e+00  1.36118617e+00  4.17392687e-07]
 [ 9.80204214e+00  3.56542970e+00  1.36118617e+00  4.16980513e-07]
 [ 9.80204213e+00  3.56542969e+00  1.36118617e+00  4.55039604e-07]
 [ 9.80204213e+00  3.56542969e+00  1.36118617e+00  4.72392789e-07]
 [ 9.80204214e+00  3.56542970e+00  1.36118617e+00  3.99118262e-07]
 [ 9.80204214e+00  3.56542973e+00  1.36118617e+00  2.79782185e-07]
 [ 9.80204215e+00  3.56542975e+00  1.36118617e+00  1.63723127e-07]
 [ 9.80204215e+00  3.56542977e+00  1.36118617e+00  6.77467993e-08]
 [ 9.80204215e+00  3.56542978e+00  1.36118617e+00  3.00822841e-09]
 [ 9.80204215e+00  3.56542979e+00  1.36118617e+00 -2.49882439e-08]
 [ 9.80204215e+00  3.56542979e+00  1.36118617e+00 -1.63889612e-08]
 [ 9.80204215e+00  3.56542978e+00  1.36118617e+00  2.30090481e-08]
 [ 9.80204215e+00  3.56542977e+00  1.36118617e+00  8.17580703e-08]
 [ 9.80204215e+00  3.56542975e+00  1.36118617e+00  1.42759707e-07]
 [ 9.80204215e+00  3.56542975e+00  1.36118617e+00  1.83264874e-07]
 [ 9.80204215e+00  3.56542975e+00  1.36118617e+00  1.74873803e-07]]
Unsafe region shape: (1, 7)
unsafe_region: [[-2.2  1.5  1.   1.   0.   0.   0. ]]
candidate_x_traj shape: (241, 4)
candidate_x_traj: [[ 6.37500000e+00  1.50000000e+00  0.00000000e+00  5.00000000e-01]
 [ 6.40000000e+00  1.50000000e+00  0.00000000e+00  5.00000000e-01]
 [ 6.42500000e+00  1.50000000e+00  0.00000000e+00  5.00000000e-01]
 [ 6.45000000e+00  1.50000000e+00  0.00000000e+00  5.00000000e-01]
 [ 6.47500000e+00  1.50000000e+00  0.00000000e+00  5.00000000e-01]
 [ 6.50000000e+00  1.50000000e+00  0.00000000e+00  5.00000000e-01]
 [ 6.52500000e+00  1.50000000e+00  0.00000000e+00  5.00000000e-01]
 [ 6.55000000e+00  1.50000000e+00  0.00000000e+00  5.00000000e-01]
 [ 6.57500000e+00  1.50000000e+00  0.00000000e+00  5.00000000e-01]
 [ 6.60000000e+00  1.50000000e+00  0.00000000e+00  5.00000000e-01]
 [ 6.62500000e+00  1.50000000e+00  0.00000000e+00  5.00000000e-01]
 [ 6.65000000e+00  1.50000000e+00  0.00000000e+00  5.00000000e-01]
 [ 6.67500000e+00  1.50000000e+00  0.00000000e+00  5.00000000e-01]
 [ 6.70000000e+00  1.50000000e+00  0.00000000e+00  5.00000000e-01]
 [ 6.72500000e+00  1.50000000e+00  0.00000000e+00  5.00000000e-01]
 [ 6.75000000e+00  1.50000000e+00  0.00000000e+00  5.00000000e-01]
 [ 6.77500000e+00  1.50000000e+00  0.00000000e+00  5.00000000e-01]
 [ 6.80000000e+00  1.50000000e+00  0.00000000e+00  5.00000000e-01]
 [ 6.82500000e+00  1.50000000e+00  0.00000000e+00  5.00000000e-01]
 [ 6.85000000e+00  1.50000000e+00  0.00000000e+00  5.00000000e-01]
 [ 6.87500000e+00  1.50000000e+00  0.00000000e+00  5.00000000e-01]
 [ 6.90000000e+00  1.50000000e+00  0.00000000e+00  5.00000000e-01]
 [ 6.92500000e+00  1.50000000e+00  0.00000000e+00  5.00000000e-01]
 [ 6.95000000e+00  1.50000000e+00  0.00000000e+00  5.00000000e-01]
 [ 6.97500000e+00  1.50000000e+00  0.00000000e+00  5.00000000e-01]
 [ 7.00000000e+00  1.50000000e+00  0.00000000e+00  5.00000000e-01]
 [ 7.02500000e+00  1.50000000e+00  0.00000000e+00  5.00000000e-01]
 [ 7.05000000e+00  1.50000000e+00  0.00000000e+00  5.00000000e-01]
 [ 7.07500000e+00  1.50000000e+00  0.00000000e+00  5.00000000e-01]
 [ 7.10000000e+00  1.50000000e+00  0.00000000e+00  5.00000000e-01]
 [ 7.12500000e+00  1.50000000e+00  0.00000000e+00  5.00000000e-01]
 [ 7.15000000e+00  1.50000000e+00  0.00000000e+00  5.00000000e-01]
 [ 7.17500000e+00  1.50000000e+00  0.00000000e+00  5.00000000e-01]
 [ 7.20000000e+00  1.50000000e+00  0.00000000e+00  5.00000000e-01]
 [ 7.22500000e+00  1.50000000e+00  0.00000000e+00  5.00000000e-01]
 [ 7.25000000e+00  1.50000000e+00  0.00000000e+00  5.00000000e-01]
 [ 7.27500000e+00  1.50000000e+00  0.00000000e+00  5.00000000e-01]
 [ 7.30000000e+00  1.50000000e+00  0.00000000e+00  5.00000000e-01]
 [ 7.32500000e+00  1.50000000e+00  0.00000000e+00  5.00000000e-01]
 [ 7.35000000e+00  1.50000000e+00  0.00000000e+00  5.00000000e-01]
 [ 7.37500000e+00  1.50000000e+00  0.00000000e+00  5.00000000e-01]
 [ 7.40000000e+00  1.50000000e+00  0.00000000e+00  5.00000000e-01]
 [ 7.42500000e+00  1.50000000e+00  0.00000000e+00  5.00000000e-01]
 [ 7.45000000e+00  1.50000000e+00  0.00000000e+00  5.00000000e-01]
 [ 7.47500000e+00  1.50000000e+00  0.00000000e+00  5.00000000e-01]
 [ 7.50000000e+00  1.50000000e+00  0.00000000e+00  5.00000000e-01]
 [ 7.52500000e+00  1.50000000e+00  0.00000000e+00  5.00000000e-01]
 [ 7.55000000e+00  1.50000000e+00  0.00000000e+00  5.00000000e-01]
 [ 7.57500000e+00  1.50000000e+00  0.00000000e+00  5.00000000e-01]
 [ 7.60000000e+00  1.50000000e+00  0.00000000e+00  5.00000000e-01]
 [ 7.62500000e+00  1.50000000e+00  0.00000000e+00  5.00000000e-01]
 [ 7.65000000e+00  1.50000000e+00  0.00000000e+00  5.00000000e-01]
 [ 7.67500000e+00  1.50000000e+00  0.00000000e+00  5.00000000e-01]
 [ 7.70000000e+00  1.50000000e+00  0.00000000e+00  5.00000000e-01]
 [ 7.72500000e+00  1.50000000e+00  0.00000000e+00  5.00000000e-01]
 [ 7.75000000e+00  1.50000000e+00  0.00000000e+00  5.00000000e-01]
 [ 7.77500000e+00  1.50000000e+00  0.00000000e+00  5.00000000e-01]
 [ 7.80000000e+00  1.50000000e+00  0.00000000e+00  5.00000000e-01]
 [ 7.82500000e+00  1.50000000e+00  0.00000000e+00  5.00000000e-01]
 [ 7.85000000e+00  1.50000000e+00  0.00000000e+00  5.00000000e-01]
 [ 7.87500000e+00  1.50000000e+00  0.00000000e+00  5.00000000e-01]
 [ 7.90000000e+00  1.50000000e+00  0.00000000e+00  5.00000000e-01]
 [ 7.92500000e+00  1.50000000e+00  0.00000000e+00  5.00000000e-01]
 [ 7.95000000e+00  1.50000000e+00  0.00000000e+00  5.00000000e-01]
 [ 7.97500000e+00  1.50000000e+00  0.00000000e+00  5.00000000e-01]
 [ 8.00000000e+00  1.50000000e+00  0.00000000e+00  5.00000000e-01]
 [ 8.02500000e+00  1.50000000e+00  0.00000000e+00  5.00000000e-01]
 [ 8.05000000e+00  1.50000000e+00  0.00000000e+00  5.00000000e-01]
 [ 8.07500000e+00  1.50000000e+00  0.00000000e+00  5.00000000e-01]
 [ 8.10000000e+00  1.50000000e+00  0.00000000e+00  5.00000000e-01]
 [ 8.12500000e+00  1.50000000e+00  0.00000000e+00  5.00000000e-01]
 [ 8.15000000e+00  1.50000000e+00  0.00000000e+00  5.00000000e-01]
 [ 8.17500000e+00  1.50000000e+00  0.00000000e+00  5.00000000e-01]
 [ 8.20000000e+00  1.50000000e+00  0.00000000e+00  5.00000000e-01]
 [ 8.22500000e+00  1.50000000e+00  0.00000000e+00  5.00000000e-01]
 [ 8.25000000e+00  1.50000000e+00  0.00000000e+00  5.00000000e-01]
 [ 8.27500000e+00  1.50000000e+00  0.00000000e+00  5.00000000e-01]
 [ 8.30000000e+00  1.50000000e+00  0.00000000e+00  5.00000000e-01]
 [ 8.32500000e+00  1.50000000e+00  0.00000000e+00  5.00000000e-01]
 [ 8.35000000e+00  1.50000000e+00  0.00000000e+00  5.00000000e-01]
 [ 8.37500000e+00  1.50000000e+00  0.00000000e+00  5.00000000e-01]
 [ 8.40000000e+00  1.50000000e+00  0.00000000e+00  5.00000000e-01]
 [ 8.42500000e+00  1.50000000e+00  0.00000000e+00  5.00000000e-01]
 [ 8.45000000e+00  1.50000000e+00  0.00000000e+00  5.00000000e-01]
 [ 8.47500000e+00  1.50000000e+00  0.00000000e+00  5.00000000e-01]
 [ 8.50000000e+00  1.50000000e+00  0.00000000e+00  5.00000000e-01]
 [ 8.52500000e+00  1.50000000e+00  0.00000000e+00  5.00000000e-01]
 [ 8.55000000e+00  1.50000000e+00  0.00000000e+00  5.00000000e-01]
 [ 8.57500000e+00  1.50000000e+00  0.00000000e+00  5.00000000e-01]
 [ 8.60000000e+00  1.50000000e+00  0.00000000e+00  5.00000000e-01]
 [ 8.62500000e+00  1.50000000e+00  0.00000000e+00  5.00000000e-01]
 [ 8.65000000e+00  1.50000000e+00  0.00000000e+00  5.00000000e-01]
 [ 8.67500000e+00  1.50000000e+00  0.00000000e+00  5.00000000e-01]
 [ 8.70000000e+00  1.50000000e+00  0.00000000e+00  5.00000000e-01]
 [ 8.72500000e+00  1.50000000e+00  0.00000000e+00  5.00000000e-01]
 [ 8.75000000e+00  1.50000000e+00  0.00000000e+00  5.00000000e-01]
 [ 8.77500000e+00  1.50000000e+00  0.00000000e+00  5.00000000e-01]
 [ 8.80000000e+00  1.50000000e+00  0.00000000e+00  5.00000000e-01]
 [ 8.82500000e+00  1.50000000e+00  0.00000000e+00  5.00000000e-01]
 [ 8.85000000e+00  1.50000000e+00  0.00000000e+00  5.00000000e-01]
 [ 8.87500000e+00  1.50000000e+00  0.00000000e+00  5.00000000e-01]
 [ 8.90000000e+00  1.50000000e+00  0.00000000e+00  5.00000000e-01]
 [ 8.92500000e+00  1.50000000e+00  0.00000000e+00  5.00000000e-01]
 [ 8.95000000e+00  1.50000000e+00  0.00000000e+00  5.00000000e-01]
 [ 8.97500000e+00  1.50000000e+00  0.00000000e+00  5.00000000e-01]
 [ 9.00000000e+00  1.50000000e+00  0.00000000e+00  5.00000000e-01]
 [ 9.02500000e+00  1.50000000e+00  0.00000000e+00  5.00000000e-01]
 [ 9.05000000e+00  1.50000000e+00  0.00000000e+00  5.00000000e-01]
 [ 9.07500000e+00  1.50000000e+00  0.00000000e+00  5.00000000e-01]
 [ 9.10000000e+00  1.50000000e+00  0.00000000e+00  5.00000000e-01]
 [ 9.12500000e+00  1.50000000e+00  0.00000000e+00  5.00000000e-01]
 [ 9.15000000e+00  1.50000000e+00  0.00000000e+00  5.00000000e-01]
 [ 9.17500000e+00  1.50000000e+00  0.00000000e+00  5.00000000e-01]
 [ 9.20000000e+00  1.50000000e+00  0.00000000e+00  5.00000000e-01]
 [ 9.22500000e+00  1.50000000e+00  0.00000000e+00  5.00000000e-01]
 [ 9.25000000e+00  1.50000000e+00  0.00000000e+00  5.00000000e-01]
 [ 9.27500000e+00  1.50000000e+00  0.00000000e+00  5.00000000e-01]
 [ 9.30000000e+00  1.50000000e+00  0.00000000e+00  5.00000000e-01]
 [ 9.32500000e+00  1.50000000e+00  0.00000000e+00  5.00000000e-01]
 [ 9.35000000e+00  1.50000000e+00  0.00000000e+00  5.00000000e-01]
 [ 9.37500000e+00  1.50000000e+00  0.00000000e+00  5.00000000e-01]
 [ 9.39995836e+00  1.50124896e+00  1.00000000e-01  5.00000000e-01]
 [ 9.42466664e+00  1.50498282e+00  2.00001564e-01  4.99976785e-01]
 [ 9.44877782e+00  1.51107977e+00  3.00245308e-01  4.97142767e-01]
 [ 9.47207546e+00  1.51948165e+00  4.00731702e-01  4.94050667e-01]
 [ 9.49447112e+00  1.53022816e+00  5.01187185e-01  4.95543151e-01]
 [ 9.51589287e+00  1.54337712e+00  6.01306105e-01  5.04411462e-01]
 [ 9.53628526e+00  1.55900444e+00  7.00750717e-01  5.21395429e-01]
 [ 9.55560934e+00  1.57720414e+00  7.99151183e-01  5.45183461e-01]
 [ 9.57384264e+00  1.59808835e+00  8.96105571e-01  5.72412550e-01]
 [ 9.59095173e+00  1.62173767e+00  9.90027403e-01  5.98234649e-01]
 [ 9.60669525e+00  1.64779778e+00  1.07063376e+00  6.23234649e-01]
 [ 9.62105733e+00  1.67614622e+00  1.13728071e+00  6.48234649e-01]
 [ 9.63412657e+00  1.70667601e+00  1.19203547e+00  6.73234649e-01]
 [ 9.64603459e+00  1.73918858e+00  1.23692162e+00  6.98234649e-01]
 [ 9.65695601e+00  1.77339369e+00  1.27391918e+00  7.23234649e-01]
 [ 9.66710764e+00  1.80891384e+00  1.30495751e+00  7.48234649e-01]
 [ 9.67663083e+00  1.84572920e+00  1.33112797e+00  7.73234649e-01]
 [ 9.68556480e+00  1.88398126e+00  1.35289522e+00  7.98234649e-01]
 [ 9.69397491e+00  1.92364919e+00  1.37089189e+00  8.23234649e-01]
 [ 9.70193830e+00  1.96470299e+00  1.38572908e+00  8.48234649e-01]
 [ 9.70954384e+00  2.00710348e+00  1.39799630e+00  8.73234649e-01]
 [ 9.71689213e+00  2.05080226e+00  1.40826149e+00  8.98234649e-01]
 [ 9.72407590e+00  2.09573019e+00  1.41699925e+00  9.22992720e-01]
 [ 9.73111550e+00  2.14189814e+00  1.42438439e+00  9.47601507e-01]
 [ 9.73802132e+00  2.18938244e+00  1.43054622e+00  9.72674404e-01]
 [ 9.74481088e+00  2.23822457e+00  1.43562537e+00  9.98430199e-01]
 [ 9.75150866e+00  2.28843006e+00  1.43977313e+00  1.02468140e+00]
 [ 9.75814616e+00  2.33996859e+00  1.44315142e+00  1.05083422e+00]
 [ 9.76476184e+00  2.39277390e+00  1.44593280e+00  1.07588861e+00]
 [ 9.77140112e+00  2.44674381e+00  1.44830047e+00  1.09843821e+00]
 [ 9.77809804e+00  2.50171688e+00  1.45041489e+00  1.11703910e+00]
 [ 9.78478981e+00  2.55744992e+00  1.45222912e+00  1.13250458e+00]
 [ 9.79147198e+00  2.61387501e+00  1.45375970e+00  1.14522646e+00]
 [ 9.79815013e+00  2.67093137e+00  1.45504419e+00  1.15544390e+00]
 [ 9.80482580e+00  2.72853945e+00  1.45611870e+00  1.16347212e+00]
 [ 9.81149649e+00  2.78660088e+00  1.45701793e+00  1.16970241e+00]
 [ 9.81815563e+00  2.84499853e+00  1.45777515e+00  1.17460211e+00]
 [ 9.82479263e+00  2.90359646e+00  1.45842220e+00  1.17871460e+00]
 [ 9.83139829e+00  2.96227664e+00  1.45898534e+00  1.18251175e+00]
 [ 9.83798958e+00  3.02110920e+00  1.45946690e+00  1.18570918e+00]
 [ 9.84457088e+00  3.08009046e+00  1.45987694e+00  1.18831999e+00]
 [ 9.85114331e+00  3.13919760e+00  1.46022637e+00  1.19043427e+00]
 [ 9.85770764e+00  3.19840776e+00  1.46052483e+00  1.19214263e+00]
 [ 9.86426420e+00  3.25769793e+00  1.46078060e+00  1.19353625e+00]
 [ 9.87073133e+00  3.31630748e+00  1.46093630e+00  1.10578240e+00]
 [ 9.87607423e+00  3.36469252e+00  1.46093206e+00  8.56536797e-01]
 [ 9.88023115e+00  3.40237710e+00  1.46093206e+00  6.66971002e-01]
 [ 9.88347928e+00  3.43182291e+00  1.46093206e+00  5.18848924e-01]
 [ 9.88599828e+00  3.45465894e+00  1.46093206e+00  4.03976242e-01]
 [ 9.88794515e+00  3.47230824e+00  1.46093206e+00  3.15194428e-01]
 [ 9.88946571e+00  3.48609288e+00  1.46093206e+00  2.45853185e-01]
 [ 9.89066144e+00  3.49693277e+00  1.46093206e+00  1.91324998e-01]
 [ 9.89159060e+00  3.50535603e+00  1.46093206e+00  1.48953216e-01]
 [ 9.89231000e+00  3.51187772e+00  1.46093206e+00  1.16146982e-01]
 [ 9.89287123e+00  3.51696560e+00  1.46093206e+00  9.05533103e-02]
 [ 9.89331168e+00  3.52095851e+00  1.46093206e+00  7.04676230e-02]
 [ 9.89365391e+00  3.52406098e+00  1.46093206e+00  5.48612139e-02]
 [ 9.89391884e+00  3.52646272e+00  1.46093206e+00  4.27796583e-02]
 [ 9.89412553e+00  3.52833639e+00  1.46093206e+00  3.33544756e-02]
 [ 9.89428776e+00  3.52980714e+00  1.46093206e+00  2.59561269e-02]
 [ 9.89441383e+00  3.53094997e+00  1.46093206e+00  2.02073454e-02]
 [ 9.89451141e+00  3.53183464e+00  1.46093206e+00  1.57571521e-02]
 [ 9.89458753e+00  3.53252470e+00  1.46093206e+00  1.22859381e-02]
 [ 9.89464729e+00  3.53306645e+00  1.46093206e+00  9.56074680e-03]
 [ 9.89469373e+00  3.53348744e+00  1.46093206e+00  7.44299386e-03]
 [ 9.89472968e+00  3.53381330e+00  1.46093206e+00  5.80381212e-03]
 [ 9.89475771e+00  3.53406740e+00  1.46093206e+00  4.52561993e-03]
 [ 9.89477972e+00  3.53426697e+00  1.46093206e+00  3.52172049e-03]
 [ 9.89479683e+00  3.53442209e+00  1.46093206e+00  2.74143102e-03]
 [ 9.89481007e+00  3.53454212e+00  1.46093206e+00  2.13765036e-03]
 [ 9.89482039e+00  3.53463564e+00  1.46093206e+00  1.66720444e-03]
 [ 9.89482850e+00  3.53470917e+00  1.46093206e+00  1.29733728e-03]
 [ 9.89483481e+00  3.53476635e+00  1.46093206e+00  1.00968678e-03]
 [ 9.89483968e+00  3.53481057e+00  1.46093206e+00  7.87257146e-04]
 [ 9.89484348e+00  3.53484495e+00  1.46093206e+00  6.14311696e-04]
 [ 9.89484646e+00  3.53487203e+00  1.46093206e+00  4.78055549e-04]
 [ 9.89484879e+00  3.53489315e+00  1.46093206e+00  3.71856933e-04]
 [ 9.89485059e+00  3.53490945e+00  1.46093206e+00  2.89825822e-04]
 [ 9.89485198e+00  3.53492207e+00  1.46093206e+00  2.26364123e-04]
 [ 9.89485308e+00  3.53493201e+00  1.46093206e+00  1.76357641e-04]
 [ 9.89485394e+00  3.53493983e+00  1.46093206e+00  1.37027095e-04]
 [ 9.89485461e+00  3.53494588e+00  1.46093206e+00  1.06602011e-04]
 [ 9.89485512e+00  3.53495052e+00  1.46093206e+00  8.32633270e-05]
 [ 9.89485552e+00  3.53495411e+00  1.46093206e+00  6.51925589e-05]
 [ 9.89485583e+00  3.53495698e+00  1.46093206e+00  5.07381528e-05]
 [ 9.89485608e+00  3.53495925e+00  1.46093206e+00  3.93047515e-05]
 [ 9.89485628e+00  3.53496101e+00  1.46093206e+00  3.04967267e-05]
 [ 9.89485642e+00  3.53496233e+00  1.46093206e+00  2.38414753e-05]
 [ 9.89485653e+00  3.53496333e+00  1.46093206e+00  1.88069486e-05]
 [ 9.89485662e+00  3.53496413e+00  1.46093206e+00  1.48016551e-05]
 [ 9.89485670e+00  3.53496479e+00  1.46093206e+00  1.14417483e-05]
 [ 9.89485675e+00  3.53496533e+00  1.46093206e+00  8.76183228e-06]
 [ 9.89485680e+00  3.53496573e+00  1.46093206e+00  6.72526158e-06]
 [ 9.89485683e+00  3.53496602e+00  1.46093206e+00  5.25278440e-06]
 [ 9.89485685e+00  3.53496623e+00  1.46093206e+00  4.22254250e-06]
 [ 9.89485687e+00  3.53496638e+00  1.46093206e+00  3.47007125e-06]
 [ 9.89485688e+00  3.53496651e+00  1.46093206e+00  2.78904739e-06]
 [ 9.89485690e+00  3.53496665e+00  1.46093206e+00  2.11652052e-06]
 [ 9.89485691e+00  3.53496676e+00  1.46093206e+00  1.54453999e-06]
 [ 9.89485692e+00  3.53496685e+00  1.46093206e+00  1.10326500e-06]
 [ 9.89485693e+00  3.53496691e+00  1.46093206e+00  8.03829349e-07]
 [ 9.89485693e+00  3.53496694e+00  1.46093206e+00  6.38341441e-07]
 [ 9.89485693e+00  3.53496695e+00  1.46093206e+00  5.79884277e-07]
 [ 9.89485693e+00  3.53496695e+00  1.46093206e+00  5.82515459e-07]
 [ 9.89485693e+00  3.53496695e+00  1.46093206e+00  5.81267190e-07]
 [ 9.89485694e+00  3.53496697e+00  1.46093206e+00  4.94666547e-07]
 [ 9.89485694e+00  3.53496700e+00  1.46093206e+00  3.40605379e-07]
 [ 9.89485694e+00  3.53496703e+00  1.46093206e+00  1.79680706e-07]
 [ 9.89485695e+00  3.53496706e+00  1.46093206e+00  3.93818383e-08]
 [ 9.89485695e+00  3.53496708e+00  1.46093206e+00 -6.08249033e-08]
 [ 9.89485695e+00  3.53496709e+00  1.46093206e+00 -1.09496188e-07]
 [ 9.89485695e+00  3.53496709e+00  1.46093206e+00 -1.03211673e-07]
 [ 9.89485695e+00  3.53496708e+00  1.46093206e+00 -4.65740058e-08]
 [ 9.89485695e+00  3.53496706e+00  1.46093206e+00  4.77911774e-08]
 [ 9.89485694e+00  3.53496704e+00  1.46093206e+00  1.59235251e-07]
 [ 9.89485694e+00  3.53496702e+00  1.46093206e+00  2.59086601e-07]
 [ 9.89485694e+00  3.53496701e+00  1.46093206e+00  3.10650623e-07]
 [ 9.89485694e+00  3.53496701e+00  1.46093206e+00  2.73420127e-07]
 [ 9.89485694e+00  3.53496703e+00  1.46093206e+00  2.12933790e-07]
 [ 9.89485694e+00  3.53496704e+00  1.46093206e+00  1.65842042e-07]]
Unsafe region shape: (1, 7)
unsafe_region: [[-1.65  1.5   1.    1.    0.    0.    0.  ]]
candidate_x_traj shape: (241, 4)
candidate_x_traj: [[ 6.65000000e+00  1.50000000e+00  0.00000000e+00  5.00000000e-01]
 [ 6.67500000e+00  1.50000000e+00  0.00000000e+00  5.00000000e-01]
 [ 6.70000000e+00  1.50000000e+00  0.00000000e+00  5.00000000e-01]
 [ 6.72500000e+00  1.50000000e+00  0.00000000e+00  5.00000000e-01]
 [ 6.75000000e+00  1.50000000e+00  0.00000000e+00  5.00000000e-01]
 [ 6.77500000e+00  1.50000000e+00  0.00000000e+00  5.00000000e-01]
 [ 6.80000000e+00  1.50000000e+00  0.00000000e+00  5.00000000e-01]
 [ 6.82500000e+00  1.50000000e+00  0.00000000e+00  5.00000000e-01]
 [ 6.85000000e+00  1.50000000e+00  0.00000000e+00  5.00000000e-01]
 [ 6.87500000e+00  1.50000000e+00  0.00000000e+00  5.00000000e-01]
 [ 6.90000000e+00  1.50000000e+00  0.00000000e+00  5.00000000e-01]
 [ 6.92500000e+00  1.50000000e+00  0.00000000e+00  5.00000000e-01]
 [ 6.95000000e+00  1.50000000e+00  0.00000000e+00  5.00000000e-01]
 [ 6.97500000e+00  1.50000000e+00  0.00000000e+00  5.00000000e-01]
 [ 7.00000000e+00  1.50000000e+00  0.00000000e+00  5.00000000e-01]
 [ 7.02500000e+00  1.50000000e+00  0.00000000e+00  5.00000000e-01]
 [ 7.05000000e+00  1.50000000e+00  0.00000000e+00  5.00000000e-01]
 [ 7.07500000e+00  1.50000000e+00  0.00000000e+00  5.00000000e-01]
 [ 7.10000000e+00  1.50000000e+00  0.00000000e+00  5.00000000e-01]
 [ 7.12500000e+00  1.50000000e+00  0.00000000e+00  5.00000000e-01]
 [ 7.15000000e+00  1.50000000e+00  0.00000000e+00  5.00000000e-01]
 [ 7.17500000e+00  1.50000000e+00  0.00000000e+00  5.00000000e-01]
 [ 7.20000000e+00  1.50000000e+00  0.00000000e+00  5.00000000e-01]
 [ 7.22500000e+00  1.50000000e+00  0.00000000e+00  5.00000000e-01]
 [ 7.25000000e+00  1.50000000e+00  0.00000000e+00  5.00000000e-01]
 [ 7.27500000e+00  1.50000000e+00  0.00000000e+00  5.00000000e-01]
 [ 7.30000000e+00  1.50000000e+00  0.00000000e+00  5.00000000e-01]
 [ 7.32500000e+00  1.50000000e+00  0.00000000e+00  5.00000000e-01]
 [ 7.35000000e+00  1.50000000e+00  0.00000000e+00  5.00000000e-01]
 [ 7.37500000e+00  1.50000000e+00  0.00000000e+00  5.00000000e-01]
 [ 7.40000000e+00  1.50000000e+00  0.00000000e+00  5.00000000e-01]
 [ 7.42500000e+00  1.50000000e+00  0.00000000e+00  5.00000000e-01]
 [ 7.45000000e+00  1.50000000e+00  0.00000000e+00  5.00000000e-01]
 [ 7.47500000e+00  1.50000000e+00  0.00000000e+00  5.00000000e-01]
 [ 7.50000000e+00  1.50000000e+00  0.00000000e+00  5.00000000e-01]
 [ 7.52500000e+00  1.50000000e+00  0.00000000e+00  5.00000000e-01]
 [ 7.55000000e+00  1.50000000e+00  0.00000000e+00  5.00000000e-01]
 [ 7.57500000e+00  1.50000000e+00  0.00000000e+00  5.00000000e-01]
 [ 7.60000000e+00  1.50000000e+00  0.00000000e+00  5.00000000e-01]
 [ 7.62500000e+00  1.50000000e+00  0.00000000e+00  5.00000000e-01]
 [ 7.65000000e+00  1.50000000e+00  0.00000000e+00  5.00000000e-01]
 [ 7.67500000e+00  1.50000000e+00  0.00000000e+00  5.00000000e-01]
 [ 7.70000000e+00  1.50000000e+00  0.00000000e+00  5.00000000e-01]
 [ 7.72500000e+00  1.50000000e+00  0.00000000e+00  5.00000000e-01]
 [ 7.75000000e+00  1.50000000e+00  0.00000000e+00  5.00000000e-01]
 [ 7.77500000e+00  1.50000000e+00  0.00000000e+00  5.00000000e-01]
 [ 7.80000000e+00  1.50000000e+00  0.00000000e+00  5.00000000e-01]
 [ 7.82500000e+00  1.50000000e+00  0.00000000e+00  5.00000000e-01]
 [ 7.85000000e+00  1.50000000e+00  0.00000000e+00  5.00000000e-01]
 [ 7.87500000e+00  1.50000000e+00  0.00000000e+00  5.00000000e-01]
 [ 7.90000000e+00  1.50000000e+00  0.00000000e+00  5.00000000e-01]
 [ 7.92500000e+00  1.50000000e+00  0.00000000e+00  5.00000000e-01]
 [ 7.95000000e+00  1.50000000e+00  0.00000000e+00  5.00000000e-01]
 [ 7.97500000e+00  1.50000000e+00  0.00000000e+00  5.00000000e-01]
 [ 8.00000000e+00  1.50000000e+00  0.00000000e+00  5.00000000e-01]
 [ 8.02500000e+00  1.50000000e+00  0.00000000e+00  5.00000000e-01]
 [ 8.05000000e+00  1.50000000e+00  0.00000000e+00  5.00000000e-01]
 [ 8.07500000e+00  1.50000000e+00  0.00000000e+00  5.00000000e-01]
 [ 8.10000000e+00  1.50000000e+00  0.00000000e+00  5.00000000e-01]
 [ 8.12500000e+00  1.50000000e+00  0.00000000e+00  5.00000000e-01]
 [ 8.15000000e+00  1.50000000e+00  0.00000000e+00  5.00000000e-01]
 [ 8.17500000e+00  1.50000000e+00  0.00000000e+00  5.00000000e-01]
 [ 8.20000000e+00  1.50000000e+00  0.00000000e+00  5.00000000e-01]
 [ 8.22500000e+00  1.50000000e+00  0.00000000e+00  5.00000000e-01]
 [ 8.25000000e+00  1.50000000e+00  0.00000000e+00  5.00000000e-01]
 [ 8.27500000e+00  1.50000000e+00  0.00000000e+00  5.00000000e-01]
 [ 8.30000000e+00  1.50000000e+00  0.00000000e+00  5.00000000e-01]
 [ 8.32500000e+00  1.50000000e+00  0.00000000e+00  5.00000000e-01]
 [ 8.35000000e+00  1.50000000e+00  0.00000000e+00  5.00000000e-01]
 [ 8.37500000e+00  1.50000000e+00  0.00000000e+00  5.00000000e-01]
 [ 8.40000000e+00  1.50000000e+00  0.00000000e+00  5.00000000e-01]
 [ 8.42500000e+00  1.50000000e+00  0.00000000e+00  5.00000000e-01]
 [ 8.45000000e+00  1.50000000e+00  0.00000000e+00  5.00000000e-01]
 [ 8.47500000e+00  1.50000000e+00  0.00000000e+00  5.00000000e-01]
 [ 8.50000000e+00  1.50000000e+00  0.00000000e+00  5.00000000e-01]
 [ 8.52500000e+00  1.50000000e+00  0.00000000e+00  5.00000000e-01]
 [ 8.55000000e+00  1.50000000e+00  0.00000000e+00  5.00000000e-01]
 [ 8.57500000e+00  1.50000000e+00  0.00000000e+00  5.00000000e-01]
 [ 8.60000000e+00  1.50000000e+00  0.00000000e+00  5.00000000e-01]
 [ 8.62500000e+00  1.50000000e+00  0.00000000e+00  5.00000000e-01]
 [ 8.65000000e+00  1.50000000e+00  0.00000000e+00  5.00000000e-01]
 [ 8.67500000e+00  1.50000000e+00  0.00000000e+00  5.00000000e-01]
 [ 8.70000000e+00  1.50000000e+00  0.00000000e+00  5.00000000e-01]
 [ 8.72500000e+00  1.50000000e+00  0.00000000e+00  5.00000000e-01]
 [ 8.75000000e+00  1.50000000e+00  0.00000000e+00  5.00000000e-01]
 [ 8.77500000e+00  1.50000000e+00  0.00000000e+00  5.00000000e-01]
 [ 8.80000000e+00  1.50000000e+00  0.00000000e+00  5.00000000e-01]
 [ 8.82500000e+00  1.50000000e+00  0.00000000e+00  5.00000000e-01]
 [ 8.85000000e+00  1.50000000e+00  0.00000000e+00  5.00000000e-01]
 [ 8.87500000e+00  1.50000000e+00  0.00000000e+00  5.00000000e-01]
 [ 8.90000000e+00  1.50000000e+00  0.00000000e+00  5.00000000e-01]
 [ 8.92500000e+00  1.50000000e+00  0.00000000e+00  5.00000000e-01]
 [ 8.95000000e+00  1.50000000e+00  0.00000000e+00  5.00000000e-01]
 [ 8.97500000e+00  1.50000000e+00  0.00000000e+00  5.00000000e-01]
 [ 9.00000000e+00  1.50000000e+00  0.00000000e+00  5.00000000e-01]
 [ 9.02500000e+00  1.50000000e+00  0.00000000e+00  5.00000000e-01]
 [ 9.05000000e+00  1.50000000e+00  0.00000000e+00  5.00000000e-01]
 [ 9.07500000e+00  1.50000000e+00  0.00000000e+00  5.00000000e-01]
 [ 9.10000000e+00  1.50000000e+00  0.00000000e+00  5.00000000e-01]
 [ 9.12500000e+00  1.50000000e+00  0.00000000e+00  5.00000000e-01]
 [ 9.15000000e+00  1.50000000e+00  0.00000000e+00  5.00000000e-01]
 [ 9.17500000e+00  1.50000000e+00  0.00000000e+00  5.00000000e-01]
 [ 9.20000000e+00  1.50000000e+00  0.00000000e+00  5.00000000e-01]
 [ 9.22500000e+00  1.50000000e+00  0.00000000e+00  5.00000000e-01]
 [ 9.25000000e+00  1.50000000e+00  0.00000000e+00  5.00000000e-01]
 [ 9.27500000e+00  1.50000000e+00  0.00000000e+00  5.00000000e-01]
 [ 9.30000000e+00  1.50000000e+00  0.00000000e+00  5.00000000e-01]
 [ 9.32500000e+00  1.50000000e+00  0.00000000e+00  5.00000000e-01]
 [ 9.35000000e+00  1.50000000e+00  0.00000000e+00  5.00000000e-01]
 [ 9.37500000e+00  1.50000000e+00  0.00000000e+00  5.00000000e-01]
 [ 9.40000000e+00  1.50000000e+00  0.00000000e+00  5.00000000e-01]
 [ 9.42500000e+00  1.50000000e+00  0.00000000e+00  5.00000000e-01]
 [ 9.45000000e+00  1.50000000e+00  0.00000000e+00  5.00000000e-01]
 [ 9.47500000e+00  1.50000000e+00  0.00000000e+00  5.00000000e-01]
 [ 9.50000000e+00  1.50000000e+00  0.00000000e+00  5.00000000e-01]
 [ 9.52500000e+00  1.50000000e+00  0.00000000e+00  5.00000000e-01]
 [ 9.55000000e+00  1.50000000e+00  0.00000000e+00  5.00000000e-01]
 [ 9.57500000e+00  1.50000000e+00  0.00000000e+00  5.00000000e-01]
 [ 9.60000000e+00  1.50000000e+00  0.00000000e+00  5.00000000e-01]
 [ 9.62500000e+00  1.50000000e+00  0.00000000e+00  5.00000000e-01]
 [ 9.65000000e+00  1.50000000e+00  0.00000000e+00  5.00000000e-01]
 [ 9.67495836e+00  1.50124896e+00  1.00000000e-01  5.00000000e-01]
 [ 9.69966647e+00  1.50498295e+00  2.00000000e-01  4.99975954e-01]
 [ 9.72375707e+00  1.51109723e+00  3.00000000e-01  4.97093050e-01]
 [ 9.74703492e+00  1.51952498e+00  4.00000000e-01  4.94170010e-01]
 [ 9.76944743e+00  1.53028975e+00  5.00000000e-01  4.96285141e-01]
 [ 9.79093976e+00  1.54345046e+00  6.00000000e-01  5.06229566e-01]
 [ 9.81145482e+00  1.55910135e+00  7.00000000e-01  5.24507224e-01]
 [ 9.83093324e+00  1.57737207e+00  8.00000000e-01  5.49334872e-01]
 [ 9.84931342e+00  1.59842759e+00  9.00000000e-01  5.76642083e-01]
 [ 9.86633602e+00  1.62233988e+00  9.98171275e-01  6.01929345e-01]
 [ 9.88148416e+00  1.64880083e+00  1.08791506e+00  6.26929345e-01]
 [ 9.89496413e+00  1.67770637e+00  1.16750824e+00  6.51929345e-01]
 [ 9.90697071e+00  1.70891544e+00  1.23624391e+00  6.76929345e-01]
 [ 9.91763400e+00  1.74222403e+00  1.29403637e+00  7.01929345e-01]
 [ 9.92701954e+00  1.77736527e+00  1.34142118e+00  7.26929345e-01]
 [ 9.93512821e+00  1.81400931e+00  1.37955509e+00  7.51929345e-01]
 [ 9.94191932e+00  1.85178558e+00  1.41023943e+00  7.76929345e-01]
 [ 9.94776716e+00  1.89080476e+00  1.43573736e+00  8.01929345e-01]
 [ 9.95287080e+00  1.93119658e+00  1.45696946e+00  8.26929345e-01]
 [ 9.95728841e+00  1.97295476e+00  1.47450988e+00  8.51929345e-01]
 [ 9.96109590e+00  2.01606022e+00  1.48893094e+00  8.76929345e-01]
 [ 9.96438689e+00  2.06048107e+00  1.50080315e+00  9.01929345e-01]
 [ 9.96727272e+00  2.10617259e+00  1.51069522e+00  9.26929345e-01]
 [ 9.96987474e+00  2.15307926e+00  1.51915013e+00  9.51931995e-01]
 [ 9.97222071e+00  2.20119946e+00  1.52636569e+00  9.76974149e-01]
 [ 9.97431262e+00  2.25058790e+00  1.53243122e+00  1.00202406e+00]
 [ 9.97616623e+00  2.30126790e+00  1.53746956e+00  1.02689755e+00]
 [ 9.97780243e+00  2.35322596e+00  1.54161163e+00  1.05125693e+00]
 [ 9.97924732e+00  2.40641172e+00  1.54499641e+00  1.07461109e+00]
 [ 9.98053218e+00  2.46073796e+00  1.54777095e+00  1.09631540e+00]
 [ 9.98169347e+00  2.51608062e+00  1.55009039e+00  1.11557178e+00]
 [ 9.98277281e+00  2.57227880e+00  1.55211790e+00  1.13142870e+00]
 [ 9.98378339e+00  2.62910162e+00  1.55391785e+00  1.14410295e+00]
 [ 9.98471104e+00  2.68642934e+00  1.55544685e+00  1.15476076e+00]
 [ 9.98556764e+00  2.74424696e+00  1.55673794e+00  1.16346456e+00]
 [ 9.98636343e+00  2.80252005e+00  1.55782298e+00  1.17035182e+00]
 [ 9.98710695e+00  2.86119458e+00  1.55873248e+00  1.17563809e+00]
 [ 9.98780503e+00  2.92019688e+00  1.55949558e+00  1.17961698e+00]
 [ 9.98846281e+00  2.97943367e+00  1.56014005e+00  1.18266017e+00]
 [ 9.98908370e+00  3.03879206e+00  1.56069228e+00  1.18521742e+00]
 [ 9.98966973e+00  3.09834369e+00  1.56118109e+00  1.19280576e+00]
 [ 9.99022889e+00  3.15949318e+00  1.56163613e+00  1.22916244e+00]
 [ 9.99076870e+00  3.22028342e+00  1.56199611e+00  1.22607853e+00]
 [ 9.99128451e+00  3.27796237e+00  1.56221905e+00  1.13527764e+00]
 [ 9.99175915e+00  3.32985861e+00  1.56230514e+00  9.54738916e-01]
 [ 9.99216297e+00  3.37338134e+00  1.56229674e+00  7.28697091e-01]
 [ 9.99245500e+00  3.40609113e+00  1.56227725e+00  5.46196985e-01]
 [ 9.99266134e+00  3.43031114e+00  1.56227725e+00  4.25092570e-01]
 [ 9.99282167e+00  3.44913098e+00  1.56227725e+00  3.30989932e-01]
 [ 9.99294591e+00  3.46371455e+00  1.56227725e+00  2.58069457e-01]
 [ 9.99304294e+00  3.47510331e+00  1.56227725e+00  2.01123603e-01]
 [ 9.99311893e+00  3.48402305e+00  1.56227725e+00  1.56523249e-01]
 [ 9.99317793e+00  3.49094893e+00  1.56227725e+00  1.21892609e-01]
 [ 9.99322366e+00  3.49631740e+00  1.56227725e+00  9.50492855e-02]
 [ 9.99325943e+00  3.50051590e+00  1.56227725e+00  7.40560412e-02]
 [ 9.99328743e+00  3.50380209e+00  1.56227725e+00  5.76244665e-02]
 [ 9.99330915e+00  3.50635123e+00  1.56227725e+00  4.48782948e-02]
 [ 9.99332597e+00  3.50832565e+00  1.56227725e+00  3.50058736e-02]
 [ 9.99333913e+00  3.50987104e+00  1.56227725e+00  2.72786261e-02]
 [ 9.99334944e+00  3.51108149e+00  1.56227725e+00  2.12261481e-02]
 [ 9.99335744e+00  3.51202055e+00  1.56227725e+00  1.65306780e-02]
 [ 9.99336364e+00  3.51274787e+00  1.56227725e+00  1.28939528e-02]
 [ 9.99336849e+00  3.51331704e+00  1.56227725e+00  1.00479783e-02]
 [ 9.99337229e+00  3.51376294e+00  1.56227725e+00  7.81843290e-03]
 [ 9.99337524e+00  3.51410887e+00  1.56227725e+00  6.08869648e-03]
 [ 9.99337752e+00  3.51437675e+00  1.56227725e+00  4.74925313e-03]
 [ 9.99337930e+00  3.51458633e+00  1.56227725e+00  3.70130931e-03]
 [ 9.99338070e+00  3.51475061e+00  1.56227725e+00  2.87990028e-03]
 [ 9.99338179e+00  3.51487807e+00  1.56227725e+00  2.24256236e-03]
 [ 9.99338263e+00  3.51497673e+00  1.56227725e+00  1.74927145e-03]
 [ 9.99338329e+00  3.51505386e+00  1.56227725e+00  1.36359742e-03]
 [ 9.99338380e+00  3.51511440e+00  1.56227725e+00  1.06087455e-03]
 [ 9.99338420e+00  3.51516139e+00  1.56227725e+00  8.25900407e-04]
 [ 9.99338451e+00  3.51519772e+00  1.56227725e+00  6.44241937e-04]
 [ 9.99338475e+00  3.51522607e+00  1.56227725e+00  5.02530608e-04]
 [ 9.99338494e+00  3.51524839e+00  1.56227725e+00  3.90912062e-04]
 [ 9.99338509e+00  3.51526575e+00  1.56227725e+00  3.04120867e-04]
 [ 9.99338520e+00  3.51527914e+00  1.56227725e+00  2.37161047e-04]
 [ 9.99338529e+00  3.51528951e+00  1.56227725e+00  1.85273622e-04]
 [ 9.99338536e+00  3.51529772e+00  1.56227725e+00  1.44241064e-04]
 [ 9.99338542e+00  3.51530416e+00  1.56227725e+00  1.12039594e-04]
 [ 9.99338546e+00  3.51530913e+00  1.56227725e+00  8.71867417e-05]
 [ 9.99338549e+00  3.51531294e+00  1.56227725e+00  6.81526056e-05]
 [ 9.99338552e+00  3.51531589e+00  1.56227725e+00  5.33899106e-05]
 [ 9.99338554e+00  3.51531826e+00  1.56227725e+00  4.15255800e-05]
 [ 9.99338555e+00  3.51532014e+00  1.56227725e+00  3.21403094e-05]
 [ 9.99338557e+00  3.51532158e+00  1.56227725e+00  2.49232781e-05]
 [ 9.99338558e+00  3.51532267e+00  1.56227725e+00  1.94922900e-05]
 [ 9.99338558e+00  3.51532349e+00  1.56227725e+00  1.54058050e-05]
 [ 9.99338559e+00  3.51532414e+00  1.56227725e+00  1.21629394e-05]
 [ 9.99338559e+00  3.51532469e+00  1.56227725e+00  9.40449063e-06]
 [ 9.99338560e+00  3.51532513e+00  1.56227725e+00  7.18290503e-06]
 [ 9.99338560e+00  3.51532547e+00  1.56227725e+00  5.48638622e-06]
 [ 9.99338560e+00  3.51532571e+00  1.56227725e+00  4.26348409e-06]
 [ 9.99338560e+00  3.51532588e+00  1.56227725e+00  3.42389354e-06]
 [ 9.99338560e+00  3.51532600e+00  1.56227725e+00  2.83845447e-06]
 [ 9.99338560e+00  3.51532610e+00  1.56227725e+00  2.33915175e-06]
 [ 9.99338561e+00  3.51532621e+00  1.56227725e+00  1.79871144e-06]
 [ 9.99338561e+00  3.51532631e+00  1.56227725e+00  1.31171093e-06]
 [ 9.99338561e+00  3.51532638e+00  1.56227725e+00  9.18672990e-07]
 [ 9.99338561e+00  3.51532644e+00  1.56227725e+00  6.39206733e-07]
 [ 9.99338561e+00  3.51532647e+00  1.56227725e+00  4.76291560e-07]
 [ 9.99338561e+00  3.51532648e+00  1.56227725e+00  4.16277158e-07]
 [ 9.99338561e+00  3.51532648e+00  1.56227725e+00  4.28883505e-07]
 [ 9.99338561e+00  3.51532647e+00  1.56227725e+00  4.67200867e-07]
 [ 9.99338561e+00  3.51532647e+00  1.56227725e+00  4.67689802e-07]
 [ 9.99338561e+00  3.51532649e+00  1.56227725e+00  3.68418276e-07]
 [ 9.99338561e+00  3.51532652e+00  1.56227725e+00  2.24353766e-07]
 [ 9.99338561e+00  3.51532655e+00  1.56227725e+00  7.74260434e-08]
 [ 9.99338561e+00  3.51532658e+00  1.56227725e+00 -4.70149555e-08]
 [ 9.99338561e+00  3.51532659e+00  1.56227725e+00 -1.31130893e-07]
 [ 9.99338561e+00  3.51532660e+00  1.56227725e+00 -1.64595029e-07]
 [ 9.99338561e+00  3.51532660e+00  1.56227725e+00 -1.44592226e-07]
 [ 9.99338561e+00  3.51532658e+00  1.56227725e+00 -7.58189413e-08]
 [ 9.99338561e+00  3.51532656e+00  1.56227725e+00  2.95167664e-08]
 [ 9.99338561e+00  3.51532654e+00  1.56227725e+00  1.51695240e-07]
 [ 9.99338561e+00  3.51532651e+00  1.56227725e+00  2.63485224e-07]
 [ 9.99338561e+00  3.51532650e+00  1.56227725e+00  3.30143862e-07]
 [ 9.99338561e+00  3.51532651e+00  1.56227725e+00  3.09446042e-07]
 [ 9.99338561e+00  3.51532652e+00  1.56227725e+00  2.40996848e-07]]
Unsafe region shape: (1, 7)
unsafe_region: [[-1.1  1.5  1.   1.   0.   0.   0. ]]
candidate_x_traj shape: (241, 4)
candidate_x_traj: [[ 6.92500000e+00  1.50000000e+00  0.00000000e+00  5.00000000e-01]
 [ 6.95000000e+00  1.50000000e+00  0.00000000e+00  5.00000000e-01]
 [ 6.97500000e+00  1.50000000e+00  0.00000000e+00  5.00000000e-01]
 [ 7.00000000e+00  1.50000000e+00  0.00000000e+00  5.00000000e-01]
 [ 7.02500000e+00  1.50000000e+00  0.00000000e+00  5.00000000e-01]
 [ 7.05000000e+00  1.50000000e+00  0.00000000e+00  5.00000000e-01]
 [ 7.07500000e+00  1.50000000e+00  0.00000000e+00  5.00000000e-01]
 [ 7.10000000e+00  1.50000000e+00  0.00000000e+00  5.00000000e-01]
 [ 7.12500000e+00  1.50000000e+00  0.00000000e+00  5.00000000e-01]
 [ 7.15000000e+00  1.50000000e+00  0.00000000e+00  5.00000000e-01]
 [ 7.17500000e+00  1.50000000e+00  0.00000000e+00  5.00000000e-01]
 [ 7.20000000e+00  1.50000000e+00  0.00000000e+00  5.00000000e-01]
 [ 7.22500000e+00  1.50000000e+00  0.00000000e+00  5.00000000e-01]
 [ 7.25000000e+00  1.50000000e+00  0.00000000e+00  5.00000000e-01]
 [ 7.27500000e+00  1.50000000e+00  0.00000000e+00  5.00000000e-01]
 [ 7.30000000e+00  1.50000000e+00  0.00000000e+00  5.00000000e-01]
 [ 7.32500000e+00  1.50000000e+00  0.00000000e+00  5.00000000e-01]
 [ 7.35000000e+00  1.50000000e+00  0.00000000e+00  5.00000000e-01]
 [ 7.37500000e+00  1.50000000e+00  0.00000000e+00  5.00000000e-01]
 [ 7.40000000e+00  1.50000000e+00  0.00000000e+00  5.00000000e-01]
 [ 7.42500000e+00  1.50000000e+00  0.00000000e+00  5.00000000e-01]
 [ 7.45000000e+00  1.50000000e+00  0.00000000e+00  5.00000000e-01]
 [ 7.47500000e+00  1.50000000e+00  0.00000000e+00  5.00000000e-01]
 [ 7.50000000e+00  1.50000000e+00  0.00000000e+00  5.00000000e-01]
 [ 7.52500000e+00  1.50000000e+00  0.00000000e+00  5.00000000e-01]
 [ 7.55000000e+00  1.50000000e+00  0.00000000e+00  5.00000000e-01]
 [ 7.57500000e+00  1.50000000e+00  0.00000000e+00  5.00000000e-01]
 [ 7.60000000e+00  1.50000000e+00  0.00000000e+00  5.00000000e-01]
 [ 7.62500000e+00  1.50000000e+00  0.00000000e+00  5.00000000e-01]
 [ 7.65000000e+00  1.50000000e+00  0.00000000e+00  5.00000000e-01]
 [ 7.67500000e+00  1.50000000e+00  0.00000000e+00  5.00000000e-01]
 [ 7.70000000e+00  1.50000000e+00  0.00000000e+00  5.00000000e-01]
 [ 7.72500000e+00  1.50000000e+00  0.00000000e+00  5.00000000e-01]
 [ 7.75000000e+00  1.50000000e+00  0.00000000e+00  5.00000000e-01]
 [ 7.77500000e+00  1.50000000e+00  0.00000000e+00  5.00000000e-01]
 [ 7.80000000e+00  1.50000000e+00  0.00000000e+00  5.00000000e-01]
 [ 7.82500000e+00  1.50000000e+00  0.00000000e+00  5.00000000e-01]
 [ 7.85000000e+00  1.50000000e+00  0.00000000e+00  5.00000000e-01]
 [ 7.87500000e+00  1.50000000e+00  0.00000000e+00  5.00000000e-01]
 [ 7.90000000e+00  1.50000000e+00  0.00000000e+00  5.00000000e-01]
 [ 7.92500000e+00  1.50000000e+00  0.00000000e+00  5.00000000e-01]
 [ 7.95000000e+00  1.50000000e+00  0.00000000e+00  5.00000000e-01]
 [ 7.97500000e+00  1.50000000e+00  0.00000000e+00  5.00000000e-01]
 [ 8.00000000e+00  1.50000000e+00  0.00000000e+00  5.00000000e-01]
 [ 8.02500000e+00  1.50000000e+00  0.00000000e+00  5.00000000e-01]
 [ 8.05000000e+00  1.50000000e+00  0.00000000e+00  5.00000000e-01]
 [ 8.07500000e+00  1.50000000e+00  0.00000000e+00  5.00000000e-01]
 [ 8.10000000e+00  1.50000000e+00  0.00000000e+00  5.00000000e-01]
 [ 8.12500000e+00  1.50000000e+00  0.00000000e+00  5.00000000e-01]
 [ 8.15000000e+00  1.50000000e+00  0.00000000e+00  5.00000000e-01]
 [ 8.17500000e+00  1.50000000e+00  0.00000000e+00  5.00000000e-01]
 [ 8.20000000e+00  1.50000000e+00  0.00000000e+00  5.00000000e-01]
 [ 8.22500000e+00  1.50000000e+00  0.00000000e+00  5.00000000e-01]
 [ 8.25000000e+00  1.50000000e+00  0.00000000e+00  5.00000000e-01]
 [ 8.27500000e+00  1.50000000e+00  0.00000000e+00  5.00000000e-01]
 [ 8.30000000e+00  1.50000000e+00  0.00000000e+00  5.00000000e-01]
 [ 8.32500000e+00  1.50000000e+00  0.00000000e+00  5.00000000e-01]
 [ 8.35000000e+00  1.50000000e+00  0.00000000e+00  5.00000000e-01]
 [ 8.37500000e+00  1.50000000e+00  0.00000000e+00  5.00000000e-01]
 [ 8.40000000e+00  1.50000000e+00  0.00000000e+00  5.00000000e-01]
 [ 8.42500000e+00  1.50000000e+00  0.00000000e+00  5.00000000e-01]
 [ 8.45000000e+00  1.50000000e+00  0.00000000e+00  5.00000000e-01]
 [ 8.47500000e+00  1.50000000e+00  0.00000000e+00  5.00000000e-01]
 [ 8.50000000e+00  1.50000000e+00  0.00000000e+00  5.00000000e-01]
 [ 8.52500000e+00  1.50000000e+00  0.00000000e+00  5.00000000e-01]
 [ 8.55000000e+00  1.50000000e+00  0.00000000e+00  5.00000000e-01]
 [ 8.57500000e+00  1.50000000e+00  0.00000000e+00  5.00000000e-01]
 [ 8.60000000e+00  1.50000000e+00  0.00000000e+00  5.00000000e-01]
 [ 8.62500000e+00  1.50000000e+00  0.00000000e+00  5.00000000e-01]
 [ 8.65000000e+00  1.50000000e+00  0.00000000e+00  5.00000000e-01]
 [ 8.67500000e+00  1.50000000e+00  0.00000000e+00  5.00000000e-01]
 [ 8.70000000e+00  1.50000000e+00  0.00000000e+00  5.00000000e-01]
 [ 8.72500000e+00  1.50000000e+00  0.00000000e+00  5.00000000e-01]
 [ 8.75000000e+00  1.50000000e+00  0.00000000e+00  5.00000000e-01]
 [ 8.77500000e+00  1.50000000e+00  0.00000000e+00  5.00000000e-01]
 [ 8.80000000e+00  1.50000000e+00  0.00000000e+00  5.00000000e-01]
 [ 8.82500000e+00  1.50000000e+00  0.00000000e+00  5.00000000e-01]
 [ 8.85000000e+00  1.50000000e+00  0.00000000e+00  5.00000000e-01]
 [ 8.87500000e+00  1.50000000e+00  0.00000000e+00  5.00000000e-01]
 [ 8.90000000e+00  1.50000000e+00  0.00000000e+00  5.00000000e-01]
 [ 8.92500000e+00  1.50000000e+00  0.00000000e+00  5.00000000e-01]
 [ 8.95000000e+00  1.50000000e+00  0.00000000e+00  5.00000000e-01]
 [ 8.97500000e+00  1.50000000e+00  0.00000000e+00  5.00000000e-01]
 [ 9.00000000e+00  1.50000000e+00  0.00000000e+00  5.00000000e-01]
 [ 9.02500000e+00  1.50000000e+00  0.00000000e+00  5.00000000e-01]
 [ 9.05000000e+00  1.50000000e+00  0.00000000e+00  5.00000000e-01]
 [ 9.07500000e+00  1.50000000e+00  0.00000000e+00  5.00000000e-01]
 [ 9.10000000e+00  1.50000000e+00  0.00000000e+00  5.00000000e-01]
 [ 9.12500000e+00  1.50000000e+00  0.00000000e+00  5.00000000e-01]
 [ 9.15000000e+00  1.50000000e+00  0.00000000e+00  5.00000000e-01]
 [ 9.17500000e+00  1.50000000e+00  0.00000000e+00  5.00000000e-01]
 [ 9.20000000e+00  1.50000000e+00  0.00000000e+00  5.00000000e-01]
 [ 9.22500000e+00  1.50000000e+00  0.00000000e+00  5.00000000e-01]
 [ 9.25000000e+00  1.50000000e+00  0.00000000e+00  5.00000000e-01]
 [ 9.27500000e+00  1.50000000e+00  0.00000000e+00  5.00000000e-01]
 [ 9.30000000e+00  1.50000000e+00  0.00000000e+00  5.00000000e-01]
 [ 9.32500000e+00  1.50000000e+00  0.00000000e+00  5.00000000e-01]
 [ 9.35000000e+00  1.50000000e+00  0.00000000e+00  5.00000000e-01]
 [ 9.37500000e+00  1.50000000e+00  0.00000000e+00  5.00000000e-01]
 [ 9.40000000e+00  1.50000000e+00  0.00000000e+00  5.00000000e-01]
 [ 9.42500000e+00  1.50000000e+00  0.00000000e+00  5.00000000e-01]
 [ 9.45000000e+00  1.50000000e+00  0.00000000e+00  5.00000000e-01]
 [ 9.47500000e+00  1.50000000e+00  0.00000000e+00  5.00000000e-01]
 [ 9.50000000e+00  1.50000000e+00  0.00000000e+00  5.00000000e-01]
 [ 9.52500000e+00  1.50000000e+00  0.00000000e+00  5.00000000e-01]
 [ 9.55000000e+00  1.50000000e+00  0.00000000e+00  5.00000000e-01]
 [ 9.57500000e+00  1.50000000e+00  0.00000000e+00  5.00000000e-01]
 [ 9.60000000e+00  1.50000000e+00  0.00000000e+00  5.00000000e-01]
 [ 9.62500000e+00  1.50000000e+00  0.00000000e+00  5.00000000e-01]
 [ 9.65000000e+00  1.50000000e+00  0.00000000e+00  5.00000000e-01]
 [ 9.67500000e+00  1.50000000e+00  0.00000000e+00  5.00000000e-01]
 [ 9.70000000e+00  1.50000000e+00  0.00000000e+00  5.00000000e-01]
 [ 9.72500000e+00  1.50000000e+00  0.00000000e+00  5.00000000e-01]
 [ 9.75000000e+00  1.50000000e+00  0.00000000e+00  5.00000000e-01]
 [ 9.77500000e+00  1.50000000e+00  0.00000000e+00  5.00000000e-01]
 [ 9.80000000e+00  1.50000000e+00  0.00000000e+00  5.00000000e-01]
 [ 9.82500000e+00  1.50000000e+00  0.00000000e+00  5.00000000e-01]
 [ 9.85000000e+00  1.50000000e+00  0.00000000e+00  5.00000000e-01]
 [ 9.87500000e+00  1.50000000e+00  0.00000000e+00  5.00000000e-01]
 [ 9.90000000e+00  1.50000000e+00  0.00000000e+00  5.00000000e-01]
 [ 9.92500000e+00  1.50000000e+00  0.00000000e+00  5.00000000e-01]
 [ 9.94995836e+00  1.50124896e+00  1.00000000e-01  5.00000000e-01]
 [ 9.97466648e+00  1.50498287e+00  2.00000000e-01  4.99980526e-01]
 [ 9.99875319e+00  1.51108269e+00  3.00000000e-01  4.97410316e-01]
 [ 1.00219982e+01  1.51946496e+00  4.00000000e-01  4.93768004e-01]
 [ 1.00443138e+01  1.53013140e+00  5.00000000e-01  4.92802539e-01]
 [ 1.00656048e+01  1.54310210e+00  6.00000000e-01  4.97068681e-01]
 [ 1.00857686e+01  1.55841547e+00  7.00000000e-01  5.07926996e-01]
 [ 1.01046948e+01  1.57612829e+00  8.00000000e-01  5.25543859e-01]
 [ 1.01222659e+01  1.59631570e+00  9.00000000e-01  5.48891453e-01]
 [ 1.01383566e+01  1.61907117e+00  1.00000000e+00  5.75747768e-01]
 [ 1.01528344e+01  1.64450653e+00  1.10000000e+00  6.02696602e-01]
 [ 1.01654826e+01  1.67248367e+00  1.19400337e+00  6.27730227e-01]
 [ 1.01761419e+01  1.70259683e+00  1.27345863e+00  6.52730227e-01]
 [ 1.01848819e+01  1.73473283e+00  1.33966549e+00  6.77730227e-01]
 [ 1.01918327e+01  1.76873960e+00  1.39420929e+00  7.02730227e-01]
 [ 1.01971832e+01  1.80442188e+00  1.43885085e+00  7.27730227e-01]
 [ 1.02011809e+01  1.84154115e+00  1.47552652e+00  7.52730227e-01]
 [ 1.02041306e+01  1.87981899e+00  1.50633873e+00  7.77730227e-01]
 [ 1.02061865e+01  1.91926300e+00  1.53245648e+00  8.02730227e-01]
 [ 1.02073517e+01  1.95999791e+00  1.55422909e+00  8.27730227e-01]
 [ 1.02076860e+01  2.00202287e+00  1.57224146e+00  8.52730227e-01]
 [ 1.02072671e+01  2.04532696e+00  1.58707198e+00  8.77730227e-01]
 [ 1.02061897e+01  2.08988916e+00  1.59929249e+00  9.02730227e-01]
 [ 1.02045665e+01  2.13567840e+00  1.60946835e+00  9.27730227e-01]
 [ 1.02025221e+01  2.18265418e+00  1.61814185e+00  9.52743094e-01]
 [ 1.02000947e+01  2.23081378e+00  1.62554902e+00  9.77870716e-01]
 [ 1.01972826e+01  2.28020871e+00  1.63178332e+00  1.00299159e+00]
 [ 1.01940990e+01  2.33086221e+00  1.63696609e+00  1.02783892e+00]
 [ 1.01905662e+01  2.38276159e+00  1.64122767e+00  1.05204304e+00]
 [ 1.01867148e+01  2.43585824e+00  1.64470732e+00  1.07513143e+00]
 [ 1.01825843e+01  2.49006767e+00  1.64755328e+00  1.09652868e+00]
 [ 1.01782228e+01  2.54526944e+00  1.64992273e+00  1.11555652e+00]
 [ 1.01736873e+01  2.60130724e+00  1.65198181e+00  1.13143380e+00]
 [ 1.01690230e+01  2.65796692e+00  1.65382988e+00  1.14405380e+00]
 [ 1.01642258e+01  2.71510365e+00  1.65540583e+00  1.15466824e+00]
 [ 1.01593079e+01  2.77270661e+00  1.65673877e+00  1.16339063e+00]
 [ 1.01542827e+01  2.83074922e+00  1.65786083e+00  1.17034997e+00]
 [ 1.01491636e+01  2.88918560e+00  1.65880262e+00  1.17574135e+00]
 [ 1.01439645e+01  2.94795063e+00  1.65959325e+00  1.17982590e+00]
 [ 1.01386993e+01  3.00695995e+00  1.66026032e+00  1.18293081e+00]
 [ 1.01333823e+01  3.06610991e+00  1.66082993e+00  1.18544933e+00]
 [ 1.01280269e+01  3.12528763e+00  1.66132689e+00  1.18810319e+00]
 [ 1.01225047e+01  3.18582503e+00  1.66179137e+00  1.22045101e+00]
 [ 1.01169206e+01  3.24677652e+00  1.66218116e+00  1.23519771e+00]
 [ 1.01115501e+01  3.30538873e+00  1.66244281e+00  1.17132815e+00]
 [ 1.01066487e+01  3.35898727e+00  1.66256456e+00  1.01381296e+00]
 [ 1.01024514e+01  3.40497670e+00  1.66257636e+00  7.93608599e-01]
 [ 1.00991729e+01  3.44084058e+00  1.66254986e+00  5.87657294e-01]
 [ 1.00967867e+01  3.46677873e+00  1.66254904e+00  4.56609727e-01]
 [ 1.00949325e+01  3.48693079e+00  1.66254904e+00  3.55423824e-01]
 [ 1.00934958e+01  3.50254560e+00  1.66254904e+00  2.77019951e-01]
 [ 1.00923776e+01  3.51469841e+00  1.66254904e+00  2.15999255e-01]
 [ 1.00915003e+01  3.52423284e+00  1.66254904e+00  1.68125698e-01]
 [ 1.00908179e+01  3.53164996e+00  1.66254904e+00  1.30883446e-01]
 [ 1.00902891e+01  3.53739671e+00  1.66254904e+00  1.02028345e-01]
 [ 1.00898770e+01  3.54187569e+00  1.66254904e+00  7.95388680e-02]
 [ 1.00895537e+01  3.54538910e+00  1.66254904e+00  6.18975657e-02]
 [ 1.00893024e+01  3.54811987e+00  1.66254904e+00  4.81860641e-02]
 [ 1.00891079e+01  3.55023367e+00  1.66254904e+00  3.75724206e-02]
 [ 1.00889563e+01  3.55188159e+00  1.66254904e+00  2.92980058e-02]
 [ 1.00888372e+01  3.55317569e+00  1.66254904e+00  2.28002048e-02]
 [ 1.00887447e+01  3.55418163e+00  1.66254904e+00  1.77492292e-02]
 [ 1.00886730e+01  3.55496032e+00  1.66254904e+00  1.38393430e-02]
 [ 1.00886172e+01  3.55556727e+00  1.66254904e+00  1.07917670e-02]
 [ 1.00885733e+01  3.55604395e+00  1.66254904e+00  8.39829565e-03]
 [ 1.00885392e+01  3.55641453e+00  1.66254904e+00  6.53757626e-03]
 [ 1.00885128e+01  3.55670135e+00  1.66254904e+00  5.09740299e-03]
 [ 1.00884923e+01  3.55692484e+00  1.66254904e+00  3.97525469e-03]
 [ 1.00884761e+01  3.55710044e+00  1.66254904e+00  3.09356032e-03]
 [ 1.00884636e+01  3.55723698e+00  1.66254904e+00  2.40794325e-03]
 [ 1.00884538e+01  3.55734264e+00  1.66254904e+00  1.87744599e-03]
 [ 1.00884463e+01  3.55742488e+00  1.66254904e+00  1.46447357e-03]
 [ 1.00884403e+01  3.55748957e+00  1.66254904e+00  1.13964544e-03]
 [ 1.00884357e+01  3.55753992e+00  1.66254904e+00  8.86863325e-04]
 [ 1.00884321e+01  3.55757885e+00  1.66254904e+00  6.91404769e-04]
 [ 1.00884293e+01  3.55760908e+00  1.66254904e+00  5.39601531e-04]
 [ 1.00884271e+01  3.55763290e+00  1.66254904e+00  4.19990471e-04]
 [ 1.00884254e+01  3.55765149e+00  1.66254904e+00  3.26637027e-04]
 [ 1.00884241e+01  3.55766586e+00  1.66254904e+00  2.54514228e-04]
 [ 1.00884231e+01  3.55767695e+00  1.66254904e+00  1.98799511e-04]
 [ 1.00884223e+01  3.55768568e+00  1.66254904e+00  1.54983390e-04]
 [ 1.00884216e+01  3.55769256e+00  1.66254904e+00  1.20408611e-04]
 [ 1.00884212e+01  3.55769790e+00  1.66254904e+00  9.36137261e-05]
 [ 1.00884208e+01  3.55770199e+00  1.66254904e+00  7.30756864e-05]
 [ 1.00884205e+01  3.55770514e+00  1.66254904e+00  5.72539632e-05]
 [ 1.00884203e+01  3.55770765e+00  1.66254904e+00  4.46468830e-05]
 [ 1.00884201e+01  3.55770966e+00  1.66254904e+00  3.45817510e-05]
 [ 1.00884199e+01  3.55771121e+00  1.66254904e+00  2.67818443e-05]
 [ 1.00884198e+01  3.55771239e+00  1.66254904e+00  2.08827625e-05]
 [ 1.00884197e+01  3.55771327e+00  1.66254904e+00  1.64607662e-05]
 [ 1.00884197e+01  3.55771395e+00  1.66254904e+00  1.30327771e-05]
 [ 1.00884196e+01  3.55771453e+00  1.66254904e+00  1.01379564e-05]
 [ 1.00884196e+01  3.55771500e+00  1.66254904e+00  7.76274299e-06]
 [ 1.00884195e+01  3.55771537e+00  1.66254904e+00  5.91948810e-06]
 [ 1.00884195e+01  3.55771564e+00  1.66254904e+00  4.56819295e-06]
 [ 1.00884195e+01  3.55771582e+00  1.66254904e+00  3.63002883e-06]
 [ 1.00884195e+01  3.55771595e+00  1.66254904e+00  2.98733706e-06]
 [ 1.00884195e+01  3.55771605e+00  1.66254904e+00  2.48362902e-06]
 [ 1.00884195e+01  3.55771616e+00  1.66254904e+00  1.95095116e-06]
 [ 1.00884195e+01  3.55771626e+00  1.66254904e+00  1.44332258e-06]
 [ 1.00884195e+01  3.55771634e+00  1.66254904e+00  1.02059308e-06]
 [ 1.00884195e+01  3.55771640e+00  1.66254904e+00  7.07249177e-07]
 [ 1.00884194e+01  3.55771644e+00  1.66254904e+00  5.11162744e-07]
 [ 1.00884194e+01  3.55771646e+00  1.66254904e+00  4.23591016e-07]
 [ 1.00884194e+01  3.55771646e+00  1.66254904e+00  4.19176578e-07]
 [ 1.00884194e+01  3.55771645e+00  1.66254904e+00  4.55947368e-07]
 [ 1.00884194e+01  3.55771645e+00  1.66254904e+00  4.75316677e-07]
 [ 1.00884194e+01  3.55771646e+00  1.66254904e+00  4.05523730e-07]
 [ 1.00884194e+01  3.55771649e+00  1.66254904e+00  2.72932048e-07]
 [ 1.00884194e+01  3.55771652e+00  1.66254904e+00  1.32300445e-07]
 [ 1.00884194e+01  3.55771654e+00  1.66254904e+00  8.57307804e-09]
 [ 1.00884194e+01  3.55771656e+00  1.66254904e+00 -8.03735874e-08]
 [ 1.00884194e+01  3.55771657e+00  1.66254904e+00 -1.23730778e-07]
 [ 1.00884194e+01  3.55771657e+00  1.66254904e+00 -1.17757414e-07]
 [ 1.00884194e+01  3.55771656e+00  1.66254904e+00 -6.57801057e-08]
 [ 1.00884194e+01  3.55771654e+00  1.66254904e+00  2.18068411e-08]
 [ 1.00884194e+01  3.55771652e+00  1.66254904e+00  1.27541430e-07]
 [ 1.00884194e+01  3.55771650e+00  1.66254904e+00  2.26893972e-07]
 [ 1.00884194e+01  3.55771649e+00  1.66254904e+00  2.88267084e-07]
 [ 1.00884194e+01  3.55771649e+00  1.66254904e+00  2.72995694e-07]]
Unsafe region shape: (1, 7)
unsafe_region: [[-0.55  1.5   1.    1.    0.    0.    0.  ]]
candidate_x_traj shape: (241, 4)
candidate_x_traj: [[ 7.20000000e+00  1.50000000e+00  0.00000000e+00  5.00000000e-01]
 [ 7.22500000e+00  1.50000000e+00  0.00000000e+00  5.00000000e-01]
 [ 7.25000000e+00  1.50000000e+00  0.00000000e+00  5.00000000e-01]
 [ 7.27500000e+00  1.50000000e+00  0.00000000e+00  5.00000000e-01]
 [ 7.30000000e+00  1.50000000e+00  0.00000000e+00  5.00000000e-01]
 [ 7.32500000e+00  1.50000000e+00  0.00000000e+00  5.00000000e-01]
 [ 7.35000000e+00  1.50000000e+00  0.00000000e+00  5.00000000e-01]
 [ 7.37500000e+00  1.50000000e+00  0.00000000e+00  5.00000000e-01]
 [ 7.40000000e+00  1.50000000e+00  0.00000000e+00  5.00000000e-01]
 [ 7.42500000e+00  1.50000000e+00  0.00000000e+00  5.00000000e-01]
 [ 7.45000000e+00  1.50000000e+00  0.00000000e+00  5.00000000e-01]
 [ 7.47500000e+00  1.50000000e+00  0.00000000e+00  5.00000000e-01]
 [ 7.50000000e+00  1.50000000e+00  0.00000000e+00  5.00000000e-01]
 [ 7.52500000e+00  1.50000000e+00  0.00000000e+00  5.00000000e-01]
 [ 7.55000000e+00  1.50000000e+00  0.00000000e+00  5.00000000e-01]
 [ 7.57500000e+00  1.50000000e+00  0.00000000e+00  5.00000000e-01]
 [ 7.60000000e+00  1.50000000e+00  0.00000000e+00  5.00000000e-01]
 [ 7.62500000e+00  1.50000000e+00  0.00000000e+00  5.00000000e-01]
 [ 7.65000000e+00  1.50000000e+00  0.00000000e+00  5.00000000e-01]
 [ 7.67500000e+00  1.50000000e+00  0.00000000e+00  5.00000000e-01]
 [ 7.70000000e+00  1.50000000e+00  0.00000000e+00  5.00000000e-01]
 [ 7.72500000e+00  1.50000000e+00  0.00000000e+00  5.00000000e-01]
 [ 7.75000000e+00  1.50000000e+00  0.00000000e+00  5.00000000e-01]
 [ 7.77500000e+00  1.50000000e+00  0.00000000e+00  5.00000000e-01]
 [ 7.80000000e+00  1.50000000e+00  0.00000000e+00  5.00000000e-01]
 [ 7.82500000e+00  1.50000000e+00  0.00000000e+00  5.00000000e-01]
 [ 7.85000000e+00  1.50000000e+00  0.00000000e+00  5.00000000e-01]
 [ 7.87500000e+00  1.50000000e+00  0.00000000e+00  5.00000000e-01]
 [ 7.90000000e+00  1.50000000e+00  0.00000000e+00  5.00000000e-01]
 [ 7.92500000e+00  1.50000000e+00  0.00000000e+00  5.00000000e-01]
 [ 7.95000000e+00  1.50000000e+00  0.00000000e+00  5.00000000e-01]
 [ 7.97500000e+00  1.50000000e+00  0.00000000e+00  5.00000000e-01]
 [ 8.00000000e+00  1.50000000e+00  0.00000000e+00  5.00000000e-01]
 [ 8.02500000e+00  1.50000000e+00  0.00000000e+00  5.00000000e-01]
 [ 8.05000000e+00  1.50000000e+00  0.00000000e+00  5.00000000e-01]
 [ 8.07500000e+00  1.50000000e+00  0.00000000e+00  5.00000000e-01]
 [ 8.10000000e+00  1.50000000e+00  0.00000000e+00  5.00000000e-01]
 [ 8.12500000e+00  1.50000000e+00  0.00000000e+00  5.00000000e-01]
 [ 8.15000000e+00  1.50000000e+00  0.00000000e+00  5.00000000e-01]
 [ 8.17500000e+00  1.50000000e+00  0.00000000e+00  5.00000000e-01]
 [ 8.20000000e+00  1.50000000e+00  0.00000000e+00  5.00000000e-01]
 [ 8.22500000e+00  1.50000000e+00  0.00000000e+00  5.00000000e-01]
 [ 8.25000000e+00  1.50000000e+00  0.00000000e+00  5.00000000e-01]
 [ 8.27500000e+00  1.50000000e+00  0.00000000e+00  5.00000000e-01]
 [ 8.30000000e+00  1.50000000e+00  0.00000000e+00  5.00000000e-01]
 [ 8.32500000e+00  1.50000000e+00  0.00000000e+00  5.00000000e-01]
 [ 8.35000000e+00  1.50000000e+00  0.00000000e+00  5.00000000e-01]
 [ 8.37500000e+00  1.50000000e+00  0.00000000e+00  5.00000000e-01]
 [ 8.40000000e+00  1.50000000e+00  0.00000000e+00  5.00000000e-01]
 [ 8.42500000e+00  1.50000000e+00  0.00000000e+00  5.00000000e-01]
 [ 8.45000000e+00  1.50000000e+00  0.00000000e+00  5.00000000e-01]
 [ 8.47500000e+00  1.50000000e+00  0.00000000e+00  5.00000000e-01]
 [ 8.50000000e+00  1.50000000e+00  0.00000000e+00  5.00000000e-01]
 [ 8.52500000e+00  1.50000000e+00  0.00000000e+00  5.00000000e-01]
 [ 8.55000000e+00  1.50000000e+00  0.00000000e+00  5.00000000e-01]
 [ 8.57500000e+00  1.50000000e+00  0.00000000e+00  5.00000000e-01]
 [ 8.60000000e+00  1.50000000e+00  0.00000000e+00  5.00000000e-01]
 [ 8.62500000e+00  1.50000000e+00  0.00000000e+00  5.00000000e-01]
 [ 8.65000000e+00  1.50000000e+00  0.00000000e+00  5.00000000e-01]
 [ 8.67500000e+00  1.50000000e+00  0.00000000e+00  5.00000000e-01]
 [ 8.70000000e+00  1.50000000e+00  0.00000000e+00  5.00000000e-01]
 [ 8.72500000e+00  1.50000000e+00  0.00000000e+00  5.00000000e-01]
 [ 8.75000000e+00  1.50000000e+00  0.00000000e+00  5.00000000e-01]
 [ 8.77500000e+00  1.50000000e+00  0.00000000e+00  5.00000000e-01]
 [ 8.80000000e+00  1.50000000e+00  0.00000000e+00  5.00000000e-01]
 [ 8.82500000e+00  1.50000000e+00  0.00000000e+00  5.00000000e-01]
 [ 8.85000000e+00  1.50000000e+00  0.00000000e+00  5.00000000e-01]
 [ 8.87500000e+00  1.50000000e+00  0.00000000e+00  5.00000000e-01]
 [ 8.90000000e+00  1.50000000e+00  0.00000000e+00  5.00000000e-01]
 [ 8.92500000e+00  1.50000000e+00  0.00000000e+00  5.00000000e-01]
 [ 8.95000000e+00  1.50000000e+00  0.00000000e+00  5.00000000e-01]
 [ 8.97500000e+00  1.50000000e+00  0.00000000e+00  5.00000000e-01]
 [ 9.00000000e+00  1.50000000e+00  0.00000000e+00  5.00000000e-01]
 [ 9.02500000e+00  1.50000000e+00  0.00000000e+00  5.00000000e-01]
 [ 9.05000000e+00  1.50000000e+00  0.00000000e+00  5.00000000e-01]
 [ 9.07500000e+00  1.50000000e+00  0.00000000e+00  5.00000000e-01]
 [ 9.10000000e+00  1.50000000e+00  0.00000000e+00  5.00000000e-01]
 [ 9.12500000e+00  1.50000000e+00  0.00000000e+00  5.00000000e-01]
 [ 9.15000000e+00  1.50000000e+00  0.00000000e+00  5.00000000e-01]
 [ 9.17500000e+00  1.50000000e+00  0.00000000e+00  5.00000000e-01]
 [ 9.20000000e+00  1.50000000e+00  0.00000000e+00  5.00000000e-01]
 [ 9.22500000e+00  1.50000000e+00  0.00000000e+00  5.00000000e-01]
 [ 9.25000000e+00  1.50000000e+00  0.00000000e+00  5.00000000e-01]
 [ 9.27500000e+00  1.50000000e+00  0.00000000e+00  5.00000000e-01]
 [ 9.30000000e+00  1.50000000e+00  0.00000000e+00  5.00000000e-01]
 [ 9.32500000e+00  1.50000000e+00  0.00000000e+00  5.00000000e-01]
 [ 9.35000000e+00  1.50000000e+00  0.00000000e+00  5.00000000e-01]
 [ 9.37500000e+00  1.50000000e+00  0.00000000e+00  5.00000000e-01]
 [ 9.40000000e+00  1.50000000e+00  0.00000000e+00  5.00000000e-01]
 [ 9.42500000e+00  1.50000000e+00  0.00000000e+00  5.00000000e-01]
 [ 9.45000000e+00  1.50000000e+00  0.00000000e+00  5.00000000e-01]
 [ 9.47500000e+00  1.50000000e+00  0.00000000e+00  5.00000000e-01]
 [ 9.50000000e+00  1.50000000e+00  0.00000000e+00  5.00000000e-01]
 [ 9.52500000e+00  1.50000000e+00  0.00000000e+00  5.00000000e-01]
 [ 9.55000000e+00  1.50000000e+00  0.00000000e+00  5.00000000e-01]
 [ 9.57500000e+00  1.50000000e+00  0.00000000e+00  5.00000000e-01]
 [ 9.60000000e+00  1.50000000e+00  0.00000000e+00  5.00000000e-01]
 [ 9.62500000e+00  1.50000000e+00  0.00000000e+00  5.00000000e-01]
 [ 9.65000000e+00  1.50000000e+00  0.00000000e+00  5.00000000e-01]
 [ 9.67500000e+00  1.50000000e+00  0.00000000e+00  5.00000000e-01]
 [ 9.70000000e+00  1.50000000e+00  0.00000000e+00  5.00000000e-01]
 [ 9.72500000e+00  1.50000000e+00  0.00000000e+00  5.00000000e-01]
 [ 9.75000000e+00  1.50000000e+00  0.00000000e+00  5.00000000e-01]
 [ 9.77500000e+00  1.50000000e+00  0.00000000e+00  5.00000000e-01]
 [ 9.80000000e+00  1.50000000e+00  0.00000000e+00  5.00000000e-01]
 [ 9.82500000e+00  1.50000000e+00  0.00000000e+00  5.00000000e-01]
 [ 9.85000000e+00  1.50000000e+00  0.00000000e+00  5.00000000e-01]
 [ 9.87500000e+00  1.50000000e+00  0.00000000e+00  5.00000000e-01]
 [ 9.90000000e+00  1.50000000e+00  0.00000000e+00  5.00000000e-01]
 [ 9.92500000e+00  1.50000000e+00  0.00000000e+00  5.00000000e-01]
 [ 9.95000000e+00  1.50000000e+00  0.00000000e+00  5.00000000e-01]
 [ 9.97500000e+00  1.50000000e+00  0.00000000e+00  5.00000000e-01]
 [ 1.00000000e+01  1.50000000e+00  0.00000000e+00  5.00000000e-01]
 [ 1.00250000e+01  1.50000000e+00  0.00000000e+00  5.00000000e-01]
 [ 1.00500000e+01  1.50000000e+00  0.00000000e+00  5.00000000e-01]
 [ 1.00750000e+01  1.50000000e+00  0.00000000e+00  5.00000000e-01]
 [ 1.01000000e+01  1.50000000e+00  0.00000000e+00  5.00000000e-01]
 [ 1.01250000e+01  1.50000000e+00  0.00000000e+00  5.00000000e-01]
 [ 1.01500000e+01  1.50000000e+00  0.00000000e+00  5.00000000e-01]
 [ 1.01750000e+01  1.50000000e+00  0.00000000e+00  5.00000000e-01]
 [ 1.02000000e+01  1.50000000e+00  0.00000000e+00  5.00000000e-01]
 [ 1.02243349e+01  1.49879266e+00 -1.00000000e-01  4.75000000e-01]
 [ 1.02471927e+01  1.49534872e+00 -1.99980732e-01  4.50000000e-01]
 [ 1.02684399e+01  1.48996163e+00 -2.97531890e-01  4.25000000e-01]
 [ 1.02879099e+01  1.48293035e+00 -3.94308935e-01  4.00000000e-01]
 [ 1.03054298e+01  1.47454566e+00 -4.93702142e-01  3.75000000e-01]
 [ 1.03208908e+01  1.46509913e+00 -5.97295691e-01  3.50000000e-01]
 [ 1.03342487e+01  1.45488317e+00 -7.04867671e-01  3.25000000e-01]
 [ 1.03455236e+01  1.44419099e+00 -8.14390078e-01  3.00000000e-01]
 [ 1.03548002e+01  1.43331662e+00 -9.22028816e-01  2.75000000e-01]
 [ 1.03622277e+01  1.42255489e+00 -1.02214370e+00  2.50000000e-01]
 [ 1.03680194e+01  1.41220145e+00 -1.10728844e+00  2.25000000e-01]
 [ 1.03724635e+01  1.40255687e+00 -1.17106614e+00  2.00000000e-01]
 [ 1.03758901e+01  1.39385087e+00 -1.22234114e+00  1.75000000e-01]
 [ 1.03785067e+01  1.38616362e+00 -1.26410817e+00  1.50000000e-01]
 [ 1.03804762e+01  1.37955714e+00 -1.29776641e+00  1.25000000e-01]
 [ 1.03819286e+01  1.37408607e+00 -1.32476584e+00  1.00000000e-01]
 [ 1.03829603e+01  1.36979767e+00 -1.34660725e+00  7.50000000e-02]
 [ 1.03836349e+01  1.36673165e+00 -1.36483685e+00  5.00000000e-02]
 [ 1.03840022e+01  1.36489323e+00 -1.38019447e+00  2.50000000e-02]
 [ 1.03841129e+01  1.36427842e+00 -1.39280330e+00  8.32667268e-17]
 [ 1.03840042e+01  1.36489444e+00 -1.40303889e+00 -2.50000000e-02]
 [ 1.03837032e+01  1.36674618e+00 -1.41128755e+00 -5.00000000e-02]
 [ 1.03832269e+01  1.36983618e+00 -1.41794627e+00 -7.50000000e-02]
 [ 1.03825822e+01  1.37416469e+00 -1.42342280e+00 -1.00000000e-01]
 [ 1.03817672e+01  1.37973034e+00 -1.42809332e+00 -1.25000000e-01]
 [ 1.03807893e+01  1.38653513e+00 -1.43205249e+00 -1.50000000e-01]
 [ 1.03796637e+01  1.39458178e+00 -1.43531964e+00 -1.75000000e-01]
 [ 1.03784007e+01  1.40387203e+00 -1.43794074e+00 -2.00000000e-01]
 [ 1.03770060e+01  1.41440671e+00 -1.43998581e+00 -2.25000000e-01]
 [ 1.03754805e+01  1.42618572e+00 -1.44154891e+00 -2.50000000e-01]
 [ 1.03738199e+01  1.43920806e+00 -1.44274818e+00 -2.75000000e-01]
 [ 1.03720153e+01  1.45347178e+00 -1.44372577e+00 -3.00000000e-01]
 [ 1.03700531e+01  1.46897405e+00 -1.44464733e+00 -3.25000000e-01]
 [ 1.03679292e+01  1.48571482e+00 -1.44554291e+00 -3.50000000e-01]
 [ 1.03656550e+01  1.50369653e+00 -1.44633136e+00 -3.75000000e-01]
 [ 1.03632374e+01  1.52292013e+00 -1.44699366e+00 -4.00000000e-01]
 [ 1.03606812e+01  1.54338629e+00 -1.44752042e+00 -4.25000000e-01]
 [ 1.03579891e+01  1.56509535e+00 -1.44791184e+00 -4.50000000e-01]
 [ 1.03551615e+01  1.58804737e+00 -1.44817776e+00 -4.75000000e-01]
 [ 1.03521969e+01  1.61224211e+00 -1.44833763e+00 -5.00000000e-01]
 [ 1.03490915e+01  1.63767903e+00 -1.44842050e+00 -5.25000000e-01]
 [ 1.03458392e+01  1.66435727e+00 -1.44846505e+00 -5.50000000e-01]
 [ 1.03424321e+01  1.69227570e+00 -1.44851960e+00 -5.75000000e-01]
 [ 1.03388599e+01  1.72143288e+00 -1.44864134e+00 -6.00000000e-01]
 [ 1.03351225e+01  1.75182899e+00 -1.44881375e+00 -6.25000000e-01]
 [ 1.03312287e+01  1.78346531e+00 -1.44898867e+00 -6.50000000e-01]
 [ 1.03271837e+01  1.81634246e+00 -1.44915199e+00 -6.75000000e-01]
 [ 1.03229913e+01  1.85046094e+00 -1.44929261e+00 -7.00000000e-01]
 [ 1.03186548e+01  1.88582111e+00 -1.44940246e+00 -7.25000000e-01]
 [ 1.03141762e+01  1.92242323e+00 -1.44947647e+00 -7.50000000e-01]
 [ 1.03095566e+01  1.96026743e+00 -1.44951260e+00 -7.75000000e-01]
 [ 1.03047960e+01  1.99935371e+00 -1.44951183e+00 -8.00000000e-01]
 [ 1.02998936e+01  2.03968196e+00 -1.44947816e+00 -8.25000000e-01]
 [ 1.02948474e+01  2.08125194e+00 -1.44941859e+00 -8.50000000e-01]
 [ 1.02896545e+01  2.12406330e+00 -1.44934317e+00 -8.75000000e-01]
 [ 1.02843112e+01  2.16811554e+00 -1.44926495e+00 -9.00000000e-01]
 [ 1.02788124e+01  2.21340807e+00 -1.44920000e+00 -9.25000000e-01]
 [ 1.02731523e+01  2.25994016e+00 -1.44916741e+00 -9.50000000e-01]
 [ 1.02673241e+01  2.30771094e+00 -1.44918921e+00 -9.75000896e-01]
 [ 1.02613362e+01  2.35671750e+00 -1.44923859e+00 -1.00038091e+00]
 [ 1.02551979e+01  2.40697318e+00 -1.44928020e+00 -1.02581353e+00]
 [ 1.02489097e+01  2.45847265e+00 -1.44931497e+00 -1.05046535e+00]
 [ 1.02424763e+01  2.51117485e+00 -1.44934384e+00 -1.07363554e+00]
 [ 1.02359071e+01  2.56500309e+00 -1.44936777e+00 -1.09475581e+00]
 [ 1.02292154e+01  2.61984497e+00 -1.44938766e+00 -1.11339045e+00]
 [ 1.02224192e+01  2.67555240e+00 -1.44940446e+00 -1.12923628e+00]
 [ 1.02155407e+01  2.73194116e+00 -1.44941904e+00 -1.14216699e+00]
 [ 1.02086002e+01  2.78884438e+00 -1.44943158e+00 -1.15286726e+00]
 [ 1.02016037e+01  2.84621171e+00 -1.44944221e+00 -1.16169769e+00]
 [ 1.01945564e+01  2.90400099e+00 -1.44945119e+00 -1.16882809e+00]
 [ 1.01874645e+01  2.96215913e+00 -1.44945878e+00 -1.17447231e+00]
 [ 1.01803359e+01  3.02062213e+00 -1.44946519e+00 -1.17888829e+00]
 [ 1.01731796e+01  3.07931503e+00 -1.44947063e+00 -1.18237806e+00]
 [ 1.01660061e+01  3.13815193e+00 -1.44947529e+00 -1.18528768e+00]
 [ 1.01588243e+01  3.19705885e+00 -1.44947933e+00 -1.18791528e+00]
 [ 1.01516295e+01  3.25607425e+00 -1.44948279e+00 -1.19010584e+00]
 [ 1.01444098e+01  3.31529561e+00 -1.44948557e+00 -1.16957498e+00]
 [ 1.01380781e+01  3.36723292e+00 -1.44948564e+00 -9.15601640e-01]
 [ 1.01331763e+01  3.40744131e+00 -1.44948564e+00 -7.13071297e-01]
 [ 1.01293555e+01  3.43878306e+00 -1.44948564e+00 -5.55202368e-01]
 [ 1.01263721e+01  3.46325571e+00 -1.44948564e+00 -4.31933150e-01]
 [ 1.01240602e+01  3.48221914e+00 -1.44948564e+00 -3.36414027e-01]
 [ 1.01222715e+01  3.49689175e+00 -1.44948564e+00 -2.62507845e-01]
 [ 1.01208704e+01  3.50838442e+00 -1.44948564e+00 -2.04619048e-01]
 [ 1.01197717e+01  3.51739687e+00 -1.44948564e+00 -1.59223181e-01]
 [ 1.01189191e+01  3.52439067e+00 -1.44948564e+00 -1.23995313e-01]
 [ 1.01182588e+01  3.52980766e+00 -1.44948564e+00 -9.67098336e-02]
 [ 1.01177422e+01  3.53404496e+00 -1.44948564e+00 -7.53664659e-02]
 [ 1.01173375e+01  3.53736468e+00 -1.44948564e+00 -5.86449927e-02]
 [ 1.01170234e+01  3.53994065e+00 -1.44948564e+00 -4.56697819e-02]
 [ 1.01167802e+01  3.54193563e+00 -1.44948564e+00 -3.56210309e-02]
 [ 1.01165900e+01  3.54349616e+00 -1.44948564e+00 -2.77606080e-02]
 [ 1.01164409e+01  3.54471897e+00 -1.44948564e+00 -2.16013014e-02]
 [ 1.01163252e+01  3.54566786e+00 -1.44948564e+00 -1.68217277e-02]
 [ 1.01162357e+01  3.54640268e+00 -1.44948564e+00 -1.31204169e-02]
 [ 1.01161656e+01  3.54697740e+00 -1.44948564e+00 -1.02255280e-02]
 [ 1.01161107e+01  3.54742784e+00 -1.44948564e+00 -7.95664817e-03]
 [ 1.01160681e+01  3.54777740e+00 -1.44948564e+00 -6.19591893e-03]
 [ 1.01160351e+01  3.54804805e+00 -1.44948564e+00 -4.83265821e-03]
 [ 1.01160093e+01  3.54825967e+00 -1.44948564e+00 -3.76670716e-03]
 [ 1.01159890e+01  3.54842562e+00 -1.44948564e+00 -2.93082087e-03]
 [ 1.01159733e+01  3.54855442e+00 -1.44948564e+00 -2.28206061e-03]
 [ 1.01159612e+01  3.54865410e+00 -1.44948564e+00 -1.77998120e-03]
 [ 1.01159517e+01  3.54873198e+00 -1.44948564e+00 -1.38768509e-03]
 [ 1.01159442e+01  3.54879314e+00 -1.44948564e+00 -1.07964139e-03]
 [ 1.01159385e+01  3.54884062e+00 -1.44948564e+00 -8.40454634e-04]
 [ 1.01159340e+01  3.54887733e+00 -1.44948564e+00 -6.55544470e-04]
 [ 1.01159305e+01  3.54890595e+00 -1.44948564e+00 -5.11398549e-04]
 [ 1.01159277e+01  3.54892850e+00 -1.44948564e+00 -3.97834416e-04]
 [ 1.01159256e+01  3.54894604e+00 -1.44948564e+00 -3.09489469e-04]
 [ 1.01159240e+01  3.54895957e+00 -1.44948564e+00 -2.41319920e-04]
 [ 1.01159227e+01  3.54897005e+00 -1.44948564e+00 -1.88522047e-04]
 [ 1.01159217e+01  3.54897834e+00 -1.44948564e+00 -1.46796473e-04]
 [ 1.01159209e+01  3.54898484e+00 -1.44948564e+00 -1.14026861e-04]
 [ 1.01159203e+01  3.54898986e+00 -1.44948564e+00 -8.87221157e-05]
 [ 1.01159198e+01  3.54899371e+00 -1.44948564e+00 -6.93400311e-05]
 [ 1.01159194e+01  3.54899669e+00 -1.44948564e+00 -5.43217981e-05]
 [ 1.01159191e+01  3.54899907e+00 -1.44948564e+00 -4.23328854e-05]
 [ 1.01159189e+01  3.54900093e+00 -1.44948564e+00 -3.29685210e-05]
 [ 1.01159187e+01  3.54900238e+00 -1.44948564e+00 -2.56797648e-05]]
Unsafe region shape: (1, 7)
unsafe_region: [[-9.39526235e-15  1.50000000e+00  1.00000000e+00  1.00000000e+00
   0.00000000e+00  0.00000000e+00  0.00000000e+00]]
candidate_x_traj shape: (241, 4)
candidate_x_traj: [[ 7.47500000e+00  1.50000000e+00  0.00000000e+00  5.00000000e-01]
 [ 7.50000000e+00  1.50000000e+00  0.00000000e+00  5.00000000e-01]
 [ 7.52500000e+00  1.50000000e+00  0.00000000e+00  5.00000000e-01]
 [ 7.55000000e+00  1.50000000e+00  0.00000000e+00  5.00000000e-01]
 [ 7.57500000e+00  1.50000000e+00  0.00000000e+00  5.00000000e-01]
 [ 7.60000000e+00  1.50000000e+00  0.00000000e+00  5.00000000e-01]
 [ 7.62500000e+00  1.50000000e+00  0.00000000e+00  5.00000000e-01]
 [ 7.65000000e+00  1.50000000e+00  0.00000000e+00  5.00000000e-01]
 [ 7.67500000e+00  1.50000000e+00  0.00000000e+00  5.00000000e-01]
 [ 7.70000000e+00  1.50000000e+00  0.00000000e+00  5.00000000e-01]
 [ 7.72500000e+00  1.50000000e+00  0.00000000e+00  5.00000000e-01]
 [ 7.75000000e+00  1.50000000e+00  0.00000000e+00  5.00000000e-01]
 [ 7.77500000e+00  1.50000000e+00  0.00000000e+00  5.00000000e-01]
 [ 7.80000000e+00  1.50000000e+00  0.00000000e+00  5.00000000e-01]
 [ 7.82500000e+00  1.50000000e+00  0.00000000e+00  5.00000000e-01]
 [ 7.85000000e+00  1.50000000e+00  0.00000000e+00  5.00000000e-01]
 [ 7.87500000e+00  1.50000000e+00  0.00000000e+00  5.00000000e-01]
 [ 7.90000000e+00  1.50000000e+00  0.00000000e+00  5.00000000e-01]
 [ 7.92500000e+00  1.50000000e+00  0.00000000e+00  5.00000000e-01]
 [ 7.95000000e+00  1.50000000e+00  0.00000000e+00  5.00000000e-01]
 [ 7.97500000e+00  1.50000000e+00  0.00000000e+00  5.00000000e-01]
 [ 8.00000000e+00  1.50000000e+00  0.00000000e+00  5.00000000e-01]
 [ 8.02500000e+00  1.50000000e+00  0.00000000e+00  5.00000000e-01]
 [ 8.05000000e+00  1.50000000e+00  0.00000000e+00  5.00000000e-01]
 [ 8.07500000e+00  1.50000000e+00  0.00000000e+00  5.00000000e-01]
 [ 8.10000000e+00  1.50000000e+00  0.00000000e+00  5.00000000e-01]
 [ 8.12500000e+00  1.50000000e+00  0.00000000e+00  5.00000000e-01]
 [ 8.15000000e+00  1.50000000e+00  0.00000000e+00  5.00000000e-01]
 [ 8.17500000e+00  1.50000000e+00  0.00000000e+00  5.00000000e-01]
 [ 8.20000000e+00  1.50000000e+00  0.00000000e+00  5.00000000e-01]
 [ 8.22500000e+00  1.50000000e+00  0.00000000e+00  5.00000000e-01]
 [ 8.25000000e+00  1.50000000e+00  0.00000000e+00  5.00000000e-01]
 [ 8.27500000e+00  1.50000000e+00  0.00000000e+00  5.00000000e-01]
 [ 8.30000000e+00  1.50000000e+00  0.00000000e+00  5.00000000e-01]
 [ 8.32500000e+00  1.50000000e+00  0.00000000e+00  5.00000000e-01]
 [ 8.35000000e+00  1.50000000e+00  0.00000000e+00  5.00000000e-01]
 [ 8.37500000e+00  1.50000000e+00  0.00000000e+00  5.00000000e-01]
 [ 8.40000000e+00  1.50000000e+00  0.00000000e+00  5.00000000e-01]
 [ 8.42500000e+00  1.50000000e+00  0.00000000e+00  5.00000000e-01]
 [ 8.45000000e+00  1.50000000e+00  0.00000000e+00  5.00000000e-01]
 [ 8.47500000e+00  1.50000000e+00  0.00000000e+00  5.00000000e-01]
 [ 8.50000000e+00  1.50000000e+00  0.00000000e+00  5.00000000e-01]
 [ 8.52500000e+00  1.50000000e+00  0.00000000e+00  5.00000000e-01]
 [ 8.55000000e+00  1.50000000e+00  0.00000000e+00  5.00000000e-01]
 [ 8.57500000e+00  1.50000000e+00  0.00000000e+00  5.00000000e-01]
 [ 8.60000000e+00  1.50000000e+00  0.00000000e+00  5.00000000e-01]
 [ 8.62500000e+00  1.50000000e+00  0.00000000e+00  5.00000000e-01]
 [ 8.65000000e+00  1.50000000e+00  0.00000000e+00  5.00000000e-01]
 [ 8.67500000e+00  1.50000000e+00  0.00000000e+00  5.00000000e-01]
 [ 8.70000000e+00  1.50000000e+00  0.00000000e+00  5.00000000e-01]
 [ 8.72500000e+00  1.50000000e+00  0.00000000e+00  5.00000000e-01]
 [ 8.75000000e+00  1.50000000e+00  0.00000000e+00  5.00000000e-01]
 [ 8.77500000e+00  1.50000000e+00  0.00000000e+00  5.00000000e-01]
 [ 8.80000000e+00  1.50000000e+00  0.00000000e+00  5.00000000e-01]
 [ 8.82500000e+00  1.50000000e+00  0.00000000e+00  5.00000000e-01]
 [ 8.85000000e+00  1.50000000e+00  0.00000000e+00  5.00000000e-01]
 [ 8.87500000e+00  1.50000000e+00  0.00000000e+00  5.00000000e-01]
 [ 8.90000000e+00  1.50000000e+00  0.00000000e+00  5.00000000e-01]
 [ 8.92500000e+00  1.50000000e+00  0.00000000e+00  5.00000000e-01]
 [ 8.95000000e+00  1.50000000e+00  0.00000000e+00  5.00000000e-01]
 [ 8.97500000e+00  1.50000000e+00  0.00000000e+00  5.00000000e-01]
 [ 9.00000000e+00  1.50000000e+00  0.00000000e+00  5.00000000e-01]
 [ 9.02500000e+00  1.50000000e+00  0.00000000e+00  5.00000000e-01]
 [ 9.05000000e+00  1.50000000e+00  0.00000000e+00  5.00000000e-01]
 [ 9.07500000e+00  1.50000000e+00  0.00000000e+00  5.00000000e-01]
 [ 9.10000000e+00  1.50000000e+00  0.00000000e+00  5.00000000e-01]
 [ 9.12500000e+00  1.50000000e+00  0.00000000e+00  5.00000000e-01]
 [ 9.15000000e+00  1.50000000e+00  0.00000000e+00  5.00000000e-01]
 [ 9.17500000e+00  1.50000000e+00  0.00000000e+00  5.00000000e-01]
 [ 9.20000000e+00  1.50000000e+00  0.00000000e+00  5.00000000e-01]
 [ 9.22500000e+00  1.50000000e+00  0.00000000e+00  5.00000000e-01]
 [ 9.25000000e+00  1.50000000e+00  0.00000000e+00  5.00000000e-01]
 [ 9.27500000e+00  1.50000000e+00  0.00000000e+00  5.00000000e-01]
 [ 9.30000000e+00  1.50000000e+00  0.00000000e+00  5.00000000e-01]
 [ 9.32500000e+00  1.50000000e+00  0.00000000e+00  5.00000000e-01]
 [ 9.35000000e+00  1.50000000e+00  0.00000000e+00  5.00000000e-01]
 [ 9.37500000e+00  1.50000000e+00  0.00000000e+00  5.00000000e-01]
 [ 9.40000000e+00  1.50000000e+00  0.00000000e+00  5.00000000e-01]
 [ 9.42500000e+00  1.50000000e+00  0.00000000e+00  5.00000000e-01]
 [ 9.45000000e+00  1.50000000e+00  0.00000000e+00  5.00000000e-01]
 [ 9.47500000e+00  1.50000000e+00  0.00000000e+00  5.00000000e-01]
 [ 9.50000000e+00  1.50000000e+00  0.00000000e+00  5.00000000e-01]
 [ 9.52500000e+00  1.50000000e+00  0.00000000e+00  5.00000000e-01]
 [ 9.55000000e+00  1.50000000e+00  0.00000000e+00  5.00000000e-01]
 [ 9.57500000e+00  1.50000000e+00  0.00000000e+00  5.00000000e-01]
 [ 9.60000000e+00  1.50000000e+00  0.00000000e+00  5.00000000e-01]
 [ 9.62500000e+00  1.50000000e+00  0.00000000e+00  5.00000000e-01]
 [ 9.65000000e+00  1.50000000e+00  0.00000000e+00  5.00000000e-01]
 [ 9.67500000e+00  1.50000000e+00  0.00000000e+00  5.00000000e-01]
 [ 9.70000000e+00  1.50000000e+00  0.00000000e+00  5.00000000e-01]
 [ 9.72500000e+00  1.50000000e+00  0.00000000e+00  5.00000000e-01]
 [ 9.75000000e+00  1.50000000e+00  0.00000000e+00  5.00000000e-01]
 [ 9.77500000e+00  1.50000000e+00  0.00000000e+00  5.00000000e-01]
 [ 9.80000000e+00  1.50000000e+00  0.00000000e+00  5.00000000e-01]
 [ 9.82500000e+00  1.50000000e+00  0.00000000e+00  5.00000000e-01]
 [ 9.85000000e+00  1.50000000e+00  0.00000000e+00  5.00000000e-01]
 [ 9.87500000e+00  1.50000000e+00  0.00000000e+00  5.00000000e-01]
 [ 9.90000000e+00  1.50000000e+00  0.00000000e+00  5.00000000e-01]
 [ 9.92500000e+00  1.50000000e+00  0.00000000e+00  5.00000000e-01]
 [ 9.95000000e+00  1.50000000e+00  0.00000000e+00  5.00000000e-01]
 [ 9.97500000e+00  1.50000000e+00  0.00000000e+00  5.00000000e-01]
 [ 1.00000000e+01  1.50000000e+00  0.00000000e+00  5.00000000e-01]
 [ 1.00250000e+01  1.50000000e+00  0.00000000e+00  5.00000000e-01]
 [ 1.00500000e+01  1.50000000e+00  0.00000000e+00  5.00000000e-01]
 [ 1.00750000e+01  1.50000000e+00  0.00000000e+00  5.00000000e-01]
 [ 1.01000000e+01  1.50000000e+00  0.00000000e+00  5.00000000e-01]
 [ 1.01250000e+01  1.50000000e+00  0.00000000e+00  5.00000000e-01]
 [ 1.01500000e+01  1.50000000e+00  0.00000000e+00  5.00000000e-01]
 [ 1.01750000e+01  1.50000000e+00  0.00000000e+00  5.00000000e-01]
 [ 1.02000000e+01  1.50000000e+00  0.00000000e+00  5.00000000e-01]
 [ 1.02250000e+01  1.50000000e+00  0.00000000e+00  5.00000000e-01]
 [ 1.02500000e+01  1.50000000e+00  0.00000000e+00  5.00000000e-01]
 [ 1.02750000e+01  1.50000000e+00  0.00000000e+00  5.00000000e-01]
 [ 1.03000000e+01  1.50000000e+00  0.00000000e+00  5.00000000e-01]
 [ 1.03250000e+01  1.50000000e+00  0.00000000e+00  5.00000000e-01]
 [ 1.03500000e+01  1.50000000e+00  0.00000000e+00  5.00000000e-01]
 [ 1.03750000e+01  1.50000000e+00  0.00000000e+00  5.00000000e-01]
 [ 1.04000000e+01  1.50000000e+00  0.00000000e+00  5.00000000e-01]
 [ 1.04250000e+01  1.50000000e+00  0.00000000e+00  5.00000000e-01]
 [ 1.04500000e+01  1.50000000e+00  0.00000000e+00  5.00000000e-01]
 [ 1.04750000e+01  1.50000000e+00  0.00000000e+00  5.00000000e-01]
 [ 1.04993349e+01  1.49879266e+00 -1.00000000e-01  4.75000000e-01]
 [ 1.05221926e+01  1.49534878e+00 -1.99985254e-01  4.50000000e-01]
 [ 1.05434268e+01  1.48996920e+00 -2.98258841e-01  4.25000000e-01]
 [ 1.05628651e+01  1.48294407e+00 -3.96536063e-01  4.00000000e-01]
 [ 1.05803426e+01  1.47455173e+00 -4.97438150e-01  3.75000000e-01]
 [ 1.05957632e+01  1.46508077e+00 -6.01634519e-01  3.50000000e-01]
 [ 1.06090991e+01  1.45483010e+00 -7.07842768e-01  3.25000000e-01]
 [ 1.06203912e+01  1.44410892e+00 -8.12828683e-01  3.00000000e-01]
 [ 1.06297489e+01  1.43323673e+00 -9.11406234e-01  2.75000000e-01]
 [ 1.06373502e+01  1.42254331e+00 -9.96437576e-01  2.50000000e-01]
 [ 1.06434583e+01  1.41237717e+00 -1.06377925e+00  2.25000000e-01]
 [ 1.06483608e+01  1.40297268e+00 -1.11890697e+00  2.00000000e-01]
 [ 1.06522699e+01  1.39444308e+00 -1.16363756e+00  1.75000000e-01]
 [ 1.06553606e+01  1.38688806e+00 -1.19966931e+00  1.50000000e-01]
 [ 1.06577715e+01  1.38039515e+00 -1.22871619e+00  1.25000000e-01]
 [ 1.06596050e+01  1.37503965e+00 -1.25250782e+00  1.00000000e-01]
 [ 1.06609333e+01  1.37086886e+00 -1.27249696e+00  7.50000000e-02]
 [ 1.06618252e+01  1.36787452e+00 -1.28898049e+00  5.00000000e-02]
 [ 1.06623332e+01  1.36606996e+00 -1.30240833e+00  2.50000000e-02]
 [ 1.06624979e+01  1.36546713e+00 -1.31326618e+00  1.24900090e-16]
 [ 1.06623479e+01  1.36607417e+00 -1.32204136e+00 -2.50000000e-02]
 [ 1.06619004e+01  1.36789546e+00 -1.32922279e+00 -5.00000000e-02]
 [ 1.06611617e+01  1.37093190e+00 -1.33527453e+00 -7.50000000e-02]
 [ 1.06601411e+01  1.37518592e+00 -1.34037889e+00 -1.00000000e-01]
 [ 1.06588558e+01  1.38066215e+00 -1.34458463e+00 -1.25000000e-01]
 [ 1.06573185e+01  1.38736381e+00 -1.34796681e+00 -1.50000000e-01]
 [ 1.06555364e+01  1.39529263e+00 -1.35062593e+00 -1.75000000e-01]
 [ 1.06535117e+01  1.40444886e+00 -1.35268794e+00 -2.00000000e-01]
 [ 1.06512414e+01  1.41483121e+00 -1.35430423e+00 -2.25000000e-01]
 [ 1.06487170e+01  1.42643694e+00 -1.35565162e+00 -2.50000000e-01]
 [ 1.06459263e+01  1.43926228e+00 -1.35691405e+00 -2.75000000e-01]
 [ 1.06428724e+01  1.45330905e+00 -1.35805984e+00 -3.00000000e-01]
 [ 1.06395647e+01  1.46857988e+00 -1.35903982e+00 -3.25000000e-01]
 [ 1.06360095e+01  1.48507621e+00 -1.35984228e+00 -3.50000000e-01]
 [ 1.06322107e+01  1.50279895e+00 -1.36046676e+00 -3.75000000e-01]
 [ 1.06281700e+01  1.52174844e+00 -1.36092406e+00 -4.00000000e-01]
 [ 1.06238865e+01  1.54192450e+00 -1.36123619e+00 -4.25000000e-01]
 [ 1.06193572e+01  1.56332638e+00 -1.36143645e+00 -4.50000000e-01]
 [ 1.06145768e+01  1.58595280e+00 -1.36156935e+00 -4.75000000e-01]
 [ 1.06095375e+01  1.60980191e+00 -1.36169067e+00 -5.00000000e-01]
 [ 1.06042294e+01  1.63487136e+00 -1.36186710e+00 -5.25000000e-01]
 [ 1.05986508e+01  1.66116102e+00 -1.36209199e+00 -5.50000000e-01]
 [ 1.05928104e+01  1.68867295e+00 -1.36231225e+00 -5.75000000e-01]
 [ 1.05867131e+01  1.71740823e+00 -1.36251232e+00 -6.00000000e-01]
 [ 1.05803628e+01  1.74736768e+00 -1.36268040e+00 -6.25000000e-01]
 [ 1.05737624e+01  1.77855192e+00 -1.36280845e+00 -6.50000000e-01]
 [ 1.05669137e+01  1.81096130e+00 -1.36289216e+00 -6.75000000e-01]
 [ 1.05598174e+01  1.84459599e+00 -1.36293100e+00 -7.00000000e-01]
 [ 1.05524730e+01  1.87945588e+00 -1.36292819e+00 -7.25000000e-01]
 [ 1.05448791e+01  1.91554066e+00 -1.36289071e+00 -7.50000000e-01]
 [ 1.05370332e+01  1.95284979e+00 -1.36282928e+00 -7.75000000e-01]
 [ 1.05289316e+01  1.99138248e+00 -1.36275841e+00 -8.00000000e-01]
 [ 1.05205696e+01  2.03113773e+00 -1.36269632e+00 -8.25000000e-01]
 [ 1.05119415e+01  2.07211430e+00 -1.36266502e+00 -8.50000000e-01]
 [ 1.05030404e+01  2.11431053e+00 -1.36269018e+00 -8.74999511e-01]
 [ 1.04938885e+01  2.15765303e+00 -1.36274563e+00 -8.99832677e-01]
 [ 1.04844942e+01  2.20215082e+00 -1.36279407e+00 -9.24604536e-01]
 [ 1.04748415e+01  2.24788193e+00 -1.36283519e+00 -9.49546944e-01]
 [ 1.04649201e+01  2.29489645e+00 -1.36286896e+00 -9.74739153e-01]
 [ 1.04547254e+01  2.34321645e+00 -1.36289566e+00 -1.00010781e+00]
 [ 1.04442587e+01  2.39283606e+00 -1.36291588e+00 -1.02542696e+00]
 [ 1.04335269e+01  2.44372138e+00 -1.36293049e+00 -1.05031803e+00]
 [ 1.04225427e+01  2.49581057e+00 -1.36294068e+00 -1.07424988e+00]
 [ 1.04113246e+01  2.54901378e+00 -1.36294793e+00 -1.09653872e+00]
 [ 1.03998967e+01  2.60321321e+00 -1.36295400e+00 -1.11634818e+00]
 [ 1.03882891e+01  2.65826303e+00 -1.36296099e+00 -1.13268929e+00]
 [ 1.03765377e+01  2.71399039e+00 -1.36296999e+00 -1.14502906e+00]
 [ 1.03646737e+01  2.77025343e+00 -1.36297790e+00 -1.15502786e+00]
 [ 1.03527153e+01  2.82696594e+00 -1.36298459e+00 -1.16318961e+00]
 [ 1.03406791e+01  2.88404918e+00 -1.36299025e+00 -1.16983615e+00]
 [ 1.03285806e+01  2.94142975e+00 -1.36299504e+00 -1.17526744e+00]
 [ 1.03164333e+01  2.99904270e+00 -1.36299913e+00 -1.17974903e+00]
 [ 1.03042451e+01  3.05685093e+00 -1.36300260e+00 -1.18343246e+00]
 [ 1.02920222e+01  3.11482454e+00 -1.36300556e+00 -1.18644003e+00]
 [ 1.02797707e+01  3.17293476e+00 -1.36300809e+00 -1.18888927e+00]
 [ 1.02674962e+01  3.23115479e+00 -1.36301025e+00 -1.19088976e+00]
 [ 1.02551473e+01  3.28972806e+00 -1.36301219e+00 -1.20877108e+00]
 [ 1.02431715e+01  3.34653184e+00 -1.36301304e+00 -1.06960098e+00]
 [ 1.02334466e+01  3.39265963e+00 -1.36301299e+00 -8.24538809e-01]
 [ 1.02259220e+01  3.42835079e+00 -1.36301299e+00 -6.42160188e-01]
 [ 1.02200531e+01  3.45618834e+00 -1.36301299e+00 -4.99912752e-01]
 [ 1.02154746e+01  3.47790497e+00 -1.36301299e+00 -3.88942706e-01]
 [ 1.02119299e+01  3.49471833e+00 -1.36301299e+00 -3.03027934e-01]
 [ 1.02091845e+01  3.50774078e+00 -1.36301299e+00 -2.36484379e-01]
 [ 1.02070291e+01  3.51796410e+00 -1.36301299e+00 -1.84244118e-01]
 [ 1.02053427e+01  3.52596333e+00 -1.36301299e+00 -1.43368781e-01]
 [ 1.02040352e+01  3.53216507e+00 -1.36301299e+00 -1.11678441e-01]
 [ 1.02030217e+01  3.53697209e+00 -1.36301299e+00 -8.71149636e-02]
 [ 1.02022274e+01  3.54073990e+00 -1.36301299e+00 -6.78618307e-02]
 [ 1.02016062e+01  3.54368638e+00 -1.36301299e+00 -5.28055755e-02]
 [ 1.02011246e+01  3.54597059e+00 -1.36301299e+00 -4.11334421e-02]
 [ 1.02007514e+01  3.54774092e+00 -1.36301299e+00 -3.20872175e-02]
 [ 1.02004588e+01  3.54912858e+00 -1.36301299e+00 -2.49963727e-02]
 [ 1.02002300e+01  3.55021393e+00 -1.36301299e+00 -1.94503595e-02]
 [ 1.02000526e+01  3.55105535e+00 -1.36301299e+00 -1.51507950e-02]
 [ 1.01999152e+01  3.55170740e+00 -1.36301299e+00 -1.18188467e-02]
 [ 1.01998074e+01  3.55221847e+00 -1.36301299e+00 -9.20735285e-03]
 [ 1.01997231e+01  3.55261828e+00 -1.36301299e+00 -7.16432876e-03]
 [ 1.01996578e+01  3.55292825e+00 -1.36301299e+00 -5.58043834e-03]
 [ 1.01996071e+01  3.55316840e+00 -1.36301299e+00 -4.35329838e-03]
 [ 1.01995675e+01  3.55335658e+00 -1.36301299e+00 -3.39166929e-03]
 [ 1.01995364e+01  3.55350389e+00 -1.36301299e+00 -2.63893609e-03]
 [ 1.01995123e+01  3.55361810e+00 -1.36301299e+00 -2.05534178e-03]
 [ 1.01994937e+01  3.55370653e+00 -1.36301299e+00 -1.60346354e-03]
 [ 1.01994791e+01  3.55377579e+00 -1.36301299e+00 -1.24954299e-03]
 [ 1.01994676e+01  3.55383009e+00 -1.36301299e+00 -9.72087656e-04]
 [ 1.01994588e+01  3.55387220e+00 -1.36301299e+00 -7.56927069e-04]
 [ 1.01994519e+01  3.55390476e+00 -1.36301299e+00 -5.90563890e-04]
 [ 1.01994465e+01  3.55393020e+00 -1.36301299e+00 -4.60527654e-04]
 [ 1.01994423e+01  3.55395023e+00 -1.36301299e+00 -3.58181786e-04]
 [ 1.01994390e+01  3.55396579e+00 -1.36301299e+00 -2.78696446e-04]
 [ 1.01994365e+01  3.55397778e+00 -1.36301299e+00 -2.17402294e-04]
 [ 1.01994345e+01  3.55398709e+00 -1.36301299e+00 -1.69842596e-04]
 [ 1.01994330e+01  3.55399446e+00 -1.36301299e+00 -1.32171297e-04]
 [ 1.01994318e+01  3.55400024e+00 -1.36301299e+00 -1.02653185e-04]
 [ 1.01994308e+01  3.55400469e+00 -1.36301299e+00 -7.99015361e-05]
 [ 1.01994301e+01  3.55400810e+00 -1.36301299e+00 -6.24875984e-05]
 [ 1.01994295e+01  3.55401075e+00 -1.36301299e+00 -4.89592527e-05]
 [ 1.01994291e+01  3.55401286e+00 -1.36301299e+00 -3.81449439e-05]
 [ 1.01994288e+01  3.55401451e+00 -1.36301299e+00 -2.97077358e-05]]
Unsafe region shape: (1, 7)
unsafe_region: [[0.55 1.5  1.   1.   0.   0.   0.  ]]
candidate_x_traj shape: (241, 4)
candidate_x_traj: [[ 7.75000000e+00  1.50000000e+00  0.00000000e+00  5.00000000e-01]
 [ 7.77500000e+00  1.50000000e+00  0.00000000e+00  5.00000000e-01]
 [ 7.80000000e+00  1.50000000e+00  0.00000000e+00  5.00000000e-01]
 [ 7.82500000e+00  1.50000000e+00  0.00000000e+00  5.00000000e-01]
 [ 7.85000000e+00  1.50000000e+00  0.00000000e+00  5.00000000e-01]
 [ 7.87500000e+00  1.50000000e+00  0.00000000e+00  5.00000000e-01]
 [ 7.90000000e+00  1.50000000e+00  0.00000000e+00  5.00000000e-01]
 [ 7.92500000e+00  1.50000000e+00  0.00000000e+00  5.00000000e-01]
 [ 7.95000000e+00  1.50000000e+00  0.00000000e+00  5.00000000e-01]
 [ 7.97500000e+00  1.50000000e+00  0.00000000e+00  5.00000000e-01]
 [ 8.00000000e+00  1.50000000e+00  0.00000000e+00  5.00000000e-01]
 [ 8.02500000e+00  1.50000000e+00  0.00000000e+00  5.00000000e-01]
 [ 8.05000000e+00  1.50000000e+00  0.00000000e+00  5.00000000e-01]
 [ 8.07500000e+00  1.50000000e+00  0.00000000e+00  5.00000000e-01]
 [ 8.10000000e+00  1.50000000e+00  0.00000000e+00  5.00000000e-01]
 [ 8.12500000e+00  1.50000000e+00  0.00000000e+00  5.00000000e-01]
 [ 8.15000000e+00  1.50000000e+00  0.00000000e+00  5.00000000e-01]
 [ 8.17500000e+00  1.50000000e+00  0.00000000e+00  5.00000000e-01]
 [ 8.20000000e+00  1.50000000e+00  0.00000000e+00  5.00000000e-01]
 [ 8.22500000e+00  1.50000000e+00  0.00000000e+00  5.00000000e-01]
 [ 8.25000000e+00  1.50000000e+00  0.00000000e+00  5.00000000e-01]
 [ 8.27500000e+00  1.50000000e+00  0.00000000e+00  5.00000000e-01]
 [ 8.30000000e+00  1.50000000e+00  0.00000000e+00  5.00000000e-01]
 [ 8.32500000e+00  1.50000000e+00  0.00000000e+00  5.00000000e-01]
 [ 8.35000000e+00  1.50000000e+00  0.00000000e+00  5.00000000e-01]
 [ 8.37500000e+00  1.50000000e+00  0.00000000e+00  5.00000000e-01]
 [ 8.40000000e+00  1.50000000e+00  0.00000000e+00  5.00000000e-01]
 [ 8.42500000e+00  1.50000000e+00  0.00000000e+00  5.00000000e-01]
 [ 8.45000000e+00  1.50000000e+00  0.00000000e+00  5.00000000e-01]
 [ 8.47500000e+00  1.50000000e+00  0.00000000e+00  5.00000000e-01]
 [ 8.50000000e+00  1.50000000e+00  0.00000000e+00  5.00000000e-01]
 [ 8.52500000e+00  1.50000000e+00  0.00000000e+00  5.00000000e-01]
 [ 8.55000000e+00  1.50000000e+00  0.00000000e+00  5.00000000e-01]
 [ 8.57500000e+00  1.50000000e+00  0.00000000e+00  5.00000000e-01]
 [ 8.60000000e+00  1.50000000e+00  0.00000000e+00  5.00000000e-01]
 [ 8.62500000e+00  1.50000000e+00  0.00000000e+00  5.00000000e-01]
 [ 8.65000000e+00  1.50000000e+00  0.00000000e+00  5.00000000e-01]
 [ 8.67500000e+00  1.50000000e+00  0.00000000e+00  5.00000000e-01]
 [ 8.70000000e+00  1.50000000e+00  0.00000000e+00  5.00000000e-01]
 [ 8.72500000e+00  1.50000000e+00  0.00000000e+00  5.00000000e-01]
 [ 8.75000000e+00  1.50000000e+00  0.00000000e+00  5.00000000e-01]
 [ 8.77500000e+00  1.50000000e+00  0.00000000e+00  5.00000000e-01]
 [ 8.80000000e+00  1.50000000e+00  0.00000000e+00  5.00000000e-01]
 [ 8.82500000e+00  1.50000000e+00  0.00000000e+00  5.00000000e-01]
 [ 8.85000000e+00  1.50000000e+00  0.00000000e+00  5.00000000e-01]
 [ 8.87500000e+00  1.50000000e+00  0.00000000e+00  5.00000000e-01]
 [ 8.90000000e+00  1.50000000e+00  0.00000000e+00  5.00000000e-01]
 [ 8.92500000e+00  1.50000000e+00  0.00000000e+00  5.00000000e-01]
 [ 8.95000000e+00  1.50000000e+00  0.00000000e+00  5.00000000e-01]
 [ 8.97500000e+00  1.50000000e+00  0.00000000e+00  5.00000000e-01]
 [ 9.00000000e+00  1.50000000e+00  0.00000000e+00  5.00000000e-01]
 [ 9.02500000e+00  1.50000000e+00  0.00000000e+00  5.00000000e-01]
 [ 9.05000000e+00  1.50000000e+00  0.00000000e+00  5.00000000e-01]
 [ 9.07500000e+00  1.50000000e+00  0.00000000e+00  5.00000000e-01]
 [ 9.10000000e+00  1.50000000e+00  0.00000000e+00  5.00000000e-01]
 [ 9.12500000e+00  1.50000000e+00  0.00000000e+00  5.00000000e-01]
 [ 9.15000000e+00  1.50000000e+00  0.00000000e+00  5.00000000e-01]
 [ 9.17500000e+00  1.50000000e+00  0.00000000e+00  5.00000000e-01]
 [ 9.20000000e+00  1.50000000e+00  0.00000000e+00  5.00000000e-01]
 [ 9.22500000e+00  1.50000000e+00  0.00000000e+00  5.00000000e-01]
 [ 9.25000000e+00  1.50000000e+00  0.00000000e+00  5.00000000e-01]
 [ 9.27500000e+00  1.50000000e+00  0.00000000e+00  5.00000000e-01]
 [ 9.30000000e+00  1.50000000e+00  0.00000000e+00  5.00000000e-01]
 [ 9.32500000e+00  1.50000000e+00  0.00000000e+00  5.00000000e-01]
 [ 9.35000000e+00  1.50000000e+00  0.00000000e+00  5.00000000e-01]
 [ 9.37500000e+00  1.50000000e+00  0.00000000e+00  5.00000000e-01]
 [ 9.40000000e+00  1.50000000e+00  0.00000000e+00  5.00000000e-01]
 [ 9.42500000e+00  1.50000000e+00  0.00000000e+00  5.00000000e-01]
 [ 9.45000000e+00  1.50000000e+00  0.00000000e+00  5.00000000e-01]
 [ 9.47500000e+00  1.50000000e+00  0.00000000e+00  5.00000000e-01]
 [ 9.50000000e+00  1.50000000e+00  0.00000000e+00  5.00000000e-01]
 [ 9.52500000e+00  1.50000000e+00  0.00000000e+00  5.00000000e-01]
 [ 9.55000000e+00  1.50000000e+00  0.00000000e+00  5.00000000e-01]
 [ 9.57500000e+00  1.50000000e+00  0.00000000e+00  5.00000000e-01]
 [ 9.60000000e+00  1.50000000e+00  0.00000000e+00  5.00000000e-01]
 [ 9.62500000e+00  1.50000000e+00  0.00000000e+00  5.00000000e-01]
 [ 9.65000000e+00  1.50000000e+00  0.00000000e+00  5.00000000e-01]
 [ 9.67500000e+00  1.50000000e+00  0.00000000e+00  5.00000000e-01]
 [ 9.70000000e+00  1.50000000e+00  0.00000000e+00  5.00000000e-01]
 [ 9.72500000e+00  1.50000000e+00  0.00000000e+00  5.00000000e-01]
 [ 9.75000000e+00  1.50000000e+00  0.00000000e+00  5.00000000e-01]
 [ 9.77500000e+00  1.50000000e+00  0.00000000e+00  5.00000000e-01]
 [ 9.80000000e+00  1.50000000e+00  0.00000000e+00  5.00000000e-01]
 [ 9.82500000e+00  1.50000000e+00  0.00000000e+00  5.00000000e-01]
 [ 9.85000000e+00  1.50000000e+00  0.00000000e+00  5.00000000e-01]
 [ 9.87500000e+00  1.50000000e+00  0.00000000e+00  5.00000000e-01]
 [ 9.90000000e+00  1.50000000e+00  0.00000000e+00  5.00000000e-01]
 [ 9.92500000e+00  1.50000000e+00  0.00000000e+00  5.00000000e-01]
 [ 9.95000000e+00  1.50000000e+00  0.00000000e+00  5.00000000e-01]
 [ 9.97500000e+00  1.50000000e+00  0.00000000e+00  5.00000000e-01]
 [ 1.00000000e+01  1.50000000e+00  0.00000000e+00  5.00000000e-01]
 [ 1.00250000e+01  1.50000000e+00  0.00000000e+00  5.00000000e-01]
 [ 1.00500000e+01  1.50000000e+00  0.00000000e+00  5.00000000e-01]
 [ 1.00750000e+01  1.50000000e+00  0.00000000e+00  5.00000000e-01]
 [ 1.01000000e+01  1.50000000e+00  0.00000000e+00  5.00000000e-01]
 [ 1.01250000e+01  1.50000000e+00  0.00000000e+00  5.00000000e-01]
 [ 1.01500000e+01  1.50000000e+00  0.00000000e+00  5.00000000e-01]
 [ 1.01750000e+01  1.50000000e+00  0.00000000e+00  5.00000000e-01]
 [ 1.02000000e+01  1.50000000e+00  0.00000000e+00  5.00000000e-01]
 [ 1.02250000e+01  1.50000000e+00  0.00000000e+00  5.00000000e-01]
 [ 1.02500000e+01  1.50000000e+00  0.00000000e+00  5.00000000e-01]
 [ 1.02750000e+01  1.50000000e+00  0.00000000e+00  5.00000000e-01]
 [ 1.03000000e+01  1.50000000e+00  0.00000000e+00  5.00000000e-01]
 [ 1.03250000e+01  1.50000000e+00  0.00000000e+00  5.00000000e-01]
 [ 1.03500000e+01  1.50000000e+00  0.00000000e+00  5.00000000e-01]
 [ 1.03750000e+01  1.50000000e+00  0.00000000e+00  5.00000000e-01]
 [ 1.04000000e+01  1.50000000e+00  0.00000000e+00  5.00000000e-01]
 [ 1.04250000e+01  1.50000000e+00  0.00000000e+00  5.00000000e-01]
 [ 1.04500000e+01  1.50000000e+00  0.00000000e+00  5.00000000e-01]
 [ 1.04750000e+01  1.50000000e+00  0.00000000e+00  5.00000000e-01]
 [ 1.05000000e+01  1.50000000e+00  0.00000000e+00  5.00000000e-01]
 [ 1.05250000e+01  1.50000000e+00  0.00000000e+00  5.00000000e-01]
 [ 1.05500000e+01  1.50000000e+00  0.00000000e+00  5.00000000e-01]
 [ 1.05750000e+01  1.50000000e+00  0.00000000e+00  5.00000000e-01]
 [ 1.06000000e+01  1.50000000e+00  0.00000000e+00  5.00000000e-01]
 [ 1.06250000e+01  1.50000000e+00  0.00000000e+00  5.00000000e-01]
 [ 1.06500000e+01  1.50000000e+00  0.00000000e+00  5.00000000e-01]
 [ 1.06750000e+01  1.50000000e+00  0.00000000e+00  5.00000000e-01]
 [ 1.07000000e+01  1.50000000e+00  0.00000000e+00  5.00000000e-01]
 [ 1.07250000e+01  1.50000000e+00  0.00000000e+00  5.00000000e-01]
 [ 1.07500000e+01  1.50000000e+00  0.00000000e+00  5.00000000e-01]
 [ 1.07743349e+01  1.49879266e+00 -1.00000000e-01  4.75000000e-01]
 [ 1.07971926e+01  1.49534885e+00 -1.99979813e-01  4.50000000e-01]
 [ 1.08184254e+01  1.48997618e+00 -2.97701979e-01  4.25000000e-01]
 [ 1.08378552e+01  1.48295644e+00 -3.95740495e-01  4.00000000e-01]
 [ 1.08553153e+01  1.47455671e+00 -4.97576177e-01  3.75000000e-01]
 [ 1.08707138e+01  1.46506391e+00 -6.03591774e-01  3.50000000e-01]
 [ 1.08840335e+01  1.45478482e+00 -7.11071964e-01  3.25000000e-01]
 [ 1.08953316e+01  1.44404611e+00 -8.14203361e-01  3.00000000e-01]
 [ 1.09047402e+01  1.43319428e+00 -9.04074508e-01  2.75000000e-01]
 [ 1.09124888e+01  1.42261647e+00 -9.73470896e-01  2.50000000e-01]
 [ 1.09188876e+01  1.41263924e+00 -1.02992795e+00  2.25000000e-01]
 [ 1.09241538e+01  1.40340571e+00 -1.07578566e+00  2.00000000e-01]
 [ 1.09284644e+01  1.39503745e+00 -1.11274940e+00  1.75000000e-01]
 [ 1.09319614e+01  1.38764181e+00 -1.14253388e+00  1.50000000e-01]
 [ 1.09347514e+01  1.38131195e+00 -1.16686317e+00  1.25000000e-01]
 [ 1.09369109e+01  1.37611332e+00 -1.18725976e+00  1.00000000e-01]
 [ 1.09385126e+01  1.37204296e+00 -1.20409980e+00  7.50000000e-02]
 [ 1.09396120e+01  1.36911799e+00 -1.21782406e+00  5.00000000e-02]
 [ 1.09402519e+01  1.36735523e+00 -1.22892505e+00  2.50000000e-02]
 [ 1.09404639e+01  1.36676682e+00 -1.23789522e+00  6.93889390e-17]
 [ 1.09402682e+01  1.36736029e+00 -1.24522701e+00 -2.50000000e-02]
 [ 1.09396741e+01  1.36913862e+00 -1.25139031e+00 -5.00000000e-02]
 [ 1.09386919e+01  1.37210507e+00 -1.25658251e+00 -7.50000000e-02]
 [ 1.09373385e+01  1.37626554e+00 -1.26085875e+00 -1.00000000e-01]
 [ 1.09356266e+01  1.38162437e+00 -1.26429926e+00 -1.25000000e-01]
 [ 1.09335639e+01  1.38818406e+00 -1.26700875e+00 -1.50000000e-01]
 [ 1.09311533e+01  1.39594529e+00 -1.26911643e+00 -1.75000000e-01]
 [ 1.09283925e+01  1.40490690e+00 -1.27077599e+00 -2.00000000e-01]
 [ 1.09252748e+01  1.41506591e+00 -1.27216563e+00 -2.25000000e-01]
 [ 1.09217898e+01  1.42641830e+00 -1.27346138e+00 -2.50000000e-01]
 [ 1.09179415e+01  1.43896637e+00 -1.27462187e+00 -2.75000000e-01]
 [ 1.09137382e+01  1.45271310e+00 -1.27560781e+00 -3.00000000e-01]
 [ 1.09091858e+01  1.46766030e+00 -1.27641021e+00 -3.25000000e-01]
 [ 1.09042876e+01  1.48380908e+00 -1.27703131e+00 -3.50000000e-01]
 [ 1.08990449e+01  1.50115983e+00 -1.27748459e+00 -3.75000000e-01]
 [ 1.08934567e+01  1.51971221e+00 -1.27779480e+00 -4.00000000e-01]
 [ 1.08875200e+01  1.53946518e+00 -1.27799793e+00 -4.25000000e-01]
 [ 1.08812294e+01  1.56041700e+00 -1.27814120e+00 -4.50000000e-01]
 [ 1.08745774e+01  1.58256521e+00 -1.27828311e+00 -4.75000000e-01]
 [ 1.08675549e+01  1.60590685e+00 -1.27848727e+00 -5.00000000e-01]
 [ 1.08601645e+01  1.63044299e+00 -1.27871826e+00 -5.25000000e-01]
 [ 1.08524129e+01  1.65617585e+00 -1.27893846e+00 -5.50000000e-01]
 [ 1.08443046e+01  1.68310675e+00 -1.27913342e+00 -5.75000000e-01]
 [ 1.08358429e+01  1.71123671e+00 -1.27929256e+00 -6.00000000e-01]
 [ 1.08270302e+01  1.74056643e+00 -1.27940912e+00 -6.25000000e-01]
 [ 1.08178678e+01  1.77109631e+00 -1.27948022e+00 -6.50000000e-01]
 [ 1.08083560e+01  1.80282642e+00 -1.27950681e+00 -6.75000000e-01]
 [ 1.07984941e+01  1.83575654e+00 -1.27949371e+00 -7.00000000e-01]
 [ 1.07882802e+01  1.86988613e+00 -1.27944959e+00 -7.25000000e-01]
 [ 1.07777115e+01  1.90521433e+00 -1.27938697e+00 -7.50000000e-01]
 [ 1.07667842e+01  1.94173996e+00 -1.27932220e+00 -7.75000000e-01]
 [ 1.07554935e+01  1.97946157e+00 -1.27927553e+00 -8.00000000e-01]
 [ 1.07438334e+01  2.01837735e+00 -1.27927102e+00 -8.25000000e-01]
 [ 1.07318008e+01  2.05848637e+00 -1.27932065e+00 -8.50000000e-01]
 [ 1.07194092e+01  2.09979270e+00 -1.27936902e+00 -8.75000000e-01]
 [ 1.07066603e+01  2.14229688e+00 -1.27940926e+00 -9.00000000e-01]
 [ 1.06935538e+01  2.18599885e+00 -1.27944277e+00 -9.25000000e-01]
 [ 1.06800713e+01  2.23078825e+00 -1.28386584e+00 -9.47801917e-01]
 [ 1.06689855e+01  2.27689493e+00 -1.38136443e+00 -9.24052950e-01]
 [ 1.06633708e+01  2.32375312e+00 -1.48057755e+00 -8.99446494e-01]
 [ 1.06615781e+01  2.36804569e+00 -1.58057755e+00 -8.74446494e-01]
 [ 1.06641545e+01  2.41104604e+00 -1.68148373e+00 -8.49446494e-01]
 [ 1.06707440e+01  2.45235802e+00 -1.77431938e+00 -8.24446494e-01]
 [ 1.06804731e+01  2.49172296e+00 -1.85353324e+00 -7.97436940e-01]
 [ 1.06918769e+01  2.52978160e+00 -1.83032674e+00 -7.98811630e-01]
 [ 1.07002662e+01  2.56949047e+00 -1.72807330e+00 -8.24569454e-01]
 [ 1.07048499e+01  2.61107629e+00 -1.63588036e+00 -8.49569454e-01]
 [ 1.07059449e+01  2.65414729e+00 -1.55851347e+00 -8.74569454e-01]
 [ 1.07039216e+01  2.69845788e+00 -1.49382524e+00 -8.99569454e-01]
 [ 1.06991264e+01  2.74383062e+00 -1.43969327e+00 -9.24569454e-01]
 [ 1.06918986e+01  2.79013463e+00 -1.39427437e+00 -9.49568038e-01]
 [ 1.06826032e+01  2.83725620e+00 -1.35593333e+00 -9.74340487e-01]
 [ 1.06714078e+01  2.88523831e+00 -1.32359270e+00 -9.99144974e-01]
 [ 1.06584053e+01  2.93415607e+00 -1.29643662e+00 -1.02423616e+00]
 [ 1.06437268e+01  2.98402771e+00 -1.27369324e+00 -1.04940768e+00]
 [ 1.06275414e+01  3.03481446e+00 -1.25463479e+00 -1.07399212e+00]
 [ 1.06100562e+01  3.08642064e+00 -1.23857755e+00 -1.09686103e+00]
 [ 1.05915165e+01  3.13869362e+00 -1.22488182e+00 -1.11642494e+00]
 [ 1.05716984e+01  3.19208650e+00 -1.21252329e+00 -1.15101939e+00]
 [ 1.05505722e+01  3.24673160e+00 -1.20167483e+00 -1.18689310e+00]
 [ 1.05298328e+01  3.30009240e+00 -1.19422688e+00 -1.14484137e+00]
 [ 1.05108771e+01  3.34946064e+00 -1.19075843e+00 -9.99377785e-01]
 [ 1.04947336e+01  3.39204608e+00 -1.19045320e+00 -7.82227805e-01]
 [ 1.04820624e+01  3.42497657e+00 -1.19109966e+00 -5.82328786e-01]
 [ 1.04724944e+01  3.44895313e+00 -1.19109992e+00 -4.53243620e-01]
 [ 1.04650513e+01  3.46760456e+00 -1.19109992e+00 -3.52835095e-01]
 [ 1.04592855e+01  3.48205308e+00 -1.19109992e+00 -2.75052620e-01]
 [ 1.04547926e+01  3.49331177e+00 -1.19109992e+00 -2.14442324e-01]
 [ 1.04512683e+01  3.50214331e+00 -1.19109992e+00 -1.66898394e-01]
 [ 1.04485285e+01  3.50900884e+00 -1.19109992e+00 -1.29938391e-01]
 [ 1.04464061e+01  3.51432746e+00 -1.19109992e+00 -1.01305979e-01]
 [ 1.04447502e+01  3.51847677e+00 -1.19109992e+00 -7.89684766e-02]
 [ 1.04434517e+01  3.52173073e+00 -1.19109992e+00 -6.14510470e-02]
 [ 1.04424430e+01  3.52425849e+00 -1.19109992e+00 -4.78430450e-02]
 [ 1.04416621e+01  3.52621530e+00 -1.19109992e+00 -3.73087433e-02]
 [ 1.04410527e+01  3.52774238e+00 -1.19109992e+00 -2.90878146e-02]
 [ 1.04405744e+01  3.52894092e+00 -1.19109992e+00 -2.26355355e-02]
 [ 1.04402028e+01  3.52987209e+00 -1.19109992e+00 -1.76227070e-02]
 [ 1.04399152e+01  3.53059292e+00 -1.19109992e+00 -1.37421629e-02]
 [ 1.04396907e+01  3.53115535e+00 -1.19109992e+00 -1.07143610e-02]
 [ 1.04395145e+01  3.53159684e+00 -1.19109992e+00 -8.33762726e-03]
 [ 1.04393776e+01  3.53193987e+00 -1.19109992e+00 -6.49096370e-03]
 [ 1.04392717e+01  3.53220537e+00 -1.19109992e+00 -5.06162335e-03]
 [ 1.04391890e+01  3.53241247e+00 -1.19109992e+00 -3.94675297e-03]
 [ 1.04391241e+01  3.53257511e+00 -1.19109992e+00 -3.07119539e-03]
 [ 1.04390737e+01  3.53270150e+00 -1.19109992e+00 -2.39076122e-03]
 [ 1.04390347e+01  3.53279930e+00 -1.19109992e+00 -1.86427938e-03]
 [ 1.04390043e+01  3.53287551e+00 -1.19109992e+00 -1.45398866e-03]
 [ 1.04389804e+01  3.53293544e+00 -1.19109992e+00 -1.13138996e-03]
 [ 1.04389618e+01  3.53298204e+00 -1.19109992e+00 -8.80520595e-04]
 [ 1.04389474e+01  3.53301807e+00 -1.19109992e+00 -6.86564510e-04]
 [ 1.04389362e+01  3.53304608e+00 -1.19109992e+00 -5.35776249e-04]
 [ 1.04389274e+01  3.53306815e+00 -1.19109992e+00 -4.16934197e-04]
 [ 1.04389205e+01  3.53308536e+00 -1.19109992e+00 -3.24283276e-04]
 [ 1.04389152e+01  3.53309865e+00 -1.19109992e+00 -2.52733639e-04]
 [ 1.04389111e+01  3.53310893e+00 -1.19109992e+00 -1.97422670e-04]
 [ 1.04389079e+01  3.53311701e+00 -1.19109992e+00 -1.53897862e-04]
 [ 1.04389054e+01  3.53312334e+00 -1.19109992e+00 -1.19811675e-04]
 [ 1.04389034e+01  3.53312826e+00 -1.19109992e+00 -9.33359370e-05]
 [ 1.04389019e+01  3.53313209e+00 -1.19109992e+00 -7.27333113e-05]]
Unsafe region shape: (1, 7)
unsafe_region: [[1.1 1.5 1.  1.  0.  0.  0. ]]
candidate_x_traj shape: (241, 4)
candidate_x_traj: [[ 8.02500000e+00  1.50000000e+00  0.00000000e+00  5.00000000e-01]
 [ 8.05000000e+00  1.50000000e+00  0.00000000e+00  5.00000000e-01]
 [ 8.07500000e+00  1.50000000e+00  0.00000000e+00  5.00000000e-01]
 [ 8.10000000e+00  1.50000000e+00  0.00000000e+00  5.00000000e-01]
 [ 8.12500000e+00  1.50000000e+00  0.00000000e+00  5.00000000e-01]
 [ 8.15000000e+00  1.50000000e+00  0.00000000e+00  5.00000000e-01]
 [ 8.17500000e+00  1.50000000e+00  0.00000000e+00  5.00000000e-01]
 [ 8.20000000e+00  1.50000000e+00  0.00000000e+00  5.00000000e-01]
 [ 8.22500000e+00  1.50000000e+00  0.00000000e+00  5.00000000e-01]
 [ 8.25000000e+00  1.50000000e+00  0.00000000e+00  5.00000000e-01]
 [ 8.27500000e+00  1.50000000e+00  0.00000000e+00  5.00000000e-01]
 [ 8.30000000e+00  1.50000000e+00  0.00000000e+00  5.00000000e-01]
 [ 8.32500000e+00  1.50000000e+00  0.00000000e+00  5.00000000e-01]
 [ 8.35000000e+00  1.50000000e+00  0.00000000e+00  5.00000000e-01]
 [ 8.37500000e+00  1.50000000e+00  0.00000000e+00  5.00000000e-01]
 [ 8.40000000e+00  1.50000000e+00  0.00000000e+00  5.00000000e-01]
 [ 8.42500000e+00  1.50000000e+00  0.00000000e+00  5.00000000e-01]
 [ 8.45000000e+00  1.50000000e+00  0.00000000e+00  5.00000000e-01]
 [ 8.47500000e+00  1.50000000e+00  0.00000000e+00  5.00000000e-01]
 [ 8.50000000e+00  1.50000000e+00  0.00000000e+00  5.00000000e-01]
 [ 8.52500000e+00  1.50000000e+00  0.00000000e+00  5.00000000e-01]
 [ 8.55000000e+00  1.50000000e+00  0.00000000e+00  5.00000000e-01]
 [ 8.57500000e+00  1.50000000e+00  0.00000000e+00  5.00000000e-01]
 [ 8.60000000e+00  1.50000000e+00  0.00000000e+00  5.00000000e-01]
 [ 8.62500000e+00  1.50000000e+00  0.00000000e+00  5.00000000e-01]
 [ 8.65000000e+00  1.50000000e+00  0.00000000e+00  5.00000000e-01]
 [ 8.67500000e+00  1.50000000e+00  0.00000000e+00  5.00000000e-01]
 [ 8.70000000e+00  1.50000000e+00  0.00000000e+00  5.00000000e-01]
 [ 8.72500000e+00  1.50000000e+00  0.00000000e+00  5.00000000e-01]
 [ 8.75000000e+00  1.50000000e+00  0.00000000e+00  5.00000000e-01]
 [ 8.77500000e+00  1.50000000e+00  0.00000000e+00  5.00000000e-01]
 [ 8.80000000e+00  1.50000000e+00  0.00000000e+00  5.00000000e-01]
 [ 8.82500000e+00  1.50000000e+00  0.00000000e+00  5.00000000e-01]
 [ 8.85000000e+00  1.50000000e+00  0.00000000e+00  5.00000000e-01]
 [ 8.87500000e+00  1.50000000e+00  0.00000000e+00  5.00000000e-01]
 [ 8.90000000e+00  1.50000000e+00  0.00000000e+00  5.00000000e-01]
 [ 8.92500000e+00  1.50000000e+00  0.00000000e+00  5.00000000e-01]
 [ 8.95000000e+00  1.50000000e+00  0.00000000e+00  5.00000000e-01]
 [ 8.97500000e+00  1.50000000e+00  0.00000000e+00  5.00000000e-01]
 [ 9.00000000e+00  1.50000000e+00  0.00000000e+00  5.00000000e-01]
 [ 9.02500000e+00  1.50000000e+00  0.00000000e+00  5.00000000e-01]
 [ 9.05000000e+00  1.50000000e+00  0.00000000e+00  5.00000000e-01]
 [ 9.07500000e+00  1.50000000e+00  0.00000000e+00  5.00000000e-01]
 [ 9.10000000e+00  1.50000000e+00  0.00000000e+00  5.00000000e-01]
 [ 9.12500000e+00  1.50000000e+00  0.00000000e+00  5.00000000e-01]
 [ 9.15000000e+00  1.50000000e+00  0.00000000e+00  5.00000000e-01]
 [ 9.17500000e+00  1.50000000e+00  0.00000000e+00  5.00000000e-01]
 [ 9.20000000e+00  1.50000000e+00  0.00000000e+00  5.00000000e-01]
 [ 9.22500000e+00  1.50000000e+00  0.00000000e+00  5.00000000e-01]
 [ 9.25000000e+00  1.50000000e+00  0.00000000e+00  5.00000000e-01]
 [ 9.27500000e+00  1.50000000e+00  0.00000000e+00  5.00000000e-01]
 [ 9.30000000e+00  1.50000000e+00  0.00000000e+00  5.00000000e-01]
 [ 9.32500000e+00  1.50000000e+00  0.00000000e+00  5.00000000e-01]
 [ 9.35000000e+00  1.50000000e+00  0.00000000e+00  5.00000000e-01]
 [ 9.37500000e+00  1.50000000e+00  0.00000000e+00  5.00000000e-01]
 [ 9.40000000e+00  1.50000000e+00  0.00000000e+00  5.00000000e-01]
 [ 9.42500000e+00  1.50000000e+00  0.00000000e+00  5.00000000e-01]
 [ 9.45000000e+00  1.50000000e+00  0.00000000e+00  5.00000000e-01]
 [ 9.47500000e+00  1.50000000e+00  0.00000000e+00  5.00000000e-01]
 [ 9.50000000e+00  1.50000000e+00  0.00000000e+00  5.00000000e-01]
 [ 9.52500000e+00  1.50000000e+00  0.00000000e+00  5.00000000e-01]
 [ 9.55000000e+00  1.50000000e+00  0.00000000e+00  5.00000000e-01]
 [ 9.57500000e+00  1.50000000e+00  0.00000000e+00  5.00000000e-01]
 [ 9.60000000e+00  1.50000000e+00  0.00000000e+00  5.00000000e-01]
 [ 9.62500000e+00  1.50000000e+00  0.00000000e+00  5.00000000e-01]
 [ 9.65000000e+00  1.50000000e+00  0.00000000e+00  5.00000000e-01]
 [ 9.67500000e+00  1.50000000e+00  0.00000000e+00  5.00000000e-01]
 [ 9.70000000e+00  1.50000000e+00  0.00000000e+00  5.00000000e-01]
 [ 9.72500000e+00  1.50000000e+00  0.00000000e+00  5.00000000e-01]
 [ 9.75000000e+00  1.50000000e+00  0.00000000e+00  5.00000000e-01]
 [ 9.77500000e+00  1.50000000e+00  0.00000000e+00  5.00000000e-01]
 [ 9.80000000e+00  1.50000000e+00  0.00000000e+00  5.00000000e-01]
 [ 9.82500000e+00  1.50000000e+00  0.00000000e+00  5.00000000e-01]
 [ 9.85000000e+00  1.50000000e+00  0.00000000e+00  5.00000000e-01]
 [ 9.87500000e+00  1.50000000e+00  0.00000000e+00  5.00000000e-01]
 [ 9.90000000e+00  1.50000000e+00  0.00000000e+00  5.00000000e-01]
 [ 9.92500000e+00  1.50000000e+00  0.00000000e+00  5.00000000e-01]
 [ 9.95000000e+00  1.50000000e+00  0.00000000e+00  5.00000000e-01]
 [ 9.97500000e+00  1.50000000e+00  0.00000000e+00  5.00000000e-01]
 [ 1.00000000e+01  1.50000000e+00  0.00000000e+00  5.00000000e-01]
 [ 1.00250000e+01  1.50000000e+00  0.00000000e+00  5.00000000e-01]
 [ 1.00500000e+01  1.50000000e+00  0.00000000e+00  5.00000000e-01]
 [ 1.00750000e+01  1.50000000e+00  0.00000000e+00  5.00000000e-01]
 [ 1.01000000e+01  1.50000000e+00  0.00000000e+00  5.00000000e-01]
 [ 1.01250000e+01  1.50000000e+00  0.00000000e+00  5.00000000e-01]
 [ 1.01500000e+01  1.50000000e+00  0.00000000e+00  5.00000000e-01]
 [ 1.01750000e+01  1.50000000e+00  0.00000000e+00  5.00000000e-01]
 [ 1.02000000e+01  1.50000000e+00  0.00000000e+00  5.00000000e-01]
 [ 1.02250000e+01  1.50000000e+00  0.00000000e+00  5.00000000e-01]
 [ 1.02500000e+01  1.50000000e+00  0.00000000e+00  5.00000000e-01]
 [ 1.02750000e+01  1.50000000e+00  0.00000000e+00  5.00000000e-01]
 [ 1.03000000e+01  1.50000000e+00  0.00000000e+00  5.00000000e-01]
 [ 1.03250000e+01  1.50000000e+00  0.00000000e+00  5.00000000e-01]
 [ 1.03500000e+01  1.50000000e+00  0.00000000e+00  5.00000000e-01]
 [ 1.03750000e+01  1.50000000e+00  0.00000000e+00  5.00000000e-01]
 [ 1.04000000e+01  1.50000000e+00  0.00000000e+00  5.00000000e-01]
 [ 1.04250000e+01  1.50000000e+00  0.00000000e+00  5.00000000e-01]
 [ 1.04500000e+01  1.50000000e+00  0.00000000e+00  5.00000000e-01]
 [ 1.04750000e+01  1.50000000e+00  0.00000000e+00  5.00000000e-01]
 [ 1.05000000e+01  1.50000000e+00  0.00000000e+00  5.00000000e-01]
 [ 1.05250000e+01  1.50000000e+00  0.00000000e+00  5.00000000e-01]
 [ 1.05500000e+01  1.50000000e+00  0.00000000e+00  5.00000000e-01]
 [ 1.05750000e+01  1.50000000e+00  0.00000000e+00  5.00000000e-01]
 [ 1.06000000e+01  1.50000000e+00  0.00000000e+00  5.00000000e-01]
 [ 1.06250000e+01  1.50000000e+00  0.00000000e+00  5.00000000e-01]
 [ 1.06500000e+01  1.50000000e+00  0.00000000e+00  5.00000000e-01]
 [ 1.06750000e+01  1.50000000e+00  0.00000000e+00  5.00000000e-01]
 [ 1.07000000e+01  1.50000000e+00  0.00000000e+00  5.00000000e-01]
 [ 1.07250000e+01  1.50000000e+00  0.00000000e+00  5.00000000e-01]
 [ 1.07500000e+01  1.50000000e+00  0.00000000e+00  5.00000000e-01]
 [ 1.07750000e+01  1.50000000e+00  0.00000000e+00  5.00000000e-01]
 [ 1.08000000e+01  1.50000000e+00  0.00000000e+00  5.00000000e-01]
 [ 1.08250000e+01  1.50000000e+00  0.00000000e+00  5.00000000e-01]
 [ 1.08500000e+01  1.50000000e+00  0.00000000e+00  5.00000000e-01]
 [ 1.08750000e+01  1.50000000e+00  0.00000000e+00  5.00000000e-01]
 [ 1.09000000e+01  1.50000000e+00  0.00000000e+00  5.00000000e-01]
 [ 1.09250000e+01  1.50000000e+00  0.00000000e+00  5.00000000e-01]
 [ 1.09500000e+01  1.50000000e+00  0.00000000e+00  5.00000000e-01]
 [ 1.09750000e+01  1.50000000e+00  0.00000000e+00  5.00000000e-01]
 [ 1.10000000e+01  1.50000000e+00  0.00000000e+00  5.00000000e-01]
 [ 1.10250000e+01  1.50000000e+00  0.00000000e+00  5.00000000e-01]
 [ 1.10493750e+01  1.50000000e+00 -4.44006598e-17  4.75000000e-01]
 [ 1.10725000e+01  1.50000000e+00 -8.07478871e-17  4.50000000e-01]
 [ 1.10943750e+01  1.50000000e+00 -1.30974673e-16  4.25000000e-01]
 [ 1.11150000e+01  1.50000000e+00 -2.42696061e-16  4.00000000e-01]
 [ 1.11343750e+01  1.50000000e+00 -3.96843883e-16  3.75000000e-01]
 [ 1.11525000e+01  1.50000000e+00 -5.72816498e-16  3.50000000e-01]
 [ 1.11693750e+01  1.50000000e+00 -7.52562489e-16  3.25000000e-01]
 [ 1.11850000e+01  1.50000000e+00 -9.20580659e-16  3.00000000e-01]
 [ 1.11993750e+01  1.50000000e+00 -1.06392004e-15  2.75000000e-01]
 [ 1.12125000e+01  1.50000000e+00 -1.17217988e-15  2.50000000e-01]
 [ 1.12243750e+01  1.50000000e+00 -1.23750965e-15  2.25000000e-01]
 [ 1.12350000e+01  1.50000000e+00 -1.25460905e-15  2.00000000e-01]
 [ 1.12443750e+01  1.50000000e+00 -1.22072801e-15  1.75000000e-01]
 [ 1.12525000e+01  1.50000000e+00 -1.13566666e-15  1.50000000e-01]
 [ 1.12593750e+01  1.50000000e+00 -1.00177537e-15  1.25000000e-01]
 [ 1.12650000e+01  1.50000000e+00 -8.23954742e-16  1.00000000e-01]
 [ 1.12693750e+01  1.50000000e+00 -6.09655577e-16  7.50000000e-02]
 [ 1.12725000e+01  1.50000000e+00 -3.68878915e-16  5.00000000e-02]
 [ 1.12743750e+01  1.50000000e+00 -1.14176015e-16  2.50000000e-02]
 [ 1.12750000e+01  1.50000000e+00  1.39351639e-16 -5.55111512e-17]
 [ 1.12743750e+01  1.50000000e+00  3.74052342e-16 -2.50000000e-02]
 [ 1.12725000e+01  1.50000000e+00  5.69724165e-16 -5.00000000e-02]
 [ 1.12693750e+01  1.50000000e+00  7.03614956e-16 -7.50000000e-02]
 [ 1.12650000e+01  1.50000000e+00  7.50422339e-16 -1.00000000e-01]
 [ 1.12593750e+01  1.50000000e+00  6.82293717e-16 -1.25000000e-01]
 [ 1.12525000e+01  1.50000000e+00  5.15830189e-16 -1.50000000e-01]
 [ 1.12443750e+01  1.50000000e+00  3.63022894e-16 -1.75000000e-01]
 [ 1.12350000e+01  1.50000000e+00  2.34130541e-16 -2.00000000e-01]
 [ 1.12243750e+01  1.50000000e+00  1.31123059e-16 -2.25000000e-01]
 [ 1.12125000e+01  1.50000000e+00  5.40371103e-17 -2.50000000e-01]
 [ 1.11993750e+01  1.50000000e+00  9.76089551e-19 -2.75000000e-01]
 [ 1.11850000e+01  1.50000000e+00 -3.18898744e-17 -3.00000000e-01]
 [ 1.11693750e+01  1.50000000e+00 -5.03239201e-17 -3.25000000e-01]
 [ 1.11525000e+01  1.50000000e+00 -6.20224525e-17 -3.50000000e-01]
 [ 1.11343750e+01  1.50000000e+00 -7.66151438e-17 -3.75000000e-01]
 [ 1.11150000e+01  1.50000000e+00 -1.03293239e-16 -4.00000000e-01]
 [ 1.10943750e+01  1.50000000e+00 -1.28999019e-16 -4.25000000e-01]
 [ 1.10725000e+01  1.50000000e+00 -1.50015187e-16 -4.50000000e-01]
 [ 1.10493750e+01  1.50000000e+00 -1.67188358e-16 -4.75000000e-01]
 [ 1.10250000e+01  1.50000000e+00 -1.81264825e-16 -5.00000000e-01]
 [ 1.09994373e+01  1.49989425e+00 -1.37870377e-02 -5.20694977e-01]
 [ 1.09733126e+01  1.50230695e+00 -1.15494429e-01 -5.17744521e-01]
 [ 1.09479668e+01  1.50651330e+00 -2.15494429e-01 -5.12043903e-01]
 [ 1.09234138e+01  1.51313173e+00 -3.15494429e-01 -5.06344693e-01]
 [ 1.08996410e+01  1.52218370e+00 -4.15494429e-01 -5.07424045e-01]
 [ 1.08766310e+01  1.53374447e+00 -5.15494429e-01 -5.18563466e-01]
 [ 1.08543643e+01  1.54794252e+00 -6.15494429e-01 -5.39490581e-01]
 [ 1.08328187e+01  1.56495948e+00 -7.15494429e-01 -5.66379132e-01]
 [ 1.08119991e+01  1.58499269e+00 -8.14490563e-01 -5.92455880e-01]
 [ 1.07922151e+01  1.60778780e+00 -9.01779682e-01 -6.17455880e-01]
 [ 1.07735534e+01  1.63313400e+00 -9.75314313e-01 -6.42455880e-01]
 [ 1.07559736e+01  1.66086736e+00 -1.03636567e+00 -6.67455880e-01]
 [ 1.07393912e+01  1.69078335e+00 -1.08644982e+00 -6.92455880e-01]
 [ 1.07236782e+01  1.72263678e+00 -1.12732767e+00 -7.17455880e-01]
 [ 1.07086627e+01  1.75614185e+00 -1.16100500e+00 -7.42455880e-01]
 [ 1.06941425e+01  1.79102150e+00 -1.18954949e+00 -7.67455880e-01]
 [ 1.06800325e+01  1.82736018e+00 -1.21355839e+00 -7.92455880e-01]
 [ 1.06662952e+01  1.86518815e+00 -1.23348679e+00 -8.17455880e-01]
 [ 1.06528743e+01  1.90448297e+00 -1.24990297e+00 -8.42455880e-01]
 [ 1.06396989e+01  1.94520645e+00 -1.26337477e+00 -8.67455880e-01]
 [ 1.06266843e+01  1.98730464e+00 -1.27446957e+00 -8.92455880e-01]
 [ 1.06137310e+01  2.03070781e+00 -1.28375438e+00 -9.17455880e-01]
 [ 1.06007536e+01  2.07536178e+00 -1.29168267e+00 -9.42455880e-01]
 [ 1.05877555e+01  2.12130624e+00 -1.29831497e+00 -9.67455880e-01]
 [ 1.05747048e+01  2.16853409e+00 -1.30384835e+00 -9.92455880e-01]
 [ 1.05615670e+01  2.21703410e+00 -1.30847168e+00 -1.01745588e+00]
 [ 1.05479211e+01  2.26665408e+00 -1.30341985e+00 -1.04703935e+00]
 [ 1.05341380e+01  2.31768169e+00 -1.31182951e+00 -1.06939348e+00]
 [ 1.05224659e+01  2.37024942e+00 -1.37659089e+00 -1.06258194e+00]
 [ 1.05150042e+01  2.42292046e+00 -1.48197887e+00 -1.03480541e+00]
 [ 1.05133086e+01  2.47374229e+00 -1.59267619e+00 -1.00444833e+00]
 [ 1.05161944e+01  2.52333454e+00 -1.66664743e+00 -9.82784455e-01]
 [ 1.05208846e+01  2.57260721e+00 -1.65178169e+00 -9.89371851e-01]
 [ 1.05240042e+01  2.62258624e+00 -1.57958808e+00 -1.01690614e+00]
 [ 1.05230954e+01  2.67404705e+00 -1.52666279e+00 -1.04267224e+00]
 [ 1.05196043e+01  2.72668373e+00 -1.48347643e+00 -1.06769372e+00]
 [ 1.05138966e+01  2.78035031e+00 -1.44713213e+00 -1.09057297e+00]
 [ 1.05062448e+01  2.83487502e+00 -1.41649470e+00 -1.11025363e+00]
 [ 1.04969091e+01  2.89004162e+00 -1.39058142e+00 -1.12652246e+00]
 [ 1.04861242e+01  2.94567192e+00 -1.36861895e+00 -1.13985184e+00]
 [ 1.04740879e+01  3.00166624e+00 -1.35000350e+00 -1.15075733e+00]
 [ 1.04609776e+01  3.05793053e+00 -1.33420064e+00 -1.15967327e+00]
 [ 1.04469511e+01  3.11438786e+00 -1.32075474e+00 -1.16697831e+00]
 [ 1.04321415e+01  3.17098554e+00 -1.30929450e+00 -1.17296427e+00]
 [ 1.04166558e+01  3.22769923e+00 -1.29947822e+00 -1.17906375e+00]
 [ 1.04004746e+01  3.28482803e+00 -1.29126395e+00 -1.17429282e+00]
 [ 1.03857121e+01  3.33634264e+00 -1.29039407e+00 -9.38416414e-01]
 [ 1.03742290e+01  3.37622237e+00 -1.29041743e+00 -7.30032623e-01]
 [ 1.03652935e+01  3.40725218e+00 -1.29041743e+00 -5.68578941e-01]
 [ 1.03583266e+01  3.43144593e+00 -1.29041743e+00 -4.42694487e-01]
 [ 1.03528881e+01  3.45033177e+00 -1.29041743e+00 -3.44428044e-01]
 [ 1.03486745e+01  3.46496415e+00 -1.29041743e+00 -2.68293115e-01]
 [ 1.03454120e+01  3.47629361e+00 -1.29041743e+00 -2.09343874e-01]
 [ 1.03428544e+01  3.48517548e+00 -1.29041743e+00 -1.63129933e-01]
 [ 1.03408513e+01  3.49213133e+00 -1.29041743e+00 -1.26937372e-01]
 [ 1.03392978e+01  3.49752634e+00 -1.29041743e+00 -9.88661802e-02]
 [ 1.03380941e+01  3.50170630e+00 -1.29041743e+00 -7.71170497e-02]
 [ 1.03371515e+01  3.50497960e+00 -1.29041743e+00 -6.00855066e-02]
 [ 1.03364137e+01  3.50754176e+00 -1.29041743e+00 -4.67541001e-02]
 [ 1.03358414e+01  3.50952890e+00 -1.29041743e+00 -3.64146748e-02]
 [ 1.03353981e+01  3.51106835e+00 -1.29041743e+00 -2.84046247e-02]
 [ 1.03350510e+01  3.51227388e+00 -1.29041743e+00 -2.21320404e-02]
 [ 1.03347792e+01  3.51321766e+00 -1.29041743e+00 -1.72213826e-02]
 [ 1.03345684e+01  3.51394965e+00 -1.29041743e+00 -1.34127087e-02]
 [ 1.03344051e+01  3.51451667e+00 -1.29041743e+00 -1.04623904e-02]
 [ 1.03342773e+01  3.51496065e+00 -1.29041743e+00 -8.15231674e-03]
 [ 1.03341772e+01  3.51530831e+00 -1.29041743e+00 -6.34333741e-03]
 [ 1.03340995e+01  3.51557797e+00 -1.29041743e+00 -4.94024755e-03]
 [ 1.03340394e+01  3.51578681e+00 -1.29041743e+00 -3.85364049e-03]
 [ 1.03339923e+01  3.51595028e+00 -1.29041743e+00 -3.00306526e-03]
 [ 1.03339554e+01  3.51607838e+00 -1.29041743e+00 -2.33655778e-03]
 [ 1.03339268e+01  3.51617774e+00 -1.29041743e+00 -1.81954370e-03]
 [ 1.03339047e+01  3.51625465e+00 -1.29041743e+00 -1.41939411e-03]
 [ 1.03338873e+01  3.51631480e+00 -1.29041743e+00 -1.10640920e-03]
 [ 1.03338737e+01  3.51636202e+00 -1.29041743e+00 -8.60736827e-04]
 [ 1.03338632e+01  3.51639866e+00 -1.29041743e+00 -6.70084509e-04]
 [ 1.03338550e+01  3.51642698e+00 -1.29041743e+00 -5.22736473e-04]
 [ 1.03338487e+01  3.51644907e+00 -1.29041743e+00 -4.07802943e-04]
 [ 1.03338437e+01  3.51646640e+00 -1.29041743e+00 -3.17589964e-04]
 [ 1.03338398e+01  3.51647990e+00 -1.29041743e+00 -2.47348073e-04]]
Unsafe region shape: (1, 7)
unsafe_region: [[1.65 1.5  1.   1.   0.   0.   0.  ]]
candidate_x_traj shape: (241, 4)
candidate_x_traj: [[ 8.30000000e+00  1.50000000e+00  0.00000000e+00  5.00000000e-01]
 [ 8.32500000e+00  1.50000000e+00  0.00000000e+00  5.00000000e-01]
 [ 8.35000000e+00  1.50000000e+00  0.00000000e+00  5.00000000e-01]
 [ 8.37500000e+00  1.50000000e+00  0.00000000e+00  5.00000000e-01]
 [ 8.40000000e+00  1.50000000e+00  0.00000000e+00  5.00000000e-01]
 [ 8.42500000e+00  1.50000000e+00  0.00000000e+00  5.00000000e-01]
 [ 8.45000000e+00  1.50000000e+00  0.00000000e+00  5.00000000e-01]
 [ 8.47500000e+00  1.50000000e+00  0.00000000e+00  5.00000000e-01]
 [ 8.50000000e+00  1.50000000e+00  0.00000000e+00  5.00000000e-01]
 [ 8.52500000e+00  1.50000000e+00  0.00000000e+00  5.00000000e-01]
 [ 8.55000000e+00  1.50000000e+00  0.00000000e+00  5.00000000e-01]
 [ 8.57500000e+00  1.50000000e+00  0.00000000e+00  5.00000000e-01]
 [ 8.60000000e+00  1.50000000e+00  0.00000000e+00  5.00000000e-01]
 [ 8.62500000e+00  1.50000000e+00  0.00000000e+00  5.00000000e-01]
 [ 8.65000000e+00  1.50000000e+00  0.00000000e+00  5.00000000e-01]
 [ 8.67500000e+00  1.50000000e+00  0.00000000e+00  5.00000000e-01]
 [ 8.70000000e+00  1.50000000e+00  0.00000000e+00  5.00000000e-01]
 [ 8.72500000e+00  1.50000000e+00  0.00000000e+00  5.00000000e-01]
 [ 8.75000000e+00  1.50000000e+00  0.00000000e+00  5.00000000e-01]
 [ 8.77500000e+00  1.50000000e+00  0.00000000e+00  5.00000000e-01]
 [ 8.80000000e+00  1.50000000e+00  0.00000000e+00  5.00000000e-01]
 [ 8.82500000e+00  1.50000000e+00  0.00000000e+00  5.00000000e-01]
 [ 8.85000000e+00  1.50000000e+00  0.00000000e+00  5.00000000e-01]
 [ 8.87500000e+00  1.50000000e+00  0.00000000e+00  5.00000000e-01]
 [ 8.90000000e+00  1.50000000e+00  0.00000000e+00  5.00000000e-01]
 [ 8.92500000e+00  1.50000000e+00  0.00000000e+00  5.00000000e-01]
 [ 8.95000000e+00  1.50000000e+00  0.00000000e+00  5.00000000e-01]
 [ 8.97500000e+00  1.50000000e+00  0.00000000e+00  5.00000000e-01]
 [ 9.00000000e+00  1.50000000e+00  0.00000000e+00  5.00000000e-01]
 [ 9.02500000e+00  1.50000000e+00  0.00000000e+00  5.00000000e-01]
 [ 9.05000000e+00  1.50000000e+00  0.00000000e+00  5.00000000e-01]
 [ 9.07500000e+00  1.50000000e+00  0.00000000e+00  5.00000000e-01]
 [ 9.10000000e+00  1.50000000e+00  0.00000000e+00  5.00000000e-01]
 [ 9.12500000e+00  1.50000000e+00  0.00000000e+00  5.00000000e-01]
 [ 9.15000000e+00  1.50000000e+00  0.00000000e+00  5.00000000e-01]
 [ 9.17500000e+00  1.50000000e+00  0.00000000e+00  5.00000000e-01]
 [ 9.20000000e+00  1.50000000e+00  0.00000000e+00  5.00000000e-01]
 [ 9.22500000e+00  1.50000000e+00  0.00000000e+00  5.00000000e-01]
 [ 9.25000000e+00  1.50000000e+00  0.00000000e+00  5.00000000e-01]
 [ 9.27500000e+00  1.50000000e+00  0.00000000e+00  5.00000000e-01]
 [ 9.30000000e+00  1.50000000e+00  0.00000000e+00  5.00000000e-01]
 [ 9.32500000e+00  1.50000000e+00  0.00000000e+00  5.00000000e-01]
 [ 9.35000000e+00  1.50000000e+00  0.00000000e+00  5.00000000e-01]
 [ 9.37500000e+00  1.50000000e+00  0.00000000e+00  5.00000000e-01]
 [ 9.40000000e+00  1.50000000e+00  0.00000000e+00  5.00000000e-01]
 [ 9.42500000e+00  1.50000000e+00  0.00000000e+00  5.00000000e-01]
 [ 9.45000000e+00  1.50000000e+00  0.00000000e+00  5.00000000e-01]
 [ 9.47500000e+00  1.50000000e+00  0.00000000e+00  5.00000000e-01]
 [ 9.50000000e+00  1.50000000e+00  0.00000000e+00  5.00000000e-01]
 [ 9.52500000e+00  1.50000000e+00  0.00000000e+00  5.00000000e-01]
 [ 9.55000000e+00  1.50000000e+00  0.00000000e+00  5.00000000e-01]
 [ 9.57500000e+00  1.50000000e+00  0.00000000e+00  5.00000000e-01]
 [ 9.60000000e+00  1.50000000e+00  0.00000000e+00  5.00000000e-01]
 [ 9.62500000e+00  1.50000000e+00  0.00000000e+00  5.00000000e-01]
 [ 9.65000000e+00  1.50000000e+00  0.00000000e+00  5.00000000e-01]
 [ 9.67500000e+00  1.50000000e+00  0.00000000e+00  5.00000000e-01]
 [ 9.70000000e+00  1.50000000e+00  0.00000000e+00  5.00000000e-01]
 [ 9.72500000e+00  1.50000000e+00  0.00000000e+00  5.00000000e-01]
 [ 9.75000000e+00  1.50000000e+00  0.00000000e+00  5.00000000e-01]
 [ 9.77500000e+00  1.50000000e+00  0.00000000e+00  5.00000000e-01]
 [ 9.80000000e+00  1.50000000e+00  0.00000000e+00  5.00000000e-01]
 [ 9.82500000e+00  1.50000000e+00  0.00000000e+00  5.00000000e-01]
 [ 9.85000000e+00  1.50000000e+00  0.00000000e+00  5.00000000e-01]
 [ 9.87500000e+00  1.50000000e+00  0.00000000e+00  5.00000000e-01]
 [ 9.90000000e+00  1.50000000e+00  0.00000000e+00  5.00000000e-01]
 [ 9.92500000e+00  1.50000000e+00  0.00000000e+00  5.00000000e-01]
 [ 9.95000000e+00  1.50000000e+00  0.00000000e+00  5.00000000e-01]
 [ 9.97500000e+00  1.50000000e+00  0.00000000e+00  5.00000000e-01]
 [ 1.00000000e+01  1.50000000e+00  0.00000000e+00  5.00000000e-01]
 [ 1.00250000e+01  1.50000000e+00  0.00000000e+00  5.00000000e-01]
 [ 1.00500000e+01  1.50000000e+00  0.00000000e+00  5.00000000e-01]
 [ 1.00750000e+01  1.50000000e+00  0.00000000e+00  5.00000000e-01]
 [ 1.01000000e+01  1.50000000e+00  0.00000000e+00  5.00000000e-01]
 [ 1.01250000e+01  1.50000000e+00  0.00000000e+00  5.00000000e-01]
 [ 1.01500000e+01  1.50000000e+00  0.00000000e+00  5.00000000e-01]
 [ 1.01750000e+01  1.50000000e+00  0.00000000e+00  5.00000000e-01]
 [ 1.02000000e+01  1.50000000e+00  0.00000000e+00  5.00000000e-01]
 [ 1.02250000e+01  1.50000000e+00  0.00000000e+00  5.00000000e-01]
 [ 1.02500000e+01  1.50000000e+00  0.00000000e+00  5.00000000e-01]
 [ 1.02750000e+01  1.50000000e+00  0.00000000e+00  5.00000000e-01]
 [ 1.03000000e+01  1.50000000e+00  0.00000000e+00  5.00000000e-01]
 [ 1.03250000e+01  1.50000000e+00  0.00000000e+00  5.00000000e-01]
 [ 1.03500000e+01  1.50000000e+00  0.00000000e+00  5.00000000e-01]
 [ 1.03750000e+01  1.50000000e+00  0.00000000e+00  5.00000000e-01]
 [ 1.04000000e+01  1.50000000e+00  0.00000000e+00  5.00000000e-01]
 [ 1.04250000e+01  1.50000000e+00  0.00000000e+00  5.00000000e-01]
 [ 1.04500000e+01  1.50000000e+00  0.00000000e+00  5.00000000e-01]
 [ 1.04750000e+01  1.50000000e+00  0.00000000e+00  5.00000000e-01]
 [ 1.05000000e+01  1.50000000e+00  0.00000000e+00  5.00000000e-01]
 [ 1.05250000e+01  1.50000000e+00  0.00000000e+00  5.00000000e-01]
 [ 1.05500000e+01  1.50000000e+00  0.00000000e+00  5.00000000e-01]
 [ 1.05750000e+01  1.50000000e+00  0.00000000e+00  5.00000000e-01]
 [ 1.06000000e+01  1.50000000e+00  0.00000000e+00  5.00000000e-01]
 [ 1.06250000e+01  1.50000000e+00  0.00000000e+00  5.00000000e-01]
 [ 1.06500000e+01  1.50000000e+00  0.00000000e+00  5.00000000e-01]
 [ 1.06750000e+01  1.50000000e+00  0.00000000e+00  5.00000000e-01]
 [ 1.07000000e+01  1.50000000e+00  0.00000000e+00  5.00000000e-01]
 [ 1.07250000e+01  1.50000000e+00  0.00000000e+00  5.00000000e-01]
 [ 1.07500000e+01  1.50000000e+00  0.00000000e+00  5.00000000e-01]
 [ 1.07750000e+01  1.50000000e+00  0.00000000e+00  5.00000000e-01]
 [ 1.08000000e+01  1.50000000e+00  0.00000000e+00  5.00000000e-01]
 [ 1.08250000e+01  1.50000000e+00  0.00000000e+00  5.00000000e-01]
 [ 1.08500000e+01  1.50000000e+00  0.00000000e+00  5.00000000e-01]
 [ 1.08750000e+01  1.50000000e+00  0.00000000e+00  5.00000000e-01]
 [ 1.09000000e+01  1.50000000e+00  0.00000000e+00  5.00000000e-01]
 [ 1.09250000e+01  1.50000000e+00  0.00000000e+00  5.00000000e-01]
 [ 1.09500000e+01  1.50000000e+00  0.00000000e+00  5.00000000e-01]
 [ 1.09750000e+01  1.50000000e+00  0.00000000e+00  5.00000000e-01]
 [ 1.10000000e+01  1.50000000e+00  0.00000000e+00  5.00000000e-01]
 [ 1.10250000e+01  1.50000000e+00  0.00000000e+00  5.00000000e-01]
 [ 1.10500000e+01  1.50000000e+00  0.00000000e+00  5.00000000e-01]
 [ 1.10750000e+01  1.50000000e+00  0.00000000e+00  5.00000000e-01]
 [ 1.11000000e+01  1.50000000e+00  0.00000000e+00  5.00000000e-01]
 [ 1.11250000e+01  1.50000000e+00  0.00000000e+00  5.00000000e-01]
 [ 1.11500000e+01  1.50000000e+00  0.00000000e+00  5.00000000e-01]
 [ 1.11750000e+01  1.50000000e+00  0.00000000e+00  5.00000000e-01]
 [ 1.12000000e+01  1.50000000e+00  0.00000000e+00  5.00000000e-01]
 [ 1.12250000e+01  1.50000000e+00  0.00000000e+00  5.00000000e-01]
 [ 1.12500000e+01  1.50000000e+00  0.00000000e+00  5.00000000e-01]
 [ 1.12750000e+01  1.50000000e+00  0.00000000e+00  5.00000000e-01]
 [ 1.13000000e+01  1.50000000e+00  0.00000000e+00  5.00000000e-01]
 [ 1.13243750e+01  1.50000000e+00 -4.44006599e-17  4.75000000e-01]
 [ 1.13475000e+01  1.50000000e+00 -8.07478871e-17  4.50000000e-01]
 [ 1.13693750e+01  1.50000000e+00 -1.34173748e-16  4.25000000e-01]
 [ 1.13900000e+01  1.50000000e+00 -2.59211404e-16  4.00000000e-01]
 [ 1.14093750e+01  1.50000000e+00 -4.33020456e-16  3.75000000e-01]
 [ 1.14275000e+01  1.50000000e+00 -6.31108390e-16  3.50000000e-01]
 [ 1.14443750e+01  1.50000000e+00 -8.32064923e-16  3.25000000e-01]
 [ 1.14600000e+01  1.50000000e+00 -1.01756200e-15  3.00000000e-01]
 [ 1.14743750e+01  1.50000000e+00 -1.17235382e-15  2.75000000e-01]
 [ 1.14875000e+01  1.50000000e+00 -1.28427678e-15  2.50000000e-01]
 [ 1.14993750e+01  1.50000000e+00 -1.34424954e-15  2.25000000e-01]
 [ 1.15100000e+01  1.50000000e+00 -1.34627297e-15  2.00000000e-01]
 [ 1.15193750e+01  1.50000000e+00 -1.28743020e-15  1.75000000e-01]
 [ 1.15275000e+01  1.50000000e+00 -1.16788657e-15  1.50000000e-01]
 [ 1.15343750e+01  1.50000000e+00 -9.90889663e-16  1.25000000e-01]
 [ 1.15400000e+01  1.50000000e+00 -7.62769285e-16  1.00000000e-01]
 [ 1.15443750e+01  1.50000000e+00 -4.92937486e-16  7.50000000e-02]
 [ 1.15475000e+01  1.50000000e+00 -1.93888544e-16  5.00000000e-02]
 [ 1.15493750e+01  1.50000000e+00  1.18801029e-16  2.50000000e-02]
 [ 1.15500000e+01  1.50000000e+00  4.26472490e-16  0.00000000e+00]
 [ 1.15493750e+01  1.50000000e+00  7.07384862e-16 -2.50000000e-02]
 [ 1.15475000e+01  1.50000000e+00  9.36714934e-16 -5.00000000e-02]
 [ 1.15443750e+01  1.50000000e+00  1.08655726e-15 -7.50000000e-02]
 [ 1.15400000e+01  1.50000000e+00  1.12592418e-15 -1.00000000e-01]
 [ 1.15343750e+01  1.50000000e+00  1.02074576e-15 -1.25000000e-01]
 [ 1.15275000e+01  1.50000000e+00  7.92795662e-16 -1.50000000e-01]
 [ 1.15193750e+01  1.50000000e+00  5.83596715e-16 -1.75000000e-01]
 [ 1.15100000e+01  1.50000000e+00  4.06823049e-16 -2.00000000e-01]
 [ 1.14993750e+01  1.50000000e+00  2.65456947e-16 -2.25000000e-01]
 [ 1.14875000e+01  1.50000000e+00  1.59776214e-16 -2.50000000e-01]
 [ 1.14743750e+01  1.50000000e+00  8.73541779e-17 -2.75000000e-01]
 [ 1.14600000e+01  1.50000000e+00  4.30596859e-17 -3.00000000e-01]
 [ 1.14443750e+01  1.50000000e+00  1.90571082e-17 -3.25000000e-01]
 [ 1.14275000e+01  1.50000000e+00  4.80633610e-18 -3.50000000e-01]
 [ 1.14093750e+01  1.50000000e+00 -1.29372176e-17 -3.75000000e-01]
 [ 1.13900000e+01  1.50000000e+00 -4.82557764e-17 -4.00000000e-01]
 [ 1.13693750e+01  1.50000000e+00 -8.66705450e-17 -4.25000000e-01]
 [ 1.13475000e+01  1.50000000e+00 -1.19794790e-16 -4.50000000e-01]
 [ 1.13243750e+01  1.50000000e+00 -1.46918054e-16 -4.75000000e-01]
 [ 1.13000000e+01  1.50000000e+00 -1.67800076e-16 -5.00000000e-01]
 [ 1.12743750e+01  1.50000000e+00 -1.82670787e-16 -5.25000000e-01]
 [ 1.12475000e+01  1.50000000e+00 -1.92230312e-16 -5.50000000e-01]
 [ 1.12193750e+01  1.50000000e+00 -1.97648969e-16 -5.75000000e-01]
 [ 1.11900000e+01  1.50000000e+00 -2.00567271e-16 -6.00000000e-01]
 [ 1.11593750e+01  1.50000000e+00 -2.03095921e-16 -6.25000000e-01]
 [ 1.11275000e+01  1.50000000e+00 -2.07815821e-16 -6.50000000e-01]
 [ 1.10943750e+01  1.50000000e+00 -2.14519056e-16 -6.75000000e-01]
 [ 1.10600000e+01  1.50000000e+00 -2.20031470e-16 -7.00000000e-01]
 [ 1.10243750e+01  1.50000000e+00 -2.24544684e-16 -7.25000000e-01]
 [ 1.09876268e+01  1.50019732e+00 -3.23096655e-02 -7.33845167e-01]
 [ 1.09516957e+01  1.50315112e+00 -1.32309665e-01 -7.08845167e-01]
 [ 1.09174679e+01  1.50945055e+00 -2.32309665e-01 -6.83845167e-01]
 [ 1.08852400e+01  1.51878766e+00 -3.32309665e-01 -6.58843030e-01]
 [ 1.08554398e+01  1.53072425e+00 -4.32309665e-01 -6.27772010e-01]
 [ 1.08280489e+01  1.54500820e+00 -5.32309665e-01 -6.06236819e-01]
 [ 1.08026265e+01  1.56175657e+00 -6.32309665e-01 -6.10464514e-01]
 [ 1.07786573e+01  1.58132088e+00 -7.32309665e-01 -6.36285485e-01]
 [ 1.07556888e+01  1.60418949e+00 -8.30771446e-01 -6.62915081e-01]
 [ 1.07340890e+01  1.63012586e+00 -9.18183728e-01 -6.87915081e-01]
 [ 1.07138960e+01  1.65873628e+00 -9.92118789e-01 -7.12915081e-01]
 [ 1.06950094e+01  1.68971153e+00 -1.05305440e+00 -7.37915081e-01]
 [ 1.06772873e+01  1.72278720e+00 -1.10310164e+00 -7.62915081e-01]
 [ 1.06605151e+01  1.75770617e+00 -1.14502062e+00 -7.87915081e-01]
 [ 1.06445578e+01  1.79437354e+00 -1.17996562e+00 -8.12915081e-01]
 [ 1.06293405e+01  1.83276771e+00 -1.20884204e+00 -8.37915081e-01]
 [ 1.06147667e+01  1.87282958e+00 -1.23255708e+00 -8.62915081e-01]
 [ 1.06007177e+01  1.91446250e+00 -1.25201979e+00 -8.87915081e-01]
 [ 1.05870529e+01  1.95753226e+00 -1.26814102e+00 -9.12915081e-01]
 [ 1.05736115e+01  2.00186932e+00 -1.28182546e+00 -9.37895715e-01]
 [ 1.05603251e+01  2.04743612e+00 -1.29348806e+00 -9.62379264e-01]
 [ 1.05471781e+01  2.09433566e+00 -1.30325817e+00 -9.87014836e-01]
 [ 1.05341295e+01  2.14261699e+00 -1.31137136e+00 -1.01242652e+00]
 [ 1.05211383e+01  2.19228553e+00 -1.31806501e+00 -1.03856021e+00]
 [ 1.05081635e+01  2.24330305e+00 -1.32357835e+00 -1.06468358e+00]
 [ 1.04951641e+01  2.29558769e+00 -1.32815239e+00 -1.08938613e+00]
 [ 1.04820990e+01  2.34901396e+00 -1.33203000e+00 -1.11057912e+00]
 [ 1.04695380e+01  2.40214522e+00 -1.38010518e+00 -1.11212739e+00]
 [ 1.04613089e+01  2.45657923e+00 -1.47928867e+00 -1.08849487e+00]
 [ 1.04589037e+01  2.51621110e+00 -1.51951094e+00 -1.07387683e+00]
 [ 1.04587897e+01  2.57788840e+00 -1.48684692e+00 -1.08151090e+00]
 [ 1.04540885e+01  2.63377498e+00 -1.45400164e+00 -1.10192565e+00]
 [ 1.04469816e+01  2.68886689e+00 -1.43158301e+00 -1.11972525e+00]
 [ 1.04386197e+01  2.74460674e+00 -1.41268317e+00 -1.13427427e+00]
 [ 1.04291778e+01  2.80084897e+00 -1.39672639e+00 -1.14616463e+00]
 [ 1.04188172e+01  2.85746515e+00 -1.38321500e+00 -1.15593607e+00]
 [ 1.04076925e+01  2.91433194e+00 -1.37172127e+00 -1.16412282e+00]
 [ 1.03959020e+01  2.97143087e+00 -1.36196020e+00 -1.17088324e+00]
 [ 1.03835282e+01  3.02875179e+00 -1.35368819e+00 -1.17633352e+00]
 [ 1.03706487e+01  3.08627014e+00 -1.34668218e+00 -1.18062912e+00]
 [ 1.03573365e+01  3.14394693e+00 -1.34073957e+00 -1.18396474e+00]
 [ 1.03436594e+01  3.20172872e+00 -1.33567830e+00 -1.18657434e+00]
 [ 1.03296806e+01  3.25954767e+00 -1.33133679e+00 -1.18873112e+00]
 [ 1.03154807e+01  3.31677420e+00 -1.32856962e+00 -1.10993084e+00]
 [ 1.03044140e+01  3.36430205e+00 -1.32864095e+00 -8.60134121e-01]
 [ 1.02952819e+01  3.40127392e+00 -1.32864095e+00 -6.69719135e-01]
 [ 1.02881482e+01  3.43015487e+00 -1.32864095e+00 -5.20974494e-01]
 [ 1.02826198e+01  3.45253698e+00 -1.32864095e+00 -4.05700663e-01]
 [ 1.02783462e+01  3.46983897e+00 -1.32864095e+00 -3.16590804e-01]
 [ 1.02750030e+01  3.48337383e+00 -1.32864095e+00 -2.46882638e-01]
 [ 1.02723765e+01  3.49400726e+00 -1.32864095e+00 -1.92117635e-01]
 [ 1.02703369e+01  3.50226503e+00 -1.32864095e+00 -1.49587896e-01]
 [ 1.02687574e+01  3.50865941e+00 -1.32864095e+00 -1.16655136e-01]
 [ 1.02675238e+01  3.51365390e+00 -1.32864095e+00 -9.09321802e-02]
 [ 1.02665563e+01  3.51757075e+00 -1.32864095e+00 -7.07593362e-02]
 [ 1.02658051e+01  3.52061222e+00 -1.32864095e+00 -5.50949648e-02]
 [ 1.02652234e+01  3.52296704e+00 -1.32864095e+00 -4.29669939e-02]
 [ 1.02647691e+01  3.52480635e+00 -1.32864095e+00 -3.34940594e-02]
 [ 1.02644127e+01  3.52624909e+00 -1.32864095e+00 -2.60635538e-02]
 [ 1.02641360e+01  3.52736945e+00 -1.32864095e+00 -2.02934203e-02]
 [ 1.02639218e+01  3.52823683e+00 -1.32864095e+00 -1.58261688e-02]
 [ 1.02637544e+01  3.52891424e+00 -1.32864095e+00 -1.23373634e-02]
 [ 1.02636232e+01  3.52944568e+00 -1.32864095e+00 -9.60029206e-03]
 [ 1.02635212e+01  3.52985840e+00 -1.32864095e+00 -7.47468218e-03]
 [ 1.02634423e+01  3.53017788e+00 -1.32864095e+00 -5.82925169e-03]
 [ 1.02633807e+01  3.53042732e+00 -1.32864095e+00 -4.54457042e-03]
 [ 1.02633323e+01  3.53062310e+00 -1.32864095e+00 -3.53626371e-03]
 [ 1.02632948e+01  3.53077516e+00 -1.32864095e+00 -2.75308874e-03]
 [ 1.02632657e+01  3.53089284e+00 -1.32864095e+00 -2.14703790e-03]
 [ 1.02632430e+01  3.53098464e+00 -1.32864095e+00 -1.67422672e-03]
 [ 1.02632253e+01  3.53105655e+00 -1.32864095e+00 -1.30388961e-03]]

Simulation interrupted by user.
Simulation complete.
Total steps: 141
